Set paper size 	419.5275636	595.275597
Begin page
Mx 	40.9764
My 	37.8038
Set font 	Noto Sans Ethiopic;10;400;;normal;;LTR
T	222 59 196 488	(የሰው፡)
Mx 	68.2828
T	25 251 488	(ልጅ፡)
Mx 	89.7091
T	14 21 488	(ሁሉ፡)
Mx 	111.6555
T	61 191 20 235 488	(ሲወለድ፡)
Mx 	147.5019
T	143 300 145 488	(ነጻና፡)
Mx 	170.1383
T	99 171 104 56 145 488	(በክብርና፡)
Mx 	207.5547
T	99 36 104 120 40 488	(በመብትም፡)
Mx 	253.6011
T	163 167 25 143 120 488	(እኩልነት፡)
Mx 	290.8074
T	225 20 196 488	(ያለው፡)
Mx 	317.4738
T	143 196 482	(ነው።)
Mx 	355.1248
T	488	(፡)
Mx 	363.0512
T	222 115 313 280 57 488	(የተፈጥሮ፡)
Mx 	20.9764
My 	49.8038
T	38 64 115 194 25 145 488	(ማስተዋልና፡)
Mx 	65.2380
T	33 22 145 488	(ሕሊና፡)
Mx 	90.2496
T	64 23 20 196 488	(ስላለው፡)
Mx 	122.3313
T	158 147 231 488	(አንዱ፡)
Mx 	146.6529
T	24 23 196 147 488	(ሌላውን፡)
Mx 	178.3545
T	99 191 147 235 38 38 128 143 120 488	(በወንድማማችነት፡)
Mx 	244.5861
T	36 147 313 64 488	(መንፈስ፡)
Mx 	277.2877
T	36 36 25 166 120 488	(መመልከት፡)
Mx 	321.1994
T	227 254 102 194 25 482	(ይገባዋል።)
Mx 	40.9764
My 	61.8038
T	222 59 196	(የሰው)
Mx 	63.3954
T	488	(፡)
Mx 	69.1144
T	25 251	(ልጅ)
Mx 	85.6534
T	488	(፡)
Mx 	91.3724
T	14 21	(ሁሉ)
Mx 	108.4315
T	488	(፡)
Mx 	114.1505
T	61 191 20 235	(ሲወለድ)
Mx 	145.1095
T	488	(፡)
Mx 	150.8285
T	143 300 145	(ነጻና)
Mx 	168.5775
T	488	(፡)
Mx 	174.2965
T	99 171 104 56 145	(በክብርና)
Mx 	206.8255
T	488	(፡)
Mx 	212.5446
T	99 36 104 120 40	(በመብትም)
Mx 	253.7036
T	488	(፡)
Mx 	259.4226
T	163 167 25 143 120	(እኩልነት)
Mx 	291.7416
T	488	(፡)
Mx 	297.4606
T	225 20 196	(ያለው)
Mx 	319.2396
T	488	(፡)
Mx 	324.9586
T	143 196	(ነው)
Mx 	343.4765
T	482	(።)
Mx 	360.0122
T	488	(፡)
Mx 	365.7312
T	222 115 313 280 57	(የተፈጥሮ)
Mx 	20.9764
My 	73.8038
T	488	(፡)
Mx 	26.8730
T	38 64 115 194 25 145	(ማስተዋልና)
Mx 	68.4495
T	488	(፡)
Mx 	74.3461
T	33 22 145	(ሕሊና)
Mx 	96.6727
T	488	(፡)
Mx 	102.5693
T	64 23 20 196	(ስላለው)
Mx 	131.9658
T	488	(፡)
Mx 	137.8624
T	158 147 231	(አንዱ)
Mx 	159.4990
T	488	(፡)
Mx 	165.3956
T	24 23 196 147	(ሌላውን)
Mx 	194.4122
T	488	(፡)
Mx 	200.3087
T	99 191 147 235 38 38 128 143 120	(በወንድማማችነት)
Mx 	263.8553
T	488	(፡)
Mx 	269.7519
T	36 147 313 64	(መንፈስ)
Mx 	299.7685
T	488	(፡)
Mx 	305.6650
T	36 36 25 166 120	(መመልከት)
Mx 	346.8916
T	488	(፡)
Mx 	352.7882
T	227 254 102 194 25	(ይገባዋል)
Mx 	389.1813
T	482	(።)
Mx 	207.4176
My 	553.7327
Set font 	Gentium Plus;10;400;;normal;;LTR
T	20	(1)
End page
Finish
