Set paper size 	209.7637818	297.6377985
Begin page
Mx 	30.6255
My 	22.8702
Set font 	Gentium Plus;10;400;;normal;;;LTR
T	997 86 87 68 81 69 88 79 10 71 68 81 w=51.2842	(İstanbul'dan)
Mx 	83.8182
T	997 86 68 10 92 68 w=23.4521	(İsa'ya)
Mx 	109.1789
T	997 93 80 76 85 10 71 72 w=34.2432	(İzmir'de)
Mx 	145.3306
T	50 10 81 88 w=19.3164	(O'nu)
Mx 	166.5555
T	48 129 77 w=15.9473	(Müj)
Mx 	182.5028
T	16 w=3.3691	(-)
Mx 	30.6255
My 	35.8702
T	71 72 w=9.8193	(de)
Mx 	40.4448
T	86 76 w=6.5723	(si)
Mx 	47.0171
T	10 w=2.5000	(')
Mx 	49.5171
T	81 76 81 w=13.7451	(nin)
Mx 	67.6749
T	997 86 68 10 81 215 81 w=27.6758	(İsa'nın)
Mx 	99.7633
T	36 73 w=9.0625	(Af)
Mx 	108.8258
T	92 82 81 w=15.4785	(yon)
Mx 	124.3043
T	78 68 w=9.4678	(ka)
Mx 	133.7721
T	85 68 w=8.5498	(ra)
Mx 	142.3219
T	75 76 w=8.2275	(hi)
Mx 	150.5494
T	86 68 85 w=12.4121	(sar)
Mx 	162.9615
T	10 w=2.5000	(')
Mx 	165.4615
T	71 68 81 w=15.3076	(dan)
Mx 	180.7691
T	16 w=3.3691	(-)
Mx 	30.6255
My 	48.8702
T	80 215 1578 w=14.6045	(mış)
Mx 	47.4876
T	38 68 81 10 68 w=22.5586	(Can'a)
Mx 	70.0462
T	17 w=2.2900	(.)
Mx 	74.5938
T	997 86 87 68 81 69 88 79 10 71 68 81 w=51.2842	(İstanbul'dan)
Mx 	128.1356
T	997 86 68 10 92 68 w=23.4521	(İsa'ya)
Mx 	153.8453
T	997 93 w=7.2217	(İz)
Mx 	161.0670
T	80 76 85 w=14.7021	(mir)
Mx 	175.7691
T	16 w=3.3691	(-)
Mx 	30.6255
My 	61.8702
T	71 72 w=9.8193	(de)
Mx 	44.2466
T	50 10 81 88 w=19.3164	(O'nu)
Mx 	67.3648
T	48 129 77 71 72 86 76 10 81 76 81 w=48.5840	(Müjdesi'nin)
Mx 	119.7506
T	997 86 68 10 81 215 81 w=27.6758	(İsa'nın)
Mx 	151.2281
T	36 73 w=9.0625	(Af)
Mx 	160.2906
T	92 82 81 w=15.4785	(yon)
Mx 	175.7691
T	16 w=3.3691	(-)
Mx 	30.6255
My 	74.8702
T	78 68 w=9.4678	(ka)
Mx 	40.0933
T	85 68 w=8.5498	(ra)
Mx 	48.6431
T	75 76 w=8.2275	(hi)
Mx 	56.8706
T	86 68 85 w=12.4121	(sar)
Mx 	69.2827
T	10 w=2.5000	(')
Mx 	71.7827
T	71 68 81 w=15.3076	(dan)
Mx 	87.0904
T	80 215 1578 w=14.6045	(mış)
Mx 	103.6034
T	38 68 81 10 68 w=22.5586	(Can'a)
Mx 	126.1620
T	17 w=2.2900	(.)
Mx 	130.3605
T	997 86 87 68 81 69 88 79 10 71 68 81 w=51.2842	(İstanbul'dan)
Mx 	30.6255
My 	87.8702
T	997 86 68 10 92 68 w=23.4521	(İsa'ya)
Mx 	56.1070
T	997 93 80 76 85 10 71 72 w=34.2432	(İzmir'de)
Mx 	92.3794
T	50 10 81 88 w=19.3164	(O'nu)
Mx 	113.7252
T	48 129 77 71 72 86 76 10 81 76 81 w=48.5840	(Müjdesi'nin)
Mx 	164.3385
T	997 86 68 w=11.4307	(İsa)
Mx 	175.7691
T	16 w=3.3691	(-)
Mx 	30.6255
My 	100.8702
T	81 215 81 w=13.7451	(nın)
Mx 	46.2792
T	36 73 92 82 81 78 68 85 68 75 76 86 68 85 10 71 68 81 80 215 1578 w=95.6104	(Afyonkarahisar'danmış)
Mx 	143.7980
T	38 68 81 10 68 w=22.5586	(Can'a)
Mx 	166.3566
T	17 w=2.2900	(.)
Mx 	170.5552
T	997 86 w=6.8408	(İs)
Mx 	177.3960
T	16 w=3.3691	(-)
Mx 	30.6255
My 	113.8702
T	87 68 81 w=13.5498	(tan)
Mx 	44.1753
T	69 88 79 w=13.0859	(bul)
Mx 	57.2613
T	10 w=2.5000	(')
Mx 	59.7613
T	71 68 81 w=15.3076	(dan)
Mx 	77.6292
T	997 86 68 10 92 68 w=23.4521	(İsa'ya)
Mx 	103.6417
T	997 93 80 76 85 10 71 72 w=34.2432	(İzmir'de)
Mx 	140.4451
T	50 10 81 88 w=19.3164	(O'nu)
Mx 	162.3219
T	48 129 77 w=15.9473	(Müj)
Mx 	178.2691
T	16 w=3.3691	(-)
Mx 	30.6255
My 	126.8702
T	71 72 w=9.8193	(de)
Mx 	40.4448
T	86 76 w=6.5723	(si)
Mx 	47.0171
T	10 w=2.5000	(')
Mx 	49.5171
T	81 76 81 w=13.7451	(nin)
Mx 	67.6749
T	997 86 68 10 81 215 81 w=27.6758	(İsa'nın)
Mx 	99.7633
T	36 73 w=9.0625	(Af)
Mx 	108.8258
T	92 82 81 w=15.4785	(yon)
Mx 	124.3043
T	78 68 w=9.4678	(ka)
Mx 	133.7721
T	85 68 w=8.5498	(ra)
Mx 	142.3219
T	75 76 w=8.2275	(hi)
Mx 	150.5494
T	86 68 85 w=12.4121	(sar)
Mx 	162.9615
T	10 w=2.5000	(')
Mx 	165.4615
T	71 68 81 w=15.3076	(dan)
Mx 	180.7691
T	16 w=3.3691	(-)
Mx 	30.6255
My 	139.8702
T	80 215 1578 w=14.6045	(mış)
Mx 	47.4876
T	38 68 81 10 68 w=22.5586	(Can'a)
Mx 	70.0462
T	17 w=2.2900	(.)
Mx 	74.5938
T	997 86 87 68 81 69 88 79 10 71 68 81 w=51.2842	(İstanbul'dan)
Mx 	128.1356
T	997 86 68 10 92 68 w=23.4521	(İsa'ya)
Mx 	153.8453
T	997 93 w=7.2217	(İz)
Mx 	161.0670
T	80 76 85 w=14.7021	(mir)
Mx 	175.7691
T	16 w=3.3691	(-)
Mx 	30.6255
My 	152.8702
T	71 72 w=9.8193	(de)
Mx 	44.2466
T	50 10 81 88 w=19.3164	(O'nu)
Mx 	67.3648
T	48 129 77 71 72 86 76 10 81 76 81 w=48.5840	(Müjdesi'nin)
Mx 	119.7506
T	997 86 68 10 81 215 81 w=27.6758	(İsa'nın)
Mx 	151.2281
T	36 73 w=9.0625	(Af)
Mx 	160.2906
T	92 82 81 w=15.4785	(yon)
Mx 	175.7691
T	16 w=3.3691	(-)
Mx 	30.6255
My 	165.8702
T	78 68 w=9.4678	(ka)
Mx 	40.0933
T	85 68 w=8.5498	(ra)
Mx 	48.6431
T	75 76 w=8.2275	(hi)
Mx 	56.8706
T	86 68 85 w=12.4121	(sar)
Mx 	69.2827
T	10 w=2.5000	(')
Mx 	71.7827
T	71 68 81 w=15.3076	(dan)
Mx 	87.0904
T	80 215 1578 w=14.6045	(mış)
Mx 	103.6034
T	38 68 81 10 68 w=22.5586	(Can'a)
Mx 	126.1620
T	17 w=2.2900	(.)
Mx 	130.3605
T	997 86 87 68 81 69 88 79 10 71 68 81 w=51.2842	(İstanbul'dan)
Mx 	30.6255
My 	178.8702
T	997 86 68 10 92 68 w=23.4521	(İsa'ya)
Mx 	56.1070
T	997 93 80 76 85 10 71 72 w=34.2432	(İzmir'de)
Mx 	92.3794
T	50 10 81 88 w=19.3164	(O'nu)
Mx 	113.7252
T	48 129 77 71 72 86 76 10 81 76 81 w=48.5840	(Müjdesi'nin)
Mx 	164.3385
T	997 86 68 w=11.4307	(İsa)
Mx 	175.7691
T	16 w=3.3691	(-)
Mx 	30.6255
My 	191.8702
T	81 215 81 w=13.7451	(nın)
Mx 	46.2792
T	36 73 92 82 81 78 68 85 68 75 76 86 68 85 10 71 68 81 80 215 1578 w=95.6104	(Afyonkarahisar'danmış)
Mx 	143.7980
T	38 68 81 10 68 w=22.5586	(Can'a)
Mx 	166.3566
T	17 w=2.2900	(.)
Mx 	170.5552
T	997 86 w=6.8408	(İs)
Mx 	177.3960
T	16 w=3.3691	(-)
Mx 	30.6255
My 	204.8702
T	87 68 81 w=13.5498	(tan)
Mx 	44.1753
T	69 88 79 w=13.0859	(bul)
Mx 	57.2613
T	10 w=2.5000	(')
Mx 	59.7613
T	71 68 81 w=15.3076	(dan)
Mx 	77.6292
T	997 86 68 10 92 68 w=23.4521	(İsa'ya)
Mx 	103.6417
T	997 93 80 76 85 10 71 72 w=34.2432	(İzmir'de)
Mx 	140.4451
T	50 10 81 88 w=19.3164	(O'nu)
Mx 	162.3219
T	48 129 77 w=15.9473	(Müj)
Mx 	178.2691
T	16 w=3.3691	(-)
Mx 	30.6255
My 	217.8702
T	71 72 w=9.8193	(de)
Mx 	40.4448
T	86 76 w=6.5723	(si)
Mx 	47.0171
T	10 w=2.5000	(')
Mx 	49.5171
T	81 76 81 w=13.7451	(nin)
Mx 	67.6749
T	997 86 68 10 81 215 81 w=27.6758	(İsa'nın)
Mx 	99.7633
T	36 73 w=9.0625	(Af)
Mx 	108.8258
T	92 82 81 w=15.4785	(yon)
Mx 	124.3043
T	78 68 w=9.4678	(ka)
Mx 	133.7721
T	85 68 w=8.5498	(ra)
Mx 	142.3219
T	75 76 w=8.2275	(hi)
Mx 	150.5494
T	86 68 85 w=12.4121	(sar)
Mx 	162.9615
T	10 w=2.5000	(')
Mx 	165.4615
T	71 68 81 w=15.3076	(dan)
Mx 	180.7691
T	16 w=3.3691	(-)
Mx 	30.6255
My 	230.8702
T	80 215 1578 w=14.6045	(mış)
Mx 	47.4876
T	38 68 81 10 68 w=22.5586	(Can'a)
Mx 	70.0462
T	17 w=2.2900	(.)
Mx 	74.5938
T	997 86 87 68 81 69 88 79 10 71 68 81 w=51.2842	(İstanbul'dan)
Mx 	128.1356
T	997 86 68 10 92 68 w=23.4521	(İsa'ya)
Mx 	153.8453
T	997 93 w=7.2217	(İz)
Mx 	161.0670
T	80 76 85 w=14.7021	(mir)
Mx 	175.7691
T	16 w=3.3691	(-)
Mx 	30.6255
My 	243.8702
T	71 72 w=9.8193	(de)
Mx 	44.2466
T	50 10 81 88 w=19.3164	(O'nu)
Mx 	67.3648
T	48 129 77 71 72 86 76 10 81 76 81 w=48.5840	(Müjdesi'nin)
Mx 	119.7506
T	997 86 68 10 81 215 81 w=27.6758	(İsa'nın)
Mx 	151.2281
T	36 73 w=9.0625	(Af)
Mx 	160.2906
T	92 82 81 w=15.4785	(yon)
Mx 	175.7691
T	16 w=3.3691	(-)
Mx 	30.6255
My 	256.8702
T	78 68 w=9.4678	(ka)
Mx 	40.0933
T	85 68 w=8.5498	(ra)
Mx 	48.6431
T	75 76 w=8.2275	(hi)
Mx 	56.8706
T	86 68 85 w=12.4121	(sar)
Mx 	69.2827
T	10 w=2.5000	(')
Mx 	71.7827
T	71 68 81 w=15.3076	(dan)
Mx 	87.0904
T	80 215 1578 w=14.6045	(mış)
Mx 	104.3432
T	38 68 81 10 68 w=22.5586	(Can'a)
Mx 	126.9018
T	17 w=2.2900	(.)
New page
Mx 	10.4882
My 	22.4502
T	48 129 77 71 72 86 76 10 81 76 81 w=48.5840	(Müjdesi'nin)
Mx 	61.5440
T	80 129 77 71 72 86 76 10 81 76 81 w=48.5547	(müjdesi'nin)
Mx 	112.5704
T	80 129 77 71 72 86 76 10 81 76 81 w=48.5547	(müjdesi'nin)
Mx 	163.5969
T	80 129 77 w=15.9180	(müj)
Mx 	179.5149
T	71 72 w=9.8193	(de)
Mx 	189.3342
T	86 76 w=6.5723	(si)
Mx 	195.9065
T	16 w=3.3691	(-)
Mx 	10.4882
My 	35.4502
T	81 76 81 w=13.7451	(nin)
Mx 	26.7561
T	80 129 77 71 72 86 76 10 81 76 81 w=48.5547	(müjdesi'nin)
Mx 	77.8336
T	80 129 77 71 72 86 76 10 81 76 81 w=48.5547	(müjdesi'nin)
Mx 	128.9110
T	80 129 77 71 72 86 76 10 81 76 81 w=48.5547	(müjdesi'nin)
Mx 	179.9885
T	80 129 77 w=15.9180	(müj)
Mx 	195.9065
T	16 w=3.3691	(-)
Mx 	10.4882
My 	48.4502
T	71 72 w=9.8193	(de)
Mx 	20.3075
T	86 76 w=6.5723	(si)
Mx 	26.8798
T	10 w=2.5000	(')
Mx 	29.3798
T	81 76 81 w=13.7451	(nin)
Mx 	47.4538
T	80 129 77 71 72 86 76 10 81 76 81 w=48.5547	(müjdesi'nin)
Mx 	100.3373
T	80 129 77 71 72 86 76 10 81 76 81 w=48.5547	(müjdesi'nin)
Mx 	153.2209
T	80 129 77 71 72 86 76 10 81 76 81 w=48.5547	(müjdesi'nin)
Mx 	10.4882
My 	61.4502
T	80 129 77 71 72 86 76 10 81 76 81 w=48.5547	(müjdesi'nin)
Mx 	61.5244
T	80 129 77 71 72 86 76 10 81 76 81 w=48.5547	(müjdesi'nin)
Mx 	112.5607
T	80 129 77 71 72 86 76 10 81 76 81 w=48.5547	(müjdesi'nin)
Mx 	163.5969
T	80 129 77 w=15.9180	(müj)
Mx 	179.5149
T	71 72 w=9.8193	(de)
Mx 	189.3342
T	86 76 w=6.5723	(si)
Mx 	195.9065
T	16 w=3.3691	(-)
Mx 	10.4882
My 	74.4502
T	81 76 81 w=13.7451	(nin)
Mx 	26.7561
T	80 129 77 71 72 86 76 10 81 76 81 w=48.5547	(müjdesi'nin)
Mx 	77.8336
T	80 129 77 71 72 86 76 10 81 76 81 w=48.5547	(müjdesi'nin)
Mx 	128.9110
T	80 129 77 71 72 86 76 10 81 76 81 w=48.5547	(müjdesi'nin)
Mx 	179.9885
T	80 129 77 w=15.9180	(müj)
Mx 	195.9065
T	16 w=3.3691	(-)
Mx 	10.4882
My 	87.4502
T	71 72 w=9.8193	(de)
Mx 	20.3075
T	86 76 w=6.5723	(si)
Mx 	26.8798
T	10 w=2.5000	(')
Mx 	29.3798
T	81 76 81 w=13.7451	(nin)
Mx 	43.1249
T	17 w=2.2900	(.)
Mx 	10.4882
My 	101.4502
T	48 129 77 71 72 86 76 183 81 76 81 w=48.3740	(Müjdesi’nin)
Mx 	61.5440
T	80 129 77 71 72 86 76 183 81 76 81 w=48.3447	(müjdesi’nin)
Mx 	112.5704
T	80 129 77 71 72 86 76 183 81 76 81 w=48.3447	(müjdesi’nin)
Mx 	163.5969
T	80 129 77 w=15.9180	(müj)
Mx 	179.5149
T	71 72 w=9.8193	(de)
Mx 	189.3342
T	86 76 w=6.5723	(si)
Mx 	195.9065
T	16 w=3.3691	(-)
Mx 	10.4882
My 	114.4502
T	81 76 81 w=13.7451	(nin)
Mx 	26.9136
T	80 129 77 71 72 86 76 183 81 76 81 w=48.3447	(müjdesi’nin)
Mx 	77.9385
T	80 129 77 71 72 86 76 183 81 76 81 w=48.3447	(müjdesi’nin)
Mx 	128.9635
T	80 129 77 71 72 86 76 183 81 76 81 w=48.3447	(müjdesi’nin)
Mx 	179.9885
T	80 129 77 w=15.9180	(müj)
Mx 	195.9065
T	16 w=3.3691	(-)
Mx 	10.4882
My 	127.4502
T	71 72 w=9.8193	(de)
Mx 	20.3075
T	86 76 w=6.5723	(si)
Mx 	26.8798
T	183 w=2.2900	(’)
Mx 	29.1698
T	81 76 81 w=13.7451	(nin)
Mx 	47.4538
T	80 129 77 71 72 86 76 183 81 76 81 w=48.3447	(müjdesi’nin)
Mx 	100.3373
T	80 129 77 71 72 86 76 183 81 76 81 w=48.3447	(müjdesi’nin)
Mx 	153.2209
T	80 129 77 71 72 86 76 183 81 76 81 w=48.3447	(müjdesi’nin)
Mx 	10.4882
My 	140.4502
T	80 129 77 71 72 86 76 183 81 76 81 w=48.3447	(müjdesi’nin)
Mx 	61.5244
T	80 129 77 71 72 86 76 183 81 76 81 w=48.3447	(müjdesi’nin)
Mx 	112.5607
T	80 129 77 71 72 86 76 183 81 76 81 w=48.3447	(müjdesi’nin)
Mx 	163.5969
T	80 129 77 w=15.9180	(müj)
Mx 	179.5149
T	71 72 w=9.8193	(de)
Mx 	189.3342
T	86 76 w=6.5723	(si)
Mx 	195.9065
T	16 w=3.3691	(-)
Mx 	10.4882
My 	153.4502
T	81 76 81 w=13.7451	(nin)
Mx 	26.9136
T	80 129 77 71 72 86 76 183 81 76 81 w=48.3447	(müjdesi’nin)
Mx 	77.9385
T	80 129 77 71 72 86 76 183 81 76 81 w=48.3447	(müjdesi’nin)
Mx 	128.9635
T	80 129 77 71 72 86 76 183 81 76 81 w=48.3447	(müjdesi’nin)
Mx 	179.9885
T	80 129 77 w=15.9180	(müj)
Mx 	195.9065
T	16 w=3.3691	(-)
Mx 	10.4882
My 	166.4502
T	71 72 w=9.8193	(de)
Mx 	20.3075
T	86 76 w=6.5723	(si)
Mx 	26.8798
T	183 w=2.2900	(’)
Mx 	29.1698
T	81 76 81 w=13.7451	(nin)
Mx 	42.9149
T	17 w=2.2900	(.)
Mx 	10.4882
My 	180.4502
T	36 92 w=10.8838	(Ay)
Mx 	21.3720
T	92 215 79 w=10.3516	(yıl)
Mx 	31.7235
T	71 215 93 w=12.1533	(dız)
Mx 	43.8769
T	79 215 w=5.4199	(lı)
Mx 	49.2968
T	78 215 85 w=11.5479	(kır)
Mx 	60.8446
T	80 215 w=10.7422	(mı)
Mx 	71.5868
T	93 215 w=6.9531	(zı)
Mx 	78.5399
T	69 68 92 w=14.5996	(bay)
Mx 	93.1396
T	85 68 78 w=13.4277	(rak)
Mx 	106.5673
T	87 68 w=8.0322	(ta)
Mx 	114.5995
T	1578 215 w=6.5723	(şı)
Mx 	121.1718
T	92 68 81 w=15.0391	(yan)
Mx 	136.2108
T	78 68 75 w=14.9854	(kah)
Mx 	151.1962
T	85 68 w=8.5498	(ra)
Mx 	159.7460
T	80 68 w=12.6221	(ma)
Mx 	172.3681
T	81 82 w=10.5469	(no)
Mx 	182.9149
T	785 88 79 w=12.8857	(ğul)
Mx 	195.8007
T	79 68 w=7.2998	(la)
Mx 	203.1005
T	16 w=3.3691	(-)
Mx 	10.4882
My 	193.4502
T	85 215 81 w=12.1875	(rın)
Mx 	22.6757
T	71 68 81 w=15.3076	(dan)
Mx 	37.9833
T	74 76 79 w=10.2979	(gil)
Mx 	48.2812
T	79 72 85 w=11.2891	(ler)
Mx 	59.5702
T	86 76 93 w=10.8154	(siz)
Mx 	70.3857
T	79 72 1578 w=11.1914	(leş)
Mx 	81.5771
T	87 76 w=6.1523	(ti)
Mx 	87.7294
T	85 76 w=6.6699	(ri)
Mx 	94.3993
T	70 76 w=7.0801	(ci)
Mx 	101.4794
T	79 72 1578 w=11.1914	(leş)
Mx 	112.6708
T	87 76 w=6.1523	(ti)
Mx 	118.8232
T	85 76 w=6.6699	(ri)
Mx 	125.4931
T	89 72 w=9.5508	(ve)
Mx 	135.0439
T	85 72 w=8.5791	(re)
Mx 	143.6230
T	80 72 w=12.6514	(me)
Mx 	156.2743
T	92 72 w=9.5508	(ye)
Mx 	165.8251
T	69 76 w=7.7881	(bi)
Mx 	173.6132
T	79 72 w=7.3291	(le)
Mx 	180.9423
T	70 72 78 w=13.8672	(cek)
Mx 	194.8095
T	79 72 w=7.3291	(le)
Mx 	202.1386
T	16 w=3.3691	(-)
Mx 	10.4882
My 	206.4502
T	85 76 w=6.6699	(ri)
Mx 	17.1581
T	80 76 93 w=14.9854	(miz)
Mx 	32.1435
T	71 72 81 w=15.3369	(den)
Mx 	47.4804
T	80 76 1578 w=14.6045	(miş)
Mx 	62.0849
T	86 76 w=6.5723	(si)
Mx 	68.6571
T	81 76 93 w=12.4707	(niz)
Mx 	81.1278
T	70 72 w=8.9893	(ce)
Mx 	90.1171
T	86 76 w=6.5723	(si)
Mx 	96.6894
T	81 72 w=10.1367	(ne)
Mx 	106.8261
T	71 76 85 w=11.8701	(dir)
Mx 	118.6962
T	17 w=2.2900	(.)
Mx 	122.8948
T	36 73 w=9.0625	(Af)
Mx 	131.9573
T	92 82 81 w=15.4785	(yon)
Mx 	147.4358
T	78 68 w=9.4678	(ka)
Mx 	156.9036
T	85 68 w=8.5498	(ra)
Mx 	165.4534
T	75 76 w=8.2275	(hi)
Mx 	173.6809
T	86 68 85 w=12.4121	(sar)
Mx 	186.0930
T	79 215 w=5.4199	(lı)
Mx 	191.5129
T	79 68 1578 w=11.1621	(laş)
Mx 	202.6750
T	16 w=3.3691	(-)
Mx 	10.4882
My 	219.4502
T	87 215 w=6.1523	(tı)
Mx 	16.6405
T	85 68 w=8.5498	(ra)
Mx 	25.1903
T	69 76 79 w=10.4980	(bil)
Mx 	35.6884
T	71 76 78 w=12.7881	(dik)
Mx 	48.4765
T	79 72 w=7.3291	(le)
Mx 	55.8056
T	85 76 w=6.6699	(ri)
Mx 	62.4755
T	80 76 93 w=14.9854	(miz)
Mx 	77.4608
T	71 72 81 w=15.3369	(den)
Mx 	92.7978
T	80 76 1578 w=14.6045	(miş)
Mx 	107.4023
T	86 76 w=6.5723	(si)
Mx 	113.9745
T	81 76 93 w=12.4707	(niz)
Mx 	126.4452
T	70 72 w=8.9893	(ce)
Mx 	135.4345
T	86 76 81 72 w=16.7090	(sine)
Mx 	152.1435
T	17 w=2.2900	(.)
Mx 	156.3420
T	46 88 92 w=16.0107	(Kuy)
Mx 	172.3528
T	85 88 78 w=14.1357	(ruk)
Mx 	186.4885
T	86 68 79 w=11.1621	(sal)
Mx 	197.6506
T	16 w=3.3691	(-)
Mx 	10.4882
My 	232.4502
T	79 68 w=7.2998	(la)
Mx 	17.7880
T	92 68 81 w=15.0391	(yan)
Mx 	32.8271
T	74 76 79 w=10.2979	(gil)
Mx 	43.1249
T	79 72 85 w=11.2891	(ler)
Mx 	54.4140
T	86 76 93 w=10.8154	(siz)
Mx 	65.2294
T	79 72 1578 w=11.1914	(leş)
Mx 	76.4208
T	87 76 w=6.1523	(ti)
Mx 	82.5732
T	85 76 w=6.6699	(ri)
Mx 	89.2431
T	70 76 w=7.0801	(ci)
Mx 	96.3232
T	79 72 1578 w=11.1914	(leş)
Mx 	107.5146
T	87 76 w=6.1523	(ti)
Mx 	113.6669
T	85 76 w=6.6699	(ri)
Mx 	120.3368
T	89 72 w=9.5508	(ve)
Mx 	129.8876
T	85 72 w=8.5791	(re)
Mx 	138.4667
T	80 72 w=12.6514	(me)
Mx 	151.1181
T	92 72 w=9.5508	(ye)
Mx 	160.6689
T	69 76 w=7.7881	(bi)
Mx 	168.4569
T	79 72 w=7.3291	(le)
Mx 	175.7860
T	70 72 78 w=13.8672	(cek)
Mx 	189.6532
T	79 72 w=7.3291	(le)
Mx 	196.9823
T	16 w=3.3691	(-)
Mx 	10.4882
My 	245.4502
T	85 76 w=6.6699	(ri)
Mx 	17.1581
T	80 76 93 w=14.9854	(miz)
Mx 	32.1435
T	71 72 81 w=15.3369	(den)
Mx 	47.4804
T	80 76 1578 w=14.6045	(miş)
Mx 	62.0849
T	86 76 w=6.5723	(si)
Mx 	68.6571
T	81 76 93 w=12.4707	(niz)
Mx 	81.1278
T	70 72 w=8.9893	(ce)
Mx 	90.1171
T	86 76 w=6.5723	(si)
Mx 	96.6894
T	81 72 w=10.1367	(ne)
Mx 	106.8261
T	71 76 85 w=11.8701	(dir)
Mx 	118.6962
T	17 w=2.2900	(.)
New page
Mx 	10.4882
My 	22.4502
T	46 124 87 129 w=19.5508	(Kötü)
Mx 	32.7769
T	68 80 68 111 79 68 85 215 81 w=41.0693	(amaçların)
Mx 	76.5842
T	74 129 71 129 79 71 129 785 3332 w=44.0576	(güdüldüğü)
Mx 	123.3798
T	69 76 85 w=11.7480	(bir)
Mx 	137.8658
T	124 785 85 72 87 80 72 81 w=40.0977	(öğretmen)
Mx 	180.7014
T	82 78 88 w=15.2051	(oku)
Mx 	195.9065
T	16 w=3.3691	(-)
Mx 	10.4882
My 	34.4502
T	79 88 81 w=13.5254	(lun)
Mx 	24.0136
T	71 68 w=9.7900	(da)
Mx 	33.8036
T	92 215 93 w=11.8848	(yız)
Mx 	45.6884
T	17 w=2.2900	(.)
Mx 	49.8870
T	60 72 87 76 1578 87 76 85 76 79 72 81 w=46.2451	(Yetiştirilen)
Mx 	98.0406
T	124 785 85 72 87 80 72 81 79 72 85 72 w=56.0059	(öğretmenlere)
Mx 	155.9550
T	124 785 85 72 81 70 76 79 72 85 76 w=45.0830	(öğrencileri)
Mx 	10.4882
My 	46.4502
T	81 68 86 215 79 w=19.3896	(nasıl)
Mx 	32.0181
T	80 88 89 68 747 68 78 76 92 72 87 86 76 93 79 72 1578 87 76 85 72 70 72 78 79 72 85 76 w=118.8477	(muvaffakiyetsizleştirecekleri)
Mx 	153.0061
T	124 785 85 72 87 76 79 76 92 82 85 w=43.9795	(öğretiliyor)
Mx 	196.9856
T	17 w=2.2900	(.)
Mx 	10.4882
My 	58.4502
T	60 68 81 76 w=18.7598	(Yani)
Mx 	33.4287
T	124 785 85 72 87 80 72 81 79 72 85 w=51.3867	(öğretmenler)
Mx 	88.9962
T	69 76 85 72 85 w=20.3271	(birer)
Mx 	113.5041
T	80 88 w=13.3301	(mu)
Mx 	126.8342
T	89 68 73 w=12.6318	(vaf)
Mx 	139.4660
T	73 68 w=7.7002	(fa)
Mx 	147.1662
T	78 76 w=7.5879	(ki)
Mx 	154.7541
T	92 72 87 w=12.9932	(yet)
Mx 	167.7473
T	86 76 93 w=10.8154	(siz)
Mx 	178.5627
T	79 72 1578 w=11.1914	(leş)
Mx 	189.7541
T	87 76 w=6.1523	(ti)
Mx 	195.9065
T	16 w=3.3691	(-)
Mx 	10.4882
My 	70.4502
T	85 76 70 76 w=13.7500	(rici)
Mx 	26.1467
T	82 79 68 85 68 78 w=25.7568	(olarak)
Mx 	53.8121
T	92 72 87 76 1578 87 76 85 76 79 76 92 82 85 79 68 85 w=62.9883	(yetiştiriliyorlar)
Mx 	116.8004
T	17 w=2.2900	(.)
Mx 	120.9989
T	41 68 78 68 87 w=22.2803	(Fakat)
Mx 	145.1877
T	124 785 w=9.9072	(öğ)
Mx 	155.0950
T	85 72 87 w=12.0215	(ret)
Mx 	167.1164
T	80 72 81 w=18.1689	(men)
Mx 	185.2854
T	79 72 85 w=11.2891	(ler)
Mx 	196.5745
T	16 w=3.3691	(-)
Mx 	10.4882
My 	82.4502
T	71 72 81 w=15.3369	(den)
Mx 	29.5246
T	69 76 85 76 w=14.4580	(biri)
Mx 	47.6822
T	80 88 89 68 747 68 78 76 92 72 87 86 76 93 79 72 1578 87 76 85 76 70 76 w=96.1523	(muvaffakiyetsizleştirici)
Mx 	147.5341
T	82 79 80 68 92 215 w=28.0029	(olmayı)
Mx 	175.5370
T	15 w=2.2900	(,)
Mx 	181.5266
T	92 68 81 76 w=17.7490	(yani)
Mx 	10.4882
My 	94.4502
T	80 88 89 68 747 68 78 76 92 72 87 86 76 93 79 72 1578 87 76 85 76 70 76 79 72 1578 87 76 85 76 79 80 72 92 76 w=143.1689	(muvaffakiyetsizleştiricileştirilmeyi)
Mx 	155.5657
T	85 72 71 71 72 71 76 92 82 85 w=45.4297	(reddediyor)
Mx 	200.9954
T	15 w=2.2900	(,)
Mx 	10.4882
My 	106.4502
T	69 88 w=10.3760	(bu)
Mx 	23.9604
T	78 82 81 88 71 68 w=30.5127	(konuda)
Mx 	57.5693
T	76 79 72 85 76 w=16.7090	(ileri)
Mx 	77.3746
T	74 72 85 76 w=16.1670	(geri)
Mx 	96.6378
T	78 82 81 88 1578 88 92 82 85 w=43.8037	(konuşuyor)
Mx 	140.4415
T	17 w=2.2900	(.)
Mx 	145.8278
T	37 129 87 129 81 w=25.0537	(Bütün)
Mx 	173.9777
T	124 785 w=9.9072	(öğ)
Mx 	183.8850
T	85 72 87 w=12.0215	(ret)
Mx 	195.9065
T	16 w=3.3691	(-)
Mx 	10.4882
My 	118.4502
T	80 72 81 w=18.1689	(men)
Mx 	28.6571
T	79 72 85 76 w=13.9990	(leri)
Mx 	46.9839
T	78 82 79 68 92 70 68 w=31.0986	(kolayca)
Mx 	82.4104
T	80 88 w=13.3301	(mu)
Mx 	95.7404
T	89 68 73 w=12.6318	(vaf)
Mx 	108.3723
T	73 68 w=7.7002	(fa)
Mx 	116.0725
T	78 76 w=7.5879	(ki)
Mx 	123.6604
T	92 72 87 w=12.9932	(yet)
Mx 	136.6535
T	86 76 93 w=10.8154	(siz)
Mx 	147.4690
T	79 72 1578 w=11.1914	(leş)
Mx 	158.6604
T	87 76 w=6.1523	(ti)
Mx 	164.8127
T	85 76 w=6.6699	(ri)
Mx 	171.4826
T	70 76 w=7.0801	(ci)
Mx 	178.5627
T	79 72 1578 w=11.1914	(leş)
Mx 	189.7541
T	87 76 w=6.1523	(ti)
Mx 	195.9065
T	16 w=3.3691	(-)
Mx 	10.4882
My 	130.4502
T	85 76 w=6.6699	(ri)
Mx 	17.1581
T	89 72 w=9.5508	(ve)
Mx 	26.7089
T	85 72 w=8.5791	(re)
Mx 	35.2880
T	69 76 w=7.7881	(bi)
Mx 	43.0761
T	79 72 w=7.3291	(le)
Mx 	50.4052
T	70 72 w=8.9893	(ce)
Mx 	59.3944
T	785 3091 81 76 w=15.8154	(ğini)
Mx 	77.1184
T	86 68 81 68 81 w=24.0771	(sanan)
Mx 	103.1041
T	82 78 88 79 w=17.9150	(okul)
Mx 	122.9276
T	80 129 71 129 85 129 w=33.0859	(müdürü)
Mx 	157.9221
T	69 88 w=10.3760	(bu)
Mx 	170.2066
T	71 88 85 88 80 68 w=32.3779	(duruma)
Mx 	10.4882
My 	142.4502
T	86 76 81 76 85 79 72 81 76 92 82 85 w=48.2373	(sinirleniyor)
Mx 	58.7255
T	15 w=2.2900	(,)
Mx 	64.5006
T	89 72 w=9.5508	(ve)
Mx 	77.5364
T	86 124 93 w=13.1348	(söz)
Mx 	94.1561
T	78 82 81 88 86 88 w=29.8828	(konusu)
Mx 	127.5240
T	124 785 85 72 87 80 72 81 76 w=42.8076	(öğretmeni)
Mx 	173.8166
T	80 68 w=12.6221	(ma)
Mx 	186.4387
T	78 68 w=9.4678	(ka)
Mx 	195.9065
T	16 w=3.3691	(-)
Mx 	10.4882
My 	154.4502
T	80 215 81 68 w=20.8496	(mına)
Mx 	35.2896
T	111 68 785 215 85 215 83 w=28.5156	(çağırıp)
Mx 	67.7571
T	82 81 68 w=15.1367	(ona)
Mx 	86.8456
T	71 76 92 82 85 w=21.8311	(diyor)
Mx 	112.6285
T	78 76 w=7.5879	(ki)
Mx 	120.2164
T	29 w=2.2900	(:)
Mx 	126.4582
T	180 w=4.3604	(“)
Mx 	130.8186
T	48 88 w=13.3594	(Mu)
Mx 	144.1779
T	89 68 73 w=12.6318	(vaf)
Mx 	156.8098
T	73 68 w=7.7002	(fa)
Mx 	164.5100
T	78 76 w=7.5879	(ki)
Mx 	172.0979
T	92 72 87 w=12.9932	(yet)
Mx 	185.0910
T	86 76 93 w=10.8154	(siz)
Mx 	195.9065
T	16 w=3.3691	(-)
Mx 	10.4882
My 	166.4502
T	79 72 1578 w=11.1914	(leş)
Mx 	21.6796
T	87 76 w=6.1523	(ti)
Mx 	27.8319
T	85 76 w=6.6699	(ri)
Mx 	34.5019
T	70 76 w=7.0801	(ci)
Mx 	41.5819
T	79 72 1578 w=11.1914	(leş)
Mx 	52.7733
T	87 76 w=6.1523	(ti)
Mx 	58.9257
T	85 76 w=6.6699	(ri)
Mx 	65.5956
T	89 72 w=9.5508	(ve)
Mx 	75.1464
T	85 72 w=8.5791	(re)
Mx 	83.7255
T	80 72 w=12.6514	(me)
Mx 	96.3769
T	92 72 w=9.5508	(ye)
Mx 	105.9276
T	69 76 w=7.7881	(bi)
Mx 	113.7157
T	79 72 w=7.3291	(le)
Mx 	121.0448
T	70 72 78 w=13.8672	(cek)
Mx 	134.9120
T	79 72 w=7.3291	(le)
Mx 	142.2411
T	85 76 w=6.6699	(ri)
Mx 	148.9110
T	80 76 93 w=14.9854	(miz)
Mx 	163.8964
T	71 72 81 w=15.3369	(den)
Mx 	179.2333
T	80 76 1578 w=14.6045	(miş)
Mx 	193.8378
T	86 76 w=6.5723	(si)
Mx 	200.4101
T	16 w=3.3691	(-)
Mx 	10.4882
My 	178.4502
T	81 76 93 w=12.4707	(niz)
Mx 	22.9589
T	70 72 w=8.9893	(ce)
Mx 	31.9482
T	86 76 81 72 w=16.7090	(sine)
Mx 	51.3035
T	79 68 739 68 85 w=21.6699	(laflar)
Mx 	75.6198
T	72 71 76 92 82 85 80 88 1578 86 88 81 88 93 w=67.8613	(ediyormuşsunuz)
Mx 	146.1275
T	75 68 w=10.1074	(ha)
Mx 	156.2349
T	34 w=4.3311	(?)
Mx 	160.5659
T	181 w=4.3604	(”)
End page
Finish
