Set paper size 	419.5275636	595.275597
Begin page
Mx 	78.7339
My 	75.6731
Set font 	Gentium Plus;10;400;;normal;;LTR
T	41 76 85 86 87 w=18.7549	(First)
Mx 	100.1584
T	83 68 74 72 w=19.3848	(page)
Mx 	122.2128
T	87 72 91 87 w=16.5332	(text)
Mx 	78.7339
My 	28.9983
T	41 76 85 86 87 w=18.7549	(First)
Mx 	100.1560
T	47 76 81 72 w=17.6074	(Line)
Mx 	120.4306
T	82 73 w=8.1396	(of)
Mx 	131.2375
T	43 72 68 71 72 85 w=29.5264	(Header)
Mx 	78.7339
My 	63.6754
T	54 72 70 82 81 71 w=29.4971	(Second)
Mx 	110.8970
T	47 76 81 72 w=17.6074	(Line)
Mx 	131.1705
T	82 73 w=8.1396	(of)
Mx 	141.9762
T	43 72 68 71 72 85 w=29.5264	(Header)
Mx 	219.3741
My 	519.8019
T	20 w=4.6924	(1)
New page
Mx 	54.8208
My 	76.6203
T	54 72 70 82 81 71 w=29.4971	(Second)
Mx 	86.9863
T	83 68 74 72 w=19.3848	(page)
Mx 	109.0396
T	87 72 91 87 w=16.5332	(text)
Mx 	195.4611
My 	519.7531
T	21 w=4.6924	(2)
End page
Finish
