Set paper size 	297.6377985	419.5275636
Begin page
Mx 	14.8819
My 	30.0584
Set font 	Gentium Plus;12;400;;normal;;;LTR
T	79 82 85 72 80 w=29.2207	(lorem)
Mx 	46.9335
T	76 83 86 88 80 w=30.2402	(ipsum)
Mx 	80.0047
T	71 82 79 82 85 w=26.3145	(dolor)
Mx 	109.1501
T	86 76 87 w=12.0176	(sit)
Mx 	123.9986
T	68 80 72 87 w=24.8203	(amet)
Mx 	14.8819
My 	65.9529
T	70 82 81 86 72 87 72 87 88 85 w=52.9922	(consetetur)
Mx 	72.0828
T	86 68 71 76 83 86 70 76 81 74 w=51.5977	(sadipscing)
Mx 	127.8892
T	72 79 76 87 85 w=20.9297	(elitr)
Mx 	14.8819
My 	101.9647
T	86 72 71 w=16.4180	(sed)
Mx 	36.7092
T	71 76 68 80 w=24.6387	(diam)
Mx 	66.7572
T	81 82 81 88 80 92 w=41.1914	(nonumy)
Mx 	113.3580
T	72 76 85 80 82 71 w=35.4609	(eirmod)
Mx 	14.8819
My 	137.9764
T	87 72 80 83 82 85 w=36.4570	(tempor)
Mx 	55.8108
T	76 81 89 76 71 88 81 87 w=42.3926	(invidunt)
Mx 	102.6752
T	88 87 w=10.4883	(ut)
Mx 	117.6353
T	79 68 69 82 85 72 w=31.1836	(labore)
Mx 	14.8819
My 	173.8709
T	72 87 w=9.6738	(et)
Mx 	29.1096
T	71 82 79 82 85 72 w=31.8574	(dolore)
Mx 	65.5209
T	80 68 74 81 68 w=33.1289	(magna)
Mx 	103.2037
T	68 79 76 84 88 92 68 80 w=45.6152	(aliquyam)
Mx 	14.8819
My 	209.8826
T	72 85 68 87 w=19.9336	(erat)
Mx 	39.6635
T	86 72 71 w=16.4180	(sed)
Mx 	60.9295
T	71 76 68 80 w=24.6387	(diam)
Mx 	90.4162
T	89 82 79 88 83 87 88 68 w=43.9160	(voluptua)
Mx 	139.1802
T	68 87 w=9.6387	(at)
Mx 	14.8819
My 	244.6404
T	89 72 85 82 w=22.2480	(vero)
Mx 	41.2275
T	72 82 86 w=16.2129	(eos)
Mx 	61.5379
T	72 87 w=9.6738	(et)
Mx 	75.3093
T	68 70 70 88 86 68 80 w=42.1348	(accusam)
Mx 	121.5417
T	72 87 w=9.6738	(et)
Mx 	135.3130
T	77 88 w=9.4629	(ju)
Mx 	144.7759
T	16 w=4.0430	(-)
Mx 	14.8819
My 	280.6522
T	86 87 82 w=14.8008	(sto)
Mx 	31.9729
T	71 88 82 w=18.6328	(duo)
Mx 	52.8960
T	71 82 79 82 85 72 86 w=36.4922	(dolores)
Mx 	91.6784
T	72 87 w=9.6738	(et)
Mx 	103.6424
T	72 68 w=11.0508	(ea)
Mx 	116.9835
T	85 72 69 88 80 w=32.3848	(rebum)
Mx 	14.8819
My 	313.9100
T	86 87 72 87 w=18.4395	(stet)
Mx 	35.6116
T	70 79 76 87 68 w=21.3867	(clita)
Mx 	59.2885
T	78 68 86 71 w=22.2363	(kasd)
Mx 	83.8151
T	74 88 69 72 85 74 85 72 81 w=51.3691	(gubergren)
Mx 	137.4745
T	81 82 w=12.6563	(no)
Mx 	14.8819
My 	349.9217
T	86 72 68 w=15.6855	(sea)
Mx 	33.0556
T	87 68 78 76 80 68 87 68 w=43.5293	(takimata)
Mx 	79.0731
T	86 68 81 70 87 88 86 w=37.1309	(sanctus)
Mx 	118.6921
T	72 86 87 w=14.3086	(est)
Mx 	135.4888
T	79 82 w=9.2871	(lo)
Mx 	144.7759
T	16 w=4.0430	(-)
Mx 	14.8819
My 	383.1795
T	85 72 80 w=19.9336	(rem)
Mx 	39.9682
T	76 83 86 88 80 w=30.2402	(ipsum)
Mx 	75.3611
T	71 82 79 82 85 w=26.3145	(dolor)
Mx 	106.8283
T	86 76 87 w=12.0176	(sit)
Mx 	123.9986
T	68 80 72 87 w=24.8203	(amet)
Mx 	148.8189
My 	30.0584
T	79 82 85 72 80 w=29.2207	(lorem)
Mx 	180.8705
T	76 83 86 88 80 w=30.2402	(ipsum)
Mx 	213.9417
T	71 82 79 82 85 w=26.3145	(dolor)
Mx 	243.0871
T	86 76 87 w=12.0176	(sit)
Mx 	257.9356
T	68 80 72 87 w=24.8203	(amet)
Mx 	148.8189
My 	65.9529
T	70 82 81 86 72 87 72 87 88 85 w=52.9922	(consetetur)
Mx 	206.0198
T	86 68 71 76 83 86 70 76 81 74 w=51.5977	(sadipscing)
Mx 	261.8262
T	72 79 76 87 85 w=20.9297	(elitr)
Mx 	148.8189
My 	101.9647
T	86 72 71 w=16.4180	(sed)
Mx 	170.6462
T	71 76 68 80 w=24.6387	(diam)
Mx 	200.6942
T	81 82 81 88 80 92 w=41.1914	(nonumy)
Mx 	247.2950
T	72 76 85 80 82 71 w=35.4609	(eirmod)
Mx 	148.8189
My 	137.9764
T	87 72 80 83 82 85 w=36.4570	(tempor)
Mx 	189.7478
T	76 81 89 76 71 88 81 87 w=42.3926	(invidunt)
Mx 	236.6122
T	88 87 w=10.4883	(ut)
Mx 	251.5723
T	79 68 69 82 85 72 w=31.1836	(labore)
Mx 	148.8189
My 	173.8709
T	72 87 w=9.6738	(et)
Mx 	161.6644
T	71 82 79 82 85 72 w=31.8574	(dolore)
Mx 	196.6934
T	80 68 74 81 68 w=33.1289	(magna)
Mx 	232.9940
T	68 79 76 84 88 92 68 80 w=45.6152	(aliquyam)
End page
Finish
