Set paper size 	595.275597	841.8897729
Begin page
Mx 	49.7638
My 	53.4470
Set font 	Gentium Plus;15;400;;normal;;LTR
T	47 68 w=14.0259	(La)
Mx 	67.2333
T	83 72 76 81 72 w=34.1455	(peine)
Mx 	104.8224
T	71 72 w=14.7290	(de)
Mx 	122.9950
T	80 82 85 87 w=30.6958	(mort)
Mx 	157.1345
T	72 86 87 w=17.8857	(est)
Mx 	178.4638
T	81 112 70 72 86 86 68 76 85 72 w=64.0942	(nécessaire)
Mx 	242.5581
T	15 w=3.4351	(,)
Mx 	249.4367
T	71 76 86 72 81 87 w=38.0273	(disent)
Mx 	290.9077
T	79 72 86 w=16.7871	(les)
Mx 	311.1384
T	83 68 85 87 76 86 68 81 86 w=56.7480	(partisans)
Mx 	371.3301
T	71 72 w=14.7290	(de)
Mx 	389.5027
T	79 183 68 81 87 76 84 88 72 w=54.4922	(l’antique)
Mx 	447.4385
T	72 87 w=12.0923	(et)
Mx 	462.9744
T	69 68 85 69 68 85 72 w=47.8125	(barbare)
Mx 	514.2306
T	85 82 88 87 76 81 72 w=45.8643	(routine)
Mx 	562.0768
T	30 w=3.4351	(;)
Mx 	29.7638
My 	71.4470
T	86 68 81 w=20.9546	(san)
Mx 	50.7184
T	86 w=5.7935	(s)
Mx 	59.9972
T	72 79 79 w=15.0586	(ell)
Mx 	75.0558
T	72 w=6.9287	(e)
Mx 	85.4698
T	76 w=4.0649	(i)
Mx 	89.5348
T	79 w=4.0649	(l)
Mx 	97.0851
T	81 183 72 86 w=24.4336	(n’es)
Mx 	121.5187
T	87 w=5.1636	(t)
Mx 	130.1676
T	83 82 76 81 w=27.8320	(poin)
Mx 	157.9996
T	87 w=5.1636	(t)
Mx 	166.6485
T	71 w=7.8003	(d)
Mx 	174.4488
T	72 w=6.9287	(e)
Mx 	184.8629
T	73 85 72 76 w=21.5991	(frei)
Mx 	206.4620
T	81 w=8.2764	(n)
Mx 	218.2237
T	68 86 86 72 w=25.4004	(asse)
Mx 	243.6241
T	93 w=6.3647	(z)
Mx 	253.4742
T	83 88 76 86 86 68 81 w=46.7065	(puissan)
Mx 	300.1808
T	87 w=5.1636	(t)
Mx 	308.8297
T	83 82 88 w=23.4375	(pou)
Mx 	332.2672
T	85 w=5.9399	(r)
Mx 	341.6925
T	79 w=4.0649	(l)
Mx 	345.7574
T	72 w=6.9287	(e)
Mx 	356.1715
T	70 85 76 80 w=28.6084	(crim)
Mx 	384.7799
T	72 w=6.9287	(e)
Mx 	391.7086
T	17 w=3.4351	(.)
Mx 	398.6290
T	52 88 w=16.9482	(Qu)
Mx 	415.5772
T	76 w=4.0649	(i)
Mx 	423.1275
T	89 82 88 w=22.8882	(vou)
Mx 	446.0157
T	86 w=5.7935	(s)
Mx 	455.2945
T	79 183 w=7.5000	(l’)
Mx 	462.7945
T	68 w=6.8848	(a)
Mx 	473.1646
T	71 76 w=11.8652	(di)
Mx 	485.0299
T	87 w=5.1636	(t)
Mx 	492.1754
T	34 w=6.4966	(?)
Mx 	502.1573
T	36 89 w=16.3257	(Av)
Mx 	518.4830
T	72 w=6.9287	(e)
Mx 	525.4117
T	93 16 89 82 w=26.3599	(z-vo)
Mx 	551.7716
T	88 w=7.9468	(u)
Mx 	559.7184
T	86 w=5.7935	(s)
Mx 	29.7638
My 	89.4470
T	70 68 79 70 88 79 w=36.0718	(calcul)
Mx 	65.8356
T	112 w=6.9287	(é)
Mx 	76.7682
T	87 82 w=12.7075	(to)
Mx 	89.4758
T	88 w=7.9468	(u)
Mx 	97.4225
T	86 w=5.7935	(s)
Mx 	107.2200
T	79 w=4.0649	(l)
Mx 	111.2849
T	72 w=6.9287	(e)
Mx 	118.2136
T	86 w=5.7935	(s)
Mx 	128.0111
T	85 72 86 86 82 85 w=37.9395	(ressor)
Mx 	165.9505
T	87 w=5.1636	(t)
Mx 	171.1141
T	86 w=5.7935	(s)
Mx 	180.9115
T	83 w=7.9468	(p)
Mx 	188.8583
T	68 w=6.8848	(a)
Mx 	195.7431
T	85 w=5.9399	(r)
Mx 	205.6870
T	79 72 86 84 88 72 w=39.3896	(lesque)
Mx 	245.0766
T	79 w=4.0649	(l)
Mx 	249.1416
T	86 w=5.7935	(s)
Mx 	258.9390
T	79 w=4.0649	(l)
Mx 	263.0039
T	72 w=6.9287	(e)
Mx 	269.9327
T	86 w=5.7935	(s)
Mx 	279.7301
T	79 82 w=11.6089	(lo)
Mx 	291.3390
T	76 w=4.0649	(i)
Mx 	295.4039
T	86 w=5.7935	(s)
Mx 	305.2013
T	83 112 81 68 79 w=34.1016	(pénal)
Mx 	339.3029
T	72 w=6.9287	(e)
Mx 	346.2316
T	86 w=5.7935	(s)
Mx 	356.0290
T	83 72 88 89 72 w=37.1484	(peuve)
Mx 	393.1775
T	81 w=8.2764	(n)
Mx 	401.4539
T	87 w=5.1636	(t)
Mx 	410.6214
T	68 74 w=14.2017	(ag)
Mx 	424.8231
T	76 w=4.0649	(i)
Mx 	428.8880
T	85 w=5.9399	(r)
Mx 	438.8319
T	86 w=5.7935	(s)
Mx 	444.6254
T	88 w=7.9468	(u)
Mx 	452.5722
T	85 w=5.9399	(r)
Mx 	462.5161
T	79 w=4.0649	(l)
Mx 	466.5810
T	68 w=6.8848	(a)
Mx 	477.4698
T	86 72 81 86 76 69 76 79 76 87 w=55.8325	(sensibilit)
Mx 	533.3023
T	112 w=6.9287	(é)
Mx 	544.2350
T	75 88 w=16.2231	(hu)
Mx 	560.4581
T	16 w=5.0537	(-)
Mx 	29.7638
My 	107.4470
T	80 68 76 w=22.9980	(mai)
Mx 	52.7618
T	81 w=8.2764	(n)
Mx 	61.0382
T	72 w=6.9287	(e)
Mx 	69.9488
T	34 w=6.4966	(?)
Mx 	81.0611
T	43 112 w=16.7358	(Hé)
Mx 	97.7969
T	79 w=4.0649	(l)
Mx 	101.8618
T	68 w=6.8848	(a)
Mx 	108.7466
T	86 w=5.7935	(s)
Mx 	116.5220
T	4 w=4.0796	(!)
Mx 	125.2172
T	68 w=6.8848	(a)
Mx 	132.1020
T	89 w=7.3975	(v)
Mx 	139.4995
T	68 81 w=15.1611	(an)
Mx 	154.6606
T	87 w=5.1636	(t)
Mx 	164.4398
T	79 68 w=10.9497	(la)
Mx 	180.0052
T	80 w=12.0483	(m)
Mx 	192.0535
T	82 w=7.5439	(o)
Mx 	199.5974
T	85 87 15 w=14.5386	(rt,)
Mx 	218.7517
T	70 82 80 w=26.1475	(com)
Mx 	244.8991
T	69 w=7.6172	(b)
Mx 	252.5163
T	76 72 w=10.9937	(ie)
Mx 	263.5100
T	81 w=8.2764	(n)
Mx 	276.4020
T	71 72 w=14.7290	(de)
Mx 	295.7466
T	71 82 88 79 w=27.3560	(doul)
Mx 	323.1026
T	72 w=6.9287	(e)
Mx 	330.0313
T	88 85 86 w=19.6802	(urs)
Mx 	354.3271
T	83 75 92 86 76 w=33.4790	(physi)
Mx 	387.8061
T	84 w=7.7271	(q)
Mx 	395.5331
T	88 72 w=14.8755	(ue)
Mx 	410.4086
T	86 w=5.7935	(s)
Mx 	420.8177
T	72 87 w=12.0923	(et)
Mx 	437.5257
T	80 82 85 w=25.5322	(mor)
Mx 	463.0579
T	68 w=6.8848	(a)
Mx 	469.9426
T	79 72 86 w=16.7871	(les)
Mx 	491.3454
T	79 183 75 w=15.7764	(l’h)
Mx 	507.1218
T	82 w=7.5439	(o)
Mx 	514.6657
T	80 80 w=24.0967	(mm)
Mx 	538.7624
T	72 w=6.9287	(e)
Mx 	550.3067
T	81 72 w=15.2051	(ne)
Mx 	29.7638
My 	125.4470
T	83 w=7.9468	(p)
Mx 	37.7106
T	72 88 w=14.8755	(eu)
Mx 	52.5860
T	87 w=5.1636	(t)
Mx 	57.7496
T	16 76 79 w=13.1836	(-il)
Mx 	74.9648
T	83 68 86 w=20.6250	(pas)
Mx 	99.6214
T	72 81 71 w=23.0054	(end)
Mx 	122.6268
T	88 w=7.9468	(u)
Mx 	130.5736
T	85 72 85 w=18.8086	(rer)
Mx 	151.3641
T	4 w=4.0796	(!)
Mx 	49.7638
My 	143.4470
T	57 82 76 70 76 w=31.9775	(Voici)
Mx 	85.7506
T	88 81 72 w=23.1519	(une)
Mx 	112.9117
T	169 w=7.2803	(«)
Mx 	123.3767
T	70 76 87 68 87 76 82 w=39.4409	(citatio)
Mx 	162.8176
T	81 w=8.2764	(n)
Mx 	174.2787
T	170 w=7.2803	(»)
Mx 	185.5683
T	72 81 87 w=20.3687	(ent)
Mx 	205.9369
T	85 w=5.9399	(r)
Mx 	211.8769
T	72 w=6.9287	(e)
Mx 	222.8149
T	74 88 76 79 79 72 80 72 w=53.3643	(guilleme)
Mx 	276.1791
T	87 w=5.1636	(t)
Mx 	281.3427
T	86 17 w=9.2285	(s.)
Mx 	49.7638
My 	161.4470
T	47 68 w=14.0259	(La)
Mx 	67.2333
T	83 72 76 81 72 w=34.1455	(peine)
Mx 	104.8224
T	71 72 w=14.7290	(de)
Mx 	122.9950
T	80 82 85 87 w=30.6958	(mort)
Mx 	157.1345
T	72 86 87 w=17.8857	(est)
Mx 	178.4638
T	81 112 70 72 86 86 68 76 85 72 w=64.0942	(nécessaire)
Mx 	242.5581
T	15 w=3.4351	(,)
Mx 	249.4367
T	71 76 86 72 81 87 w=38.0273	(disent)
Mx 	290.9077
T	79 72 86 w=16.7871	(les)
Mx 	311.1384
T	83 68 85 87 76 86 68 81 86 w=56.7480	(partisans)
Mx 	371.3301
T	71 72 w=14.7290	(de)
Mx 	389.5027
T	79 183 68 81 87 76 84 88 72 w=54.4922	(l’antique)
Mx 	447.4385
T	72 87 w=12.0923	(et)
Mx 	462.9744
T	69 68 85 69 68 85 72 w=47.8125	(barbare)
Mx 	514.2306
T	85 82 88 87 76 81 72 w=45.8643	(routine)
Mx 	562.0768
T	30 w=3.4351	(;)
Mx 	29.7638
My 	179.4470
T	86 68 81 86 w=26.7480	(sans)
Mx 	59.9972
T	72 79 79 72 w=21.9873	(elle)
Mx 	85.4698
T	76 79 w=8.1299	(il)
Mx 	97.0851
T	81 183 72 86 87 w=29.5972	(n’est)
Mx 	130.1676
T	83 82 76 81 87 w=32.9956	(point)
Mx 	166.6485
T	71 72 w=14.7290	(de)
Mx 	184.8629
T	73 85 72 76 81 w=29.8755	(frein)
Mx 	218.2237
T	68 86 86 72 93 w=31.7651	(assez)
Mx 	253.4742
T	83 88 76 86 86 68 81 87 w=51.8701	(puissant)
Mx 	308.8297
T	83 82 88 85 w=29.3774	(pour)
Mx 	341.6925
T	79 72 w=10.9937	(le)
Mx 	356.1715
T	70 85 76 80 72 w=35.5371	(crime)
Mx 	391.7086
T	17 w=3.4351	(.)
Mx 	398.6290
T	52 88 76 w=21.0132	(Qui)
Mx 	423.1275
T	89 82 88 86 w=28.6816	(vous)
Mx 	455.2945
T	79 183 68 w=14.3848	(l’a)
Mx 	473.1646
T	71 76 87 w=17.0288	(dit)
Mx 	492.1754
T	34 w=6.4966	(?)
Mx 	502.1573
T	36 89 72 93 w=29.6191	(Avez)
Mx 	531.7765
T	16 w=5.0537	(-)
Mx 	536.8302
T	89 82 88 86 w=28.6816	(vous)
Mx 	29.7638
My 	197.4470
T	70 68 79 70 88 79 112 w=43.0005	(calculé)
Mx 	76.7682
T	87 82 88 86 w=26.4478	(tous)
Mx 	107.2200
T	79 72 86 w=16.7871	(les)
Mx 	128.0111
T	85 72 86 86 82 85 87 86 w=48.8965	(ressorts)
Mx 	180.9115
T	83 68 85 w=20.7715	(par)
Mx 	205.6870
T	79 72 86 84 88 72 79 86 w=49.2480	(lesquels)
Mx 	258.9390
T	79 72 86 w=16.7871	(les)
Mx 	279.7301
T	79 82 76 86 w=21.4673	(lois)
Mx 	305.2013
T	83 112 81 68 79 72 86 w=46.8237	(pénales)
Mx 	356.0290
T	83 72 88 89 72 81 87 w=50.5884	(peuvent)
Mx 	410.6214
T	68 74 76 85 w=24.2065	(agir)
Mx 	438.8319
T	86 88 85 w=19.6802	(sur)
Mx 	462.5161
T	79 68 w=10.9497	(la)
Mx 	477.4698
T	86 72 81 86 76 69 76 79 76 87 112 w=62.7612	(sensibilité)
Mx 	544.2350
T	75 88 w=16.2231	(hu)
Mx 	560.4581
T	16 w=5.0537	(-)
Mx 	29.7638
My 	215.4470
T	80 68 76 81 72 w=38.2031	(maine)
Mx 	69.9488
T	34 w=6.4966	(?)
Mx 	81.0611
T	43 112 79 68 86 w=33.4790	(Hélas)
Mx 	116.5220
T	4 w=4.0796	(!)
Mx 	125.2172
T	68 89 68 81 87 w=34.6069	(avant)
Mx 	164.4398
T	79 68 w=10.9497	(la)
Mx 	180.0052
T	80 82 85 87 w=30.6958	(mort)
Mx 	210.7010
T	15 w=3.4351	(,)
Mx 	218.7517
T	70 82 80 69 76 72 81 w=53.0347	(combien)
Mx 	276.4020
T	71 72 w=14.7290	(de)
Mx 	295.7466
T	71 82 88 79 72 88 85 86 w=53.9648	(douleurs)
Mx 	354.3271
T	83 75 92 86 76 84 88 72 86 w=61.8750	(physiques)
Mx 	420.8177
T	72 87 w=12.0923	(et)
Mx 	437.5257
T	80 82 85 68 79 72 86 w=49.2041	(morales)
Mx 	491.3454
T	79 183 75 82 80 80 72 w=54.3457	(l’homme)
Mx 	550.3067
T	81 72 w=15.2051	(ne)
Mx 	29.7638
My 	233.4470
T	83 72 88 87 w=27.9858	(peut)
Mx 	57.7496
T	16 w=5.0537	(-)
Mx 	62.8033
T	76 79 w=8.1299	(il)
Mx 	74.9648
T	83 68 86 w=20.6250	(pas)
Mx 	99.6214
T	72 81 71 88 85 72 85 w=49.7607	(endurer)
Mx 	151.3641
T	4 w=4.0796	(!)
Mx 	49.7638
My 	251.4470
T	57 82 76 70 76 w=31.9775	(Voici)
Mx 	85.7506
T	88 81 72 w=23.1519	(une)
Mx 	112.9117
T	169 w=7.2803	(«)
Mx 	123.3767
T	70 76 87 68 87 76 82 81 w=47.7173	(citation)
Mx 	174.2787
T	170 w=7.2803	(»)
Mx 	185.5683
T	72 81 87 85 72 w=33.2373	(entre)
Mx 	222.8149
T	74 88 76 79 79 72 80 72 87 86 w=64.3213	(guillemets)
Mx 	287.1361
T	17 w=3.4351	(.)
Mx 	49.7638
My 	269.4470
T	43 112 79 68 86 w=33.4790	(Hélas)
Mx 	85.2247
T	4 w=4.0796	(!)
Mx 	89.3043
T	4 w=4.0796	(!)
Mx 	93.3839
T	4 w=4.0796	(!)
Mx 	294.1185
My 	783.6572
T	20 w=7.0386	(1)
End page
Finish
