Set paper size 	297.6377985	419.5275636
Begin page
Mx 	44.7039
My 	65.4172
Set font 	Libertinus Serif;24;400;;normal;;LTR
T	39 74 83 84 85	(First)
Mx 	95.9508
T	71 83 66 78 70	(frame)
Mx 	44.7039
My 	75.0412
Set font 	Libertinus Serif;12;400;;normal;;LTR
T	52 70 68 80 79 69	(Second)
Mx 	83.3420
T	71 83 66 78 70	(frame)
Mx 	115.4640
T	2349 83 84 85	(first)
Mx 	138.7301
T	81 66 83 66 72 83 66 81 73	(paragraph)
Mx 	44.7039
My 	89.4412
T	52 70 68 80 79 69	(Second)
Mx 	83.3398
T	71 83 66 78 70	(frame)
Mx 	115.4598
T	84 70 68 80 79 69	(second)
Mx 	152.9557
T	81 66 83 66 72 83 66 81 73	(paragraph)
Mx 	44.7039
My 	103.8412
T	52 70 68 80 79 69	(Second)
Mx 	83.3413
T	71 83 66 78 70	(frame)
Mx 	115.4627
T	85 73 74 83 69	(third)
Mx 	143.0121
T	81 66 83 66 72 83 66 81 73	(paragraph)
End page
Finish
