Set paper size 	209.7637818	297.6377985
Begin page
Mx 	49.3669
My 	42.0943
Set font 	Gentium Plus;10;400;;normal;;LTR
T	55 75 76 86 w=17.5977	(This)
Mx 	69.1415
T	76 86 w=6.5723	(is)
Mx 	77.8906
T	68 w=4.5898	(a)
Mx 	84.6574
T	87 72 86 87 w=15.3662	(test)
Mx 	100.0236
My 	38.9156
Set font 	Gentium Plus;6.81152;400;;normal;;LTR
T	20 w=3.1962	(1)
Mx 	103.2198
My 	42.0943
Set font 	Gentium Plus;10;400;;normal;;LTR
T	17 w=2.2900	(.)
Mx 	107.6868
T	55 75 76 86 w=17.5977	(This)
Mx 	127.4613
T	76 86 w=6.5723	(is)
Mx 	136.2105
T	68 w=4.5898	(a)
Mx 	142.9772
T	87 72 86 87 w=15.3662	(test)
Mx 	158.3434
My 	38.9156
Set font 	Gentium Plus;6.81152;400;;normal;;LTR
T	21 w=3.1962	(2)
Mx 	161.5396
My 	42.0943
Set font 	Gentium Plus;10;400;;normal;;LTR
T	17 w=2.2900	(.)
Mx 	166.0066
T	55 75 76 86 w=17.5977	(This)
Mx 	185.7811
T	76 86 w=6.5723	(is)
Mx 	29.3669
My 	55.0943
T	68 w=4.5898	(a)
Mx 	36.0290
T	87 72 86 87 w=15.3662	(test)
Mx 	51.3952
My 	51.9156
Set font 	Gentium Plus;6.81152;400;;normal;;LTR
T	22 w=3.1962	(3)
Mx 	54.5914
My 	55.0943
Set font 	Gentium Plus;10;400;;normal;;LTR
T	17 w=2.2900	(.)
Mx 	58.9536
T	55 75 76 86 w=17.5977	(This)
Mx 	78.6235
T	76 86 w=6.5723	(is)
Mx 	87.2680
T	68 w=4.5898	(a)
Mx 	93.9300
T	87 72 86 87 w=15.3662	(test)
Mx 	109.2962
My 	51.9156
Set font 	Gentium Plus;6.81152;400;;normal;;LTR
T	23 w=3.1962	(4)
Mx 	112.4925
My 	55.0943
Set font 	Gentium Plus;10;400;;normal;;LTR
T	17 w=2.2900	(.)
Mx 	116.8547
T	55 75 76 86 w=17.5977	(This)
Mx 	136.5245
T	76 86 w=6.5723	(is)
Mx 	145.1690
T	68 w=4.5898	(a)
Mx 	151.8311
T	87 72 86 87 w=15.3662	(test)
Mx 	167.1973
My 	51.9156
Set font 	Gentium Plus;6.81152;400;;normal;;LTR
T	24 w=3.1962	(5)
Mx 	170.3935
My 	55.0943
Set font 	Gentium Plus;10;400;;normal;;LTR
T	17 w=2.2900	(.)
Mx 	174.7557
T	55 75 76 86 w=17.5977	(This)
Mx 	29.3669
My 	68.0943
T	76 86 w=6.5723	(is)
Mx 	39.1139
T	68 w=4.5898	(a)
Mx 	46.8785
T	87 72 86 87 w=15.3662	(test)
Mx 	62.2447
My 	64.9156
Set font 	Gentium Plus;6.81152;400;;normal;;LTR
T	25 w=3.1962	(6)
Mx 	65.4410
My 	68.0943
Set font 	Gentium Plus;10;400;;normal;;LTR
T	17 w=2.2900	(.)
Mx 	70.9057
T	55 75 76 86 w=17.5977	(This)
Mx 	91.6781
T	76 86 w=6.5723	(is)
Mx 	101.4251
T	68 w=4.5898	(a)
Mx 	109.1897
T	87 72 86 87 w=15.3662	(test)
Mx 	124.5559
My 	64.9156
Set font 	Gentium Plus;6.81152;400;;normal;;LTR
T	26 w=3.1962	(7)
Mx 	127.7522
My 	68.0943
Set font 	Gentium Plus;10;400;;normal;;LTR
T	17 w=2.2900	(.)
Mx 	133.2169
T	55 75 76 86 w=17.5977	(This)
Mx 	153.9893
T	76 86 w=6.5723	(is)
Mx 	163.7363
T	68 w=4.5898	(a)
Mx 	171.5009
T	87 72 86 87 w=15.3662	(test)
Mx 	186.8671
My 	64.9156
Set font 	Gentium Plus;6.81152;400;;normal;;LTR
T	27 w=3.1962	(8)
Mx 	190.0633
My 	68.0943
Set font 	Gentium Plus;10;400;;normal;;LTR
T	17 w=2.2900	(.)
Mx 	29.3669
My 	81.0943
T	55 75 76 86 w=17.5977	(This)
Mx 	50.1452
T	76 86 w=6.5723	(is)
Mx 	59.8980
T	68 w=4.5898	(a)
Mx 	67.6685
T	87 72 86 87 w=15.3662	(test)
Mx 	83.0347
My 	77.9156
Set font 	Gentium Plus;6.81152;400;;normal;;LTR
T	28 w=3.1962	(9)
Mx 	86.2309
My 	81.0943
Set font 	Gentium Plus;10;400;;normal;;LTR
T	17 w=2.2900	(.)
Mx 	91.7016
T	55 75 76 86 w=17.5977	(This)
Mx 	112.4798
T	76 86 w=6.5723	(is)
Mx 	122.2327
T	68 w=4.5898	(a)
Mx 	130.0031
T	87 72 86 87 w=15.3662	(test)
Mx 	145.3693
My 	77.9156
Set font 	Gentium Plus;6.81152;400;;normal;;LTR
T	20 19 w=6.3925	(10)
Mx 	151.7618
My 	81.0943
Set font 	Gentium Plus;10;400;;normal;;LTR
T	17 w=2.2900	(.)
Mx 	157.2324
T	55 75 76 86 w=17.5977	(This)
Mx 	178.0107
T	76 86 w=6.5723	(is)
Mx 	187.7635
T	68 w=4.5898	(a)
Mx 	29.3669
My 	94.0943
T	87 72 86 87 w=15.3662	(test)
Mx 	44.7331
My 	90.9156
Set font 	Gentium Plus;6.81152;400;;normal;;LTR
T	20 20 w=6.3925	(11)
Mx 	51.1256
My 	94.0943
Set font 	Gentium Plus;10;400;;normal;;LTR
T	17 w=2.2900	(.)
Mx 	55.5085
T	55 75 76 86 w=17.5977	(This)
Mx 	75.1989
T	76 86 w=6.5723	(is)
Mx 	83.8640
T	68 w=4.5898	(a)
Mx 	90.5467
T	87 72 86 87 w=15.3662	(test)
Mx 	105.9129
My 	90.9156
Set font 	Gentium Plus;6.81152;400;;normal;;LTR
T	20 21 w=6.3925	(12)
Mx 	112.3054
My 	94.0943
Set font 	Gentium Plus;10;400;;normal;;LTR
T	17 w=2.2900	(.)
Mx 	116.6882
T	79 82 85 72 80 w=24.3506	(lorem)
Mx 	143.1317
T	76 83 86 88 80 w=25.2002	(ipsum)
Mx 	170.4247
T	71 82 79 82 85 w=21.9287	(dolor)
Mx 	29.3669
My 	120.9450
Set font 	Gentium Plus;9;400;;normal;;LTR
T	20 w=4.2231	(1)
Mx 	33.5901
T	17 w=2.0610	(.)
Mx 	53.6511
T	58 75 68 87 w=19.8457	(What)
Mx 	75.8795
T	75 68 83 83 72 81 86 w=31.2319	(happens)
Mx 	109.4940
T	87 82 w=7.6245	(to)
Mx 	119.5012
T	73 85 68 80 72 86 w=25.3564	(frames)
Mx 	144.8576
T	34 w=3.8979	(?)
Mx 	29.3669
My 	132.2975
T	21 w=4.2231	(2)
Mx 	33.5901
T	17 w=2.0610	(.)
Mx 	53.6511
T	58 75 68 87 w=19.8457	(What)
Mx 	75.8795
T	75 68 83 83 72 81 86 w=31.2319	(happens)
Mx 	109.4940
T	87 82 w=7.6245	(to)
Mx 	119.5012
T	73 85 68 80 72 86 w=25.3564	(frames)
Mx 	144.8576
T	34 w=3.8979	(?)
Mx 	29.3669
My 	143.6501
T	22 w=4.2231	(3)
Mx 	33.5901
T	17 w=2.0610	(.)
Mx 	53.6511
T	58 75 68 87 w=19.8457	(What)
Mx 	75.8795
T	75 68 83 83 72 81 86 w=31.2319	(happens)
Mx 	109.4940
T	87 82 w=7.6245	(to)
Mx 	119.5012
T	73 85 68 80 72 86 w=25.3564	(frames)
Mx 	144.8576
T	34 w=3.8979	(?)
Mx 	29.3669
My 	155.0026
T	23 w=4.2231	(4)
Mx 	33.5901
T	17 w=2.0610	(.)
Mx 	53.6511
T	58 75 68 87 w=19.8457	(What)
Mx 	75.8795
T	75 68 83 83 72 81 86 w=31.2319	(happens)
Mx 	109.4940
T	87 82 w=7.6245	(to)
Mx 	119.5012
T	73 85 68 80 72 86 w=25.3564	(frames)
Mx 	144.8576
T	34 w=3.8979	(?)
Mx 	29.3669
My 	166.3551
T	24 w=4.2231	(5)
Mx 	33.5901
T	17 w=2.0610	(.)
Mx 	53.6511
T	58 75 68 87 w=19.8457	(What)
Mx 	75.8795
T	75 68 83 83 72 81 86 w=31.2319	(happens)
Mx 	109.4940
T	87 82 w=7.6245	(to)
Mx 	119.5012
T	73 85 68 80 72 86 w=25.3564	(frames)
Mx 	144.8576
T	34 w=3.8979	(?)
Mx 	29.3669
My 	177.7077
T	25 w=4.2231	(6)
Mx 	33.5901
T	17 w=2.0610	(.)
Mx 	53.6511
T	58 75 68 87 w=19.8457	(What)
Mx 	75.8795
T	75 68 83 83 72 81 86 w=31.2319	(happens)
Mx 	109.4940
T	87 82 w=7.6245	(to)
Mx 	119.5012
T	73 85 68 80 72 86 w=25.3564	(frames)
Mx 	144.8576
T	34 w=3.8979	(?)
Mx 	29.3669
My 	189.0602
T	26 w=4.2231	(7)
Mx 	33.5901
T	17 w=2.0610	(.)
Mx 	53.6511
T	58 75 68 87 w=19.8457	(What)
Mx 	75.8795
T	75 68 83 83 72 81 86 w=31.2319	(happens)
Mx 	109.4940
T	87 82 w=7.6245	(to)
Mx 	119.5012
T	73 85 68 80 72 86 w=25.3564	(frames)
Mx 	144.8576
T	34 w=3.8979	(?)
Mx 	29.3669
My 	200.4128
T	27 w=4.2231	(8)
Mx 	33.5901
T	17 w=2.0610	(.)
Mx 	53.6511
T	58 75 68 87 w=19.8457	(What)
Mx 	75.8795
T	75 68 83 83 72 81 86 w=31.2319	(happens)
Mx 	109.4940
T	87 82 w=7.6245	(to)
Mx 	119.5012
T	73 85 68 80 72 86 w=25.3564	(frames)
Mx 	144.8576
T	34 w=3.8979	(?)
Mx 	29.3669
My 	211.7653
T	28 w=4.2231	(9)
Mx 	33.5901
T	17 w=2.0610	(.)
Mx 	53.6511
T	58 75 68 87 w=19.8457	(What)
Mx 	75.8795
T	75 68 83 83 72 81 86 w=31.2319	(happens)
Mx 	109.4940
T	87 82 w=7.6245	(to)
Mx 	119.5012
T	73 85 68 80 72 86 w=25.3564	(frames)
Mx 	144.8576
T	34 w=3.8979	(?)
Mx 	29.3669
My 	223.1178
T	20 19 w=8.4463	(10)
Mx 	37.8132
T	17 w=2.0610	(.)
Mx 	57.8743
T	58 75 68 87 w=19.8457	(What)
Mx 	80.1022
T	75 68 83 83 72 81 86 w=31.2319	(happens)
Mx 	113.7163
T	87 82 w=7.6245	(to)
Mx 	123.7231
T	73 85 68 80 72 86 w=25.3564	(frames)
Mx 	149.0795
T	34 w=3.8979	(?)
Mx 	29.3669
My 	234.4704
T	20 20 w=8.4463	(11)
Mx 	37.8132
T	17 w=2.0610	(.)
Mx 	57.8743
T	58 75 68 87 w=19.8457	(What)
Mx 	80.1022
T	75 68 83 83 72 81 86 w=31.2319	(happens)
Mx 	113.7163
T	87 82 w=7.6245	(to)
Mx 	123.7231
T	73 85 68 80 72 86 w=25.3564	(frames)
Mx 	149.0795
T	34 w=3.8979	(?)
Mx 	29.3669
My 	245.8229
T	20 21 w=8.4463	(12)
Mx 	37.8132
T	17 w=2.0610	(.)
Mx 	57.8743
T	58 75 68 87 w=19.8457	(What)
Mx 	80.1022
T	75 68 83 83 72 81 86 w=31.2319	(happens)
Mx 	113.7163
T	87 82 w=7.6245	(to)
Mx 	123.7231
T	73 85 68 80 72 86 w=25.3564	(frames)
Mx 	149.0795
T	34 w=3.8979	(?)
Mx 	108.5140
My 	262.9405
Set font 	Gentium Plus;10;400;;normal;;LTR
T	20 w=4.6924	(1)
New page
Mx 	17.4104
My 	42.0943
T	86 76 87 w=10.0146	(sit)
Mx 	30.2264
T	68 80 72 87 w=20.6836	(amet)
Mx 	53.7114
T	70 82 81 86 72 87 72 87 88 85 w=44.1602	(consetetur)
Mx 	100.6730
T	86 68 71 76 83 86 70 76 81 74 w=42.9980	(sadipscing)
Mx 	146.4724
T	72 79 76 87 85 w=17.4414	(elitr)
Mx 	166.7152
T	86 72 71 w=13.6816	(sed)
Mx 	17.4104
My 	55.0943
T	71 76 68 80 w=20.5322	(diam)
Mx 	37.4104
My 	69.0943
T	55 75 76 86 w=17.5977	(This)
Mx 	58.1245
T	76 86 w=6.5723	(is)
Mx 	67.8131
T	68 w=4.5898	(a)
Mx 	75.5194
T	87 72 86 87 w=15.3662	(test)
Mx 	90.8856
My 	65.9156
Set font 	Gentium Plus;6.81152;400;;normal;;LTR
T	20 22 w=6.3925	(13)
Mx 	97.2781
My 	69.0943
Set font 	Gentium Plus;10;400;;normal;;LTR
T	17 w=2.2900	(.)
Mx 	102.6845
T	79 82 85 72 80 w=24.3506	(lorem)
Mx 	130.1515
T	76 83 86 88 80 w=25.2002	(ipsum)
Mx 	158.4681
T	71 82 79 82 85 w=21.9287	(dolor)
Mx 	17.4104
My 	82.0943
T	86 76 87 w=10.0146	(sit)
Mx 	30.2264
T	68 80 72 87 w=20.6836	(amet)
Mx 	53.7114
T	70 82 81 86 72 87 72 87 88 85 w=44.1602	(consetetur)
Mx 	100.6730
T	86 68 71 76 83 86 70 76 81 74 w=42.9980	(sadipscing)
Mx 	146.4724
T	72 79 76 87 85 w=17.4414	(elitr)
Mx 	166.7152
T	86 72 71 w=13.6816	(sed)
Mx 	17.4104
My 	95.0943
T	71 76 68 80 w=20.5322	(diam)
Mx 	37.4104
My 	109.0943
T	55 75 76 86 w=17.5977	(This)
Mx 	58.1245
T	76 86 w=6.5723	(is)
Mx 	67.8131
T	68 w=4.5898	(a)
Mx 	75.5194
T	87 72 86 87 w=15.3662	(test)
Mx 	90.8856
My 	105.9156
Set font 	Gentium Plus;6.81152;400;;normal;;LTR
T	20 23 w=6.3925	(14)
Mx 	97.2781
My 	109.0943
Set font 	Gentium Plus;10;400;;normal;;LTR
T	17 w=2.2900	(.)
Mx 	102.6845
T	79 82 85 72 80 w=24.3506	(lorem)
Mx 	130.1515
T	76 83 86 88 80 w=25.2002	(ipsum)
Mx 	158.4681
T	71 82 79 82 85 w=21.9287	(dolor)
Mx 	17.4104
My 	122.0943
T	86 76 87 w=10.0146	(sit)
Mx 	30.2264
T	68 80 72 87 w=20.6836	(amet)
Mx 	53.7114
T	70 82 81 86 72 87 72 87 88 85 w=44.1602	(consetetur)
Mx 	100.6730
T	86 68 71 76 83 86 70 76 81 74 w=42.9980	(sadipscing)
Mx 	146.4724
T	72 79 76 87 85 w=17.4414	(elitr)
Mx 	166.7152
T	86 72 71 w=13.6816	(sed)
Mx 	17.4104
My 	135.0943
T	71 76 68 80 w=20.5322	(diam)
Mx 	37.4104
My 	149.0943
T	55 75 76 86 w=17.5977	(This)
Mx 	58.1245
T	76 86 w=6.5723	(is)
Mx 	67.8131
T	68 w=4.5898	(a)
Mx 	75.5194
T	87 72 86 87 w=15.3662	(test)
Mx 	90.8856
My 	145.9156
Set font 	Gentium Plus;6.81152;400;;normal;;LTR
T	20 24 w=6.3925	(15)
Mx 	97.2781
My 	149.0943
Set font 	Gentium Plus;10;400;;normal;;LTR
T	17 w=2.2900	(.)
Mx 	102.6845
T	79 82 85 72 80 w=24.3506	(lorem)
Mx 	130.1515
T	76 83 86 88 80 w=25.2002	(ipsum)
Mx 	158.4681
T	71 82 79 82 85 w=21.9287	(dolor)
Mx 	17.4104
My 	162.0943
T	86 76 87 w=10.0146	(sit)
Mx 	30.2264
T	68 80 72 87 w=20.6836	(amet)
Mx 	53.7114
T	70 82 81 86 72 87 72 87 88 85 w=44.1602	(consetetur)
Mx 	100.6730
T	86 68 71 76 83 86 70 76 81 74 w=42.9980	(sadipscing)
Mx 	146.4724
T	72 79 76 87 85 w=17.4414	(elitr)
Mx 	166.7152
T	86 72 71 w=13.6816	(sed)
Mx 	17.4104
My 	175.0943
T	71 76 68 80 w=20.5322	(diam)
Mx 	37.4104
My 	189.0943
T	55 75 76 86 w=17.5977	(This)
Mx 	58.1245
T	76 86 w=6.5723	(is)
Mx 	67.8131
T	68 w=4.5898	(a)
Mx 	75.5194
T	87 72 86 87 w=15.3662	(test)
Mx 	90.8856
My 	185.9156
Set font 	Gentium Plus;6.81152;400;;normal;;LTR
T	20 25 w=6.3925	(16)
Mx 	97.2781
My 	189.0943
Set font 	Gentium Plus;10;400;;normal;;LTR
T	17 w=2.2900	(.)
Mx 	102.6845
T	79 82 85 72 80 w=24.3506	(lorem)
Mx 	130.1515
T	76 83 86 88 80 w=25.2002	(ipsum)
Mx 	158.4681
T	71 82 79 82 85 w=21.9287	(dolor)
Mx 	17.4104
My 	211.7653
Set font 	Gentium Plus;9;400;;normal;;LTR
T	20 22 w=8.4463	(13)
Mx 	25.8567
T	17 w=2.0610	(.)
Mx 	45.9177
T	58 75 68 87 w=19.8457	(What)
Mx 	68.1456
T	75 68 83 83 72 81 86 w=31.2319	(happens)
Mx 	101.7598
T	87 82 w=7.6245	(to)
Mx 	111.7665
T	73 85 68 80 72 86 w=25.3564	(frames)
Mx 	137.1230
T	34 w=3.8979	(?)
Mx 	17.4104
My 	223.1178
T	20 23 w=8.4463	(14)
Mx 	25.8567
T	17 w=2.0610	(.)
Mx 	45.9177
T	58 75 68 87 w=19.8457	(What)
Mx 	68.1456
T	75 68 83 83 72 81 86 w=31.2319	(happens)
Mx 	101.7598
T	87 82 w=7.6245	(to)
Mx 	111.7665
T	73 85 68 80 72 86 w=25.3564	(frames)
Mx 	137.1230
T	34 w=3.8979	(?)
Mx 	17.4104
My 	234.4704
T	20 24 w=8.4463	(15)
Mx 	25.8567
T	17 w=2.0610	(.)
Mx 	45.9177
T	58 75 68 87 w=19.8457	(What)
Mx 	68.1456
T	75 68 83 83 72 81 86 w=31.2319	(happens)
Mx 	101.7598
T	87 82 w=7.6245	(to)
Mx 	111.7665
T	73 85 68 80 72 86 w=25.3564	(frames)
Mx 	137.1230
T	34 w=3.8979	(?)
Mx 	17.4104
My 	245.8229
T	20 25 w=8.4463	(16)
Mx 	25.8567
T	17 w=2.0610	(.)
Mx 	45.9177
T	58 75 68 87 w=19.8457	(What)
Mx 	68.1456
T	75 68 83 83 72 81 86 w=31.2319	(happens)
Mx 	101.7598
T	87 82 w=7.6245	(to)
Mx 	111.7665
T	73 85 68 80 72 86 w=25.3564	(frames)
Mx 	137.1230
T	34 w=3.8979	(?)
Mx 	96.5574
My 	262.8917
Set font 	Gentium Plus;10;400;;normal;;LTR
T	21 w=4.6924	(2)
New page
Mx 	29.3669
My 	42.0943
T	86 76 87 w=10.0146	(sit)
Mx 	42.1830
T	68 80 72 87 w=20.6836	(amet)
Mx 	65.6680
T	70 82 81 86 72 87 72 87 88 85 w=44.1602	(consetetur)
Mx 	112.6295
T	86 68 71 76 83 86 70 76 81 74 w=42.9980	(sadipscing)
Mx 	158.4289
T	72 79 76 87 85 w=17.4414	(elitr)
Mx 	178.6717
T	86 72 71 w=13.6816	(sed)
Mx 	29.3669
My 	54.4238
T	71 76 68 80 w=20.5322	(diam)
Mx 	49.3669
My 	67.0827
T	55 75 76 86 w=17.5977	(This)
Mx 	70.0810
T	76 86 w=6.5723	(is)
Mx 	79.7697
T	68 w=4.5898	(a)
Mx 	87.4759
T	87 72 86 87 w=15.3662	(test)
Mx 	102.8422
My 	63.9040
Set font 	Gentium Plus;6.81152;400;;normal;;LTR
T	20 26 w=6.3925	(17)
Mx 	109.2346
My 	67.0827
Set font 	Gentium Plus;10;400;;normal;;LTR
T	17 w=2.2900	(.)
Mx 	114.6411
T	79 82 85 72 80 w=24.3506	(lorem)
Mx 	142.1081
T	76 83 86 88 80 w=25.2002	(ipsum)
Mx 	170.4247
T	71 82 79 82 85 w=21.9287	(dolor)
Mx 	29.3669
My 	79.4121
T	86 76 87 w=10.0146	(sit)
Mx 	42.1830
T	68 80 72 87 w=20.6836	(amet)
Mx 	65.6680
T	70 82 81 86 72 87 72 87 88 85 w=44.1602	(consetetur)
Mx 	112.6295
T	86 68 71 76 83 86 70 76 81 74 w=42.9980	(sadipscing)
Mx 	158.4289
T	72 79 76 87 85 w=17.4414	(elitr)
Mx 	178.6717
T	86 72 71 w=13.6816	(sed)
Mx 	29.3669
My 	91.7416
T	71 76 68 80 w=20.5322	(diam)
Mx 	53.1165
T	81 82 81 88 80 92 w=34.3262	(nonumy)
Mx 	90.6600
T	72 76 85 80 82 71 w=29.5508	(eirmod)
Mx 	123.4281
T	87 72 80 83 82 85 w=30.3809	(tempor)
Mx 	157.0262
T	76 81 89 76 71 88 81 87 w=35.3271	(invidunt)
Mx 	29.3669
My 	104.0710
T	88 87 w=8.7402	(ut)
Mx 	40.0157
T	79 68 69 82 85 72 w=25.9863	(labore)
Mx 	67.9105
T	72 87 w=8.0615	(et)
Mx 	77.8806
T	71 82 79 82 85 72 w=26.5479	(dolore)
Mx 	106.3370
T	80 68 74 81 68 w=27.6074	(magna)
Mx 	135.8529
T	68 79 76 84 88 92 68 80 w=38.0127	(aliquyam)
Mx 	175.7742
T	72 85 68 87 w=16.6113	(erat)
Mx 	29.3669
My 	116.4005
T	86 72 71 w=13.6816	(sed)
Mx 	46.1963
T	71 76 68 80 w=20.5322	(diam)
Mx 	69.8763
T	89 82 79 88 83 87 88 68 w=36.5967	(voluptua)
Mx 	109.6208
T	68 87 w=8.0322	(at)
Mx 	120.8007
T	89 72 85 82 w=18.5400	(vero)
Mx 	142.4885
T	72 82 86 w=13.5107	(eos)
Mx 	159.1470
T	72 87 w=8.0615	(et)
Mx 	170.3563
T	68 70 w=8.9600	(ac)
Mx 	179.3163
T	70 88 w=9.6680	(cu)
Mx 	188.9842
T	16 w=3.3691	(-)
Mx 	29.3669
My 	128.7299
T	86 68 80 w=16.4844	(sam)
Mx 	49.8550
T	72 87 w=8.0615	(et)
Mx 	61.9201
T	77 88 86 87 82 w=20.2197	(justo)
Mx 	86.1435
T	71 88 82 w=15.5273	(duo)
Mx 	105.6745
T	71 82 79 82 85 72 86 w=30.4102	(dolores)
Mx 	140.0883
T	72 87 w=8.0615	(et)
Mx 	152.1535
T	72 68 w=9.2090	(ea)
Mx 	165.3661
T	85 72 69 88 80 w=26.9873	(rebum)
Mx 	29.3669
My 	141.0594
T	86 87 72 87 w=15.3662	(stet)
Mx 	49.0419
T	70 79 76 87 68 w=17.8223	(clita)
Mx 	71.1730
T	78 68 86 71 w=18.5303	(kasd)
Mx 	94.0120
T	74 88 69 72 85 74 85 72 81 w=42.8076	(gubergren)
Mx 	141.1284
T	81 82 w=10.5469	(no)
Mx 	155.9841
T	86 72 68 w=13.0713	(sea)
Mx 	173.3641
T	87 68 w=8.0322	(ta)
Mx 	181.3964
T	78 76 w=7.5879	(ki)
Mx 	188.9842
T	16 w=3.3691	(-)
Mx 	29.3669
My 	153.3888
T	80 68 87 68 w=20.6543	(mata)
Mx 	53.0165
T	86 68 81 70 87 88 86 w=30.9424	(sanctus)
Mx 	86.9542
T	72 86 87 w=11.9238	(est)
Mx 	101.8733
T	79 82 85 72 80 w=24.3506	(lorem)
Mx 	129.2192
T	76 83 86 88 80 w=25.2002	(ipsum)
Mx 	157.4147
T	71 82 79 82 85 w=21.9287	(dolor)
Mx 	182.3387
T	86 76 87 w=10.0146	(sit)
Mx 	29.3669
My 	165.7183
T	68 80 72 87 w=20.6836	(amet)
Mx 	52.2768
T	79 82 85 72 80 w=24.3506	(lorem)
Mx 	78.8536
T	76 83 86 88 80 w=25.2002	(ipsum)
Mx 	106.2801
T	71 82 79 82 85 w=21.9287	(dolor)
Mx 	130.4351
T	86 76 87 w=10.0146	(sit)
Mx 	142.6760
T	68 80 72 87 w=20.6836	(amet)
Mx 	165.5858
T	70 82 81 w=14.9170	(con)
Mx 	180.5028
T	86 72 w=8.4814	(se)
Mx 	188.9842
T	16 w=3.3691	(-)
Mx 	29.3669
My 	178.0477
T	87 72 w=8.0615	(te)
Mx 	37.4285
T	87 88 85 w=12.7002	(tur)
Mx 	52.7777
T	86 68 71 76 83 86 70 76 81 74 w=42.9980	(sadipscing)
Mx 	98.4248
T	72 79 76 87 85 w=17.4414	(elitr)
Mx 	118.5152
T	86 72 71 w=13.6816	(sed)
Mx 	134.8459
T	71 76 68 80 w=20.5322	(diam)
Mx 	158.0272
T	81 82 81 88 80 92 w=34.3262	(nonumy)
Mx 	29.3669
My 	190.3772
T	72 76 85 80 82 71 w=29.5508	(eirmod)
Mx 	60.8262
T	87 72 80 83 82 85 w=30.3809	(tempor)
Mx 	93.1156
T	76 81 89 76 71 88 81 87 w=35.3271	(invidunt)
Mx 	130.3513
T	88 87 w=8.7402	(ut)
Mx 	141.0001
T	79 68 69 82 85 72 w=25.9863	(labore)
Mx 	168.8949
T	72 87 w=8.0615	(et)
Mx 	178.8650
T	71 82 w=10.2295	(do)
Mx 	189.0945
T	16 w=3.3691	(-)
Mx 	29.3669
My 	202.7066
T	79 82 85 72 w=16.3184	(lore)
Mx 	48.5007
T	80 68 74 81 68 w=27.6074	(magna)
Mx 	78.9236
T	68 79 76 84 88 92 68 80 w=38.0127	(aliquyam)
Mx 	119.7518
T	72 85 68 87 w=16.6113	(erat)
Mx 	139.1785
T	86 72 71 w=13.6816	(sed)
Mx 	155.6756
T	71 76 68 80 w=20.5322	(diam)
Mx 	179.0233
T	89 82 w=9.9609	(vo)
Mx 	188.9842
T	16 w=3.3691	(-)
Mx 	29.3669
My 	215.0361
T	79 88 83 w=13.3057	(lup)
Mx 	42.6726
T	87 88 68 w=13.3301	(tua)
Mx 	59.5473
T	68 87 w=8.0322	(at)
Mx 	71.1242
T	89 72 85 82 w=18.5400	(vero)
Mx 	93.2089
T	72 82 86 w=13.5107	(eos)
Mx 	110.2643
T	72 87 w=8.0615	(et)
Mx 	121.8705
T	68 70 70 88 86 68 80 w=35.1123	(accusam)
Mx 	160.5275
T	72 87 w=8.0615	(et)
Mx 	172.1337
T	77 88 86 87 82 w=20.2197	(justo)
Mx 	29.3669
My 	227.3655
T	71 88 82 w=15.5273	(duo)
Mx 	47.9046
T	71 82 79 82 85 72 86 w=30.4102	(dolores)
Mx 	81.3251
T	72 87 w=8.0615	(et)
Mx 	92.3970
T	72 68 w=9.2090	(ea)
Mx 	104.6163
T	85 72 69 88 80 w=26.9873	(rebum)
Mx 	134.6140
T	86 87 72 87 w=15.3662	(stet)
Mx 	152.9905
T	70 79 76 87 68 w=17.8223	(clita)
Mx 	173.8231
T	78 68 86 71 w=18.5303	(kasd)
Mx 	29.3669
My 	245.8229
Set font 	Gentium Plus;9;400;;normal;;LTR
T	20 26 w=8.4463	(17)
Mx 	37.8132
T	17 w=2.0610	(.)
Mx 	57.8743
T	58 75 68 87 w=19.8457	(What)
Mx 	80.1022
T	75 68 83 83 72 81 86 w=31.2319	(happens)
Mx 	113.7163
T	87 82 w=7.6245	(to)
Mx 	123.7231
T	73 85 68 80 72 86 w=25.3564	(frames)
Mx 	149.0795
T	34 w=3.8979	(?)
Mx 	108.5140
My 	262.8917
Set font 	Gentium Plus;10;400;;normal;;LTR
T	22 w=4.6924	(3)
New page
Mx 	17.4104
My 	42.0943
T	74 88 69 72 85 74 85 72 81 w=42.8076	(gubergren)
Mx 	63.7020
T	81 82 w=10.5469	(no)
Mx 	77.7329
T	86 72 68 w=13.0713	(sea)
Mx 	94.2882
T	87 68 78 76 80 68 87 68 w=36.2744	(takimata)
Mx 	134.0466
T	86 68 81 70 87 88 86 w=30.9424	(sanctus)
Mx 	168.4730
T	72 86 87 w=11.9238	(est)
Mx 	17.4104
My 	54.0943
T	79 82 85 72 80 w=24.3506	(lorem)
Mx 	45.9412
T	76 83 86 88 80 w=25.2002	(ipsum)
Mx 	75.3216
T	71 82 79 82 85 w=21.9287	(dolor)
Mx 	101.4305
T	86 76 87 w=10.0146	(sit)
Mx 	115.6253
T	68 80 72 87 w=20.6836	(amet)
Mx 	140.4891
T	79 82 85 72 80 w=24.3506	(lorem)
Mx 	169.0199
T	76 83 w=8.0078	(ip)
Mx 	177.0277
T	16 w=3.3691	(-)
Mx 	17.4104
My 	66.0943
T	86 88 80 w=17.1924	(sum)
Mx 	36.5113
T	71 82 79 82 85 w=21.9287	(dolor)
Mx 	60.3485
T	86 76 87 w=10.0146	(sit)
Mx 	72.2717
T	68 80 72 87 w=20.6836	(amet)
Mx 	94.8638
T	70 82 81 86 72 87 72 87 88 85 w=44.1602	(consetetur)
Mx 	140.9325
T	86 68 71 76 83 86 70 76 81 74 w=42.9980	(sadipscing)
Mx 	17.4104
My 	78.0943
T	72 79 76 87 85 w=17.4414	(elitr)
Mx 	38.2665
T	86 72 71 w=13.6816	(sed)
Mx 	55.3628
T	71 76 68 80 w=20.5322	(diam)
Mx 	79.3097
T	81 82 81 88 80 92 w=34.3262	(nonumy)
Mx 	117.0505
T	72 76 85 80 82 71 w=29.5508	(eirmod)
Mx 	150.0160
T	87 72 80 83 82 85 w=30.3809	(tempor)
Mx 	17.4104
My 	90.0943
T	76 81 89 76 71 88 81 87 w=35.3271	(invidunt)
Mx 	55.6270
T	88 87 w=8.7402	(ut)
Mx 	67.2568
T	79 68 69 82 85 72 w=25.9863	(labore)
Mx 	96.1326
T	72 87 w=8.0615	(et)
Mx 	107.0837
T	71 82 79 82 85 72 w=26.5479	(dolore)
Mx 	136.5210
T	80 68 74 81 68 w=27.6074	(magna)
Mx 	167.0179
T	68 79 76 w=10.0098	(ali)
Mx 	177.0277
T	16 w=3.3691	(-)
Mx 	17.4104
My 	102.0943
T	84 88 92 68 80 w=28.0029	(quyam)
Mx 	48.9116
T	72 85 68 87 w=16.6113	(erat)
Mx 	69.0211
T	86 72 71 w=13.6816	(sed)
Mx 	86.2010
T	71 76 68 80 w=20.5322	(diam)
Mx 	110.2314
T	89 82 79 88 83 87 88 68 w=36.5967	(voluptua)
Mx 	150.3264
T	68 87 w=8.0322	(at)
Mx 	161.8568
T	89 72 85 82 w=18.5400	(vero)
Mx 	17.4104
My 	114.0943
T	72 82 86 w=13.5107	(eos)
Mx 	34.3528
T	72 87 w=8.0615	(et)
Mx 	45.8460
T	68 70 70 88 86 68 80 w=35.1123	(accusam)
Mx 	84.3899
T	72 87 w=8.0615	(et)
Mx 	95.8831
T	77 88 86 87 82 w=20.2197	(justo)
Mx 	119.5345
T	71 88 82 w=15.5273	(duo)
Mx 	138.4935
T	71 82 79 82 85 72 86 w=30.4102	(dolores)
Mx 	172.3353
T	72 87 w=8.0615	(et)
Mx 	17.4104
My 	126.0943
T	72 68 w=9.2090	(ea)
Mx 	30.2389
T	85 72 69 88 80 w=26.9873	(rebum)
Mx 	60.8457
T	86 87 72 87 w=15.3662	(stet)
Mx 	79.8314
T	70 79 76 87 68 w=17.8223	(clita)
Mx 	101.2731
T	78 68 86 71 w=18.5303	(kasd)
Mx 	123.4229
T	74 88 69 72 85 74 85 72 81 w=42.8076	(gubergren)
Mx 	169.8500
T	81 82 w=10.5469	(no)
Mx 	17.4104
My 	138.0943
T	86 72 68 w=13.0713	(sea)
Mx 	34.7264
T	87 68 78 76 80 68 87 68 w=36.2744	(takimata)
Mx 	75.2456
T	86 68 81 70 87 88 86 w=30.9424	(sanctus)
Mx 	110.4327
T	72 86 87 w=11.9238	(est)
Mx 	126.6013
T	79 82 85 72 80 w=24.3506	(lorem)
Mx 	155.1967
T	76 83 86 88 80 w=25.2002	(ipsum)
Mx 	17.4104
My 	150.0943
T	71 82 79 82 85 w=21.9287	(dolor)
Mx 	41.9932
T	86 76 87 w=10.0146	(sit)
Mx 	54.6620
T	68 80 72 87 w=20.6836	(amet)
Mx 	96.5574
My 	262.9405
T	23 w=4.6924	(4)
End page
Finish
