Set paper size 	209.7637818	297.6377985
Begin page
Mx 	32.7780
My 	22.4502
Set font 	Gentium Plus;10;400;;normal;;LTR
T	47 82 85 72 80 w=26.4014	(Lorem)
Mx 	61.4691
T	76 83 86 88 80 w=25.2002	(ipsum)
Mx 	88.9590
T	71 82 79 82 85 w=21.9287	(dolor)
Mx 	113.1775
T	86 76 87 w=10.0146	(sit)
Mx 	125.4819
T	68 80 72 87 w=20.6836	(amet)
Mx 	146.1655
T	15 w=2.2900	(,)
Mx 	150.7453
T	70 82 81 86 72 70 87 72 87 88 85 w=48.5303	(consectetur)
Mx 	10.4882
My 	34.4502
Set font 	Libertinus Math;10;400;;normal;;LTR
T	18 w=4.6500	(nil)
Mx 	18.0775
T	12 w=6.4800	(nil)
Mx 	27.4969
T	18 w=4.6500	(nil)
Mx 	36.7174
T	30 w=6.4800	(nil)
Mx 	47.7680
T	19 w=4.6500	(nil)
Mx 	55.7712
Set font 	Gentium Plus;10;400;;normal;;LTR
T	72 79 76 87 w=13.4814	(elit)
Mx 	69.2527
T	17 w=2.2900	(.)
Mx 	74.8959
T	48 82 85 69 76 w=24.8389	(Morbi)
Mx 	103.0880
T	79 68 82 85 72 72 87 w=28.9697	(laoreet)
Mx 	135.4110
T	71 76 68 80 w=20.5322	(diam)
Mx 	159.2964
T	82 71 76 82 w=17.9688	(odio)
Mx 	177.2651
T	15 w=2.2900	(,)
Mx 	182.9084
T	73 68 88 w=12.9980	(fau)
Mx 	195.9065
T	16 w=3.3691	(-)
Mx 	10.4882
My 	46.4502
T	70 76 69 88 86 w=21.3184	(cibus)
Mx 	34.9259
T	74 85 68 89 76 71 68 w=30.8594	(gravida)
Mx 	68.9047
T	80 68 86 86 68 w=24.9365	(massa)
Mx 	96.9606
Set font 	Libertinus Math;10;400;;normal;;LTR
T	2717 w=3.8100	(nil)
Mx 	100.7706
My 	43.3502
Set font 	Libertinus Math;8;400;;normal;;LTR
T	2720 w=1.8320	(nil)
Mx 	102.6026
T	874 w=4.5280	(nil)
Mx 	111.5412
My 	46.4502
Set font 	Libertinus Math;10;400;;normal;;LTR
T	30 w=6.4800	(nil)
Mx 	122.0019
T	68 80 84 w=13.2200	(nil)
Mx 	135.2219
Mx 	2.8200
T	9 a=3.5600	(nil)
Mx 	138.7819
T	874 w=5.6600	(nil)
Mx 	144.4419
Mx 	2.8200
T	10 a=3.5600	(nil)
Mx 	151.9826
T	30 w=6.4800	(nil)
Mx 	162.4432
T	2061 w=6.4800	(nil)
Mx 	168.9232
T	18 w=4.6500	(nil)
Mx 	176.6926
Set font 	Gentium Plus;10;400;;normal;;LTR
T	89 76 87 68 72 w=20.2930	(vitae)
Mx 	196.9856
T	17 w=2.2900	(.)
Mx 	10.4882
My 	58.4502
T	48 68 72 70 72 81 68 86 w=40.2295	(Maecenas)
Mx 	53.3589
T	89 72 81 72 81 68 87 76 86 w=39.8096	(venenatis)
Mx 	95.8096
T	88 79 87 85 76 70 72 86 w=30.9717	(ultrices)
Mx 	129.4225
T	80 82 79 72 86 87 76 72 w=35.0244	(molestie)
Mx 	164.4469
T	17 w=2.2900	(.)
Mx 	169.3781
T	51 75 68 86 72 79 w=26.5283	(Phasel)
Mx 	195.9065
T	16 w=3.3691	(-)
Mx 	10.4882
My 	70.4502
T	79 88 86 w=11.8701	(lus)
Mx 	25.7926
Set font 	Libertinus Math;10;400;;normal;;LTR
T	2717 w=3.8100	(nil)
Mx 	29.6026
My 	67.3502
Set font 	Libertinus Math;8;400;;normal;;LTR
T	2720 w=1.8320	(nil)
Mx 	31.4346
T	866 w=3.9120	(nil)
Mx 	40.5518
My 	70.4502
Set font 	Libertinus Math;10;400;;normal;;LTR
T	30 w=6.4800	(nil)
Mx 	51.8070
T	68 80 84 w=13.2200	(nil)
Mx 	65.0270
Mx 	3.0000
T	3653 a=4.2100	(nil)
Mx 	69.2370
T	866 w=4.8900	(nil)
Mx 	74.1270
Mx 	2.9900
T	3654 a=4.2100	(nil)
Mx 	81.3581
T	12 w=6.4800	(nil)
Mx 	90.8593
T	2720 w=2.2900	(nil)
Mx 	94.8160
T	84 74 79 w=12.0300	(nil)
Mx 	106.8460
Mx 	3.0000
T	3653 a=4.2100	(nil)
Mx 	111.0560
T	866 w=4.8900	(nil)
Mx 	115.9460
Mx 	2.9900
T	3654 a=4.2100	(nil)
Mx 	123.5903
Set font 	Gentium Plus;10;400;;normal;;LTR
T	72 79 72 80 72 81 87 88 80 w=46.8896	(elementum)
Mx 	173.9143
T	84 88 68 80 w=23.0713	(quam)
Mx 	196.9856
T	15 w=2.2900	(,)
Mx 	10.4882
My 	82.4502
T	72 74 72 87 w=17.5586	(eget)
Mx 	31.8795
T	79 82 69 82 85 87 76 86 w=31.8213	(lobortis)
Mx 	67.5335
T	79 76 74 88 79 68 w=22.8955	(ligula)
Mx 	94.2618
T	69 76 69 72 81 71 88 80 w=41.5332	(bibendum)
Mx 	139.6277
T	68 70 w=8.9600	(ac)
Mx 	148.5877
T	17 w=2.2900	(.)
Mx 	154.7104
T	40 87 76 68 80 w=23.7354	(Etiam)
Mx 	182.2785
T	70 88 85 w=13.6279	(cur)
Mx 	195.9065
T	16 w=3.3691	(-)
Mx 	10.4882
My 	94.4502
T	86 88 86 w=13.0225	(sus)
Mx 	26.0006
T	89 88 79 83 88 87 68 87 72 w=39.6289	(vulputate)
Mx 	68.1195
T	81 76 86 79 w=14.7998	(nisl)
Mx 	85.4092
T	68 87 w=8.0322	(at)
Mx 	95.9314
T	70 82 81 89 68 79 79 76 86 w=36.4307	(convallis)
Mx 	132.3621
T	17 w=2.2900	(.)
Mx 	137.1421
T	36 79 76 84 88 68 80 w=34.4434	(Aliquam)
Mx 	174.0754
T	76 83 86 88 80 w=25.2002	(ipsum)
Mx 	10.4882
My 	106.4502
T	83 88 85 88 86 w=23.7158	(purus)
Mx 	34.2040
T	15 w=2.2900	(,)
Mx 	39.2005
T	80 68 91 76 80 88 86 w=37.5537	(maximus)
Mx 	79.4606
T	68 w=4.5898	(a)
Mx 	86.7569
T	73 72 79 76 86 w=17.0117	(felis)
Mx 	106.4750
T	84 88 76 86 w=17.0215	(quis)
Mx 	123.4965
T	15 w=2.2900	(,)
Mx 	128.4930
T	89 72 75 76 70 88 79 68 w=34.7461	(vehicula)
Mx 	165.9455
T	72 741 70 76 87 88 85 w=33.3301	(efficitur)
Mx 	10.4882
My 	118.4502
T	87 82 85 87 82 85 w=24.8633	(tortor)
Mx 	35.3515
T	17 w=2.2900	(.)
Mx 	102.5357
My 	279.9059
T	20 w=4.6924	(1)
End page
Finish
