Set paper size 	432	648
Begin page
Mx 	41.6000
My 	39.6266
Set font 	Gentium Plus;10;400;;normal;;LTR
T	56 81 w=12.0557	(Un)
Mx 	54.9770
T	4 w=2.7197	(!)
Mx 	60.3669
T	39 72 88 w=15.8447	(Deu)
Mx 	76.2117
T	91 w=5.0293	(x)
Mx 	82.5622
T	34 w=4.3311	(?)
Mx 	89.5636
T	55 85 82 w=14.4971	(Tro)
Mx 	104.0606
T	76 w=2.7100	(i)
Mx 	106.7706
T	86 w=3.8623	(s)
Mx 	111.9542
T	4 34 w=7.0508	(!?)
Mx 	121.6752
T	52 88 68 w=15.8887	(Qua)
Mx 	137.5639
T	87 w=3.4424	(t)
Mx 	141.0063
T	85 w=3.9600	(r)
Mx 	144.9662
T	72 w=4.6191	(e)
Mx 	150.9067
T	4 4 4 w=8.1592	(!!!)
Mx 	41.6000
My 	51.6266
T	38 76 81 84 w=18.7402	(Cinq)
Mx 	63.0114
T	29 w=2.2900	(:)
Mx 	67.9726
T	169 w=4.8535	(«)
Mx 	74.9488
T	54 w=4.7607	(S)
Mx 	79.7095
T	76 w=2.7100	(i)
Mx 	82.4195
T	91 w=5.0293	(x)
Mx 	90.1199
T	190 w=3.0469	(‹)
Mx 	95.2894
T	54 w=4.7607	(S)
Mx 	100.0502
T	72 83 87 w=13.3594	(ept)
Mx 	115.5322
T	191 67 w=6.2354	(›`)
Mx 	121.7675
T	43 88 w=11.8359	(Hu)
Mx 	133.6035
T	76 w=2.7100	(i)
Mx 	136.3134
T	87 w=3.4424	(t)
Mx 	141.8785
T	170 w=4.8535	(»)
Mx 	148.0533
T	4 w=2.7197	(!)
Mx 	41.6000
My 	63.6266
T	62 w=3.0762	([)
Mx 	44.6762
T	49 72 88 73 w=19.5166	(Neuf)
Mx 	64.1928
T	64 w=3.0762	(])
Mx 	69.9385
T	29 w=2.2900	(:)
Mx 	74.8980
T	11 39 76 w=11.8066	((Di)
Mx 	86.7047
T	91 w=5.0293	(x)
Mx 	91.7340
T	12 w=3.1689	())
Mx 	96.2242
T	4 w=2.7197	(!)
Mx 	101.6134
Set font 	Gentium Plus;10;400;Italic;normal;;LTR
T	50 81 93 72 w=18.1104	(Onze)
Mx 	121.0451
Set font 	Gentium Plus;10;400;;normal;;LTR
T	4 w=2.7197	(!)
Mx 	126.4343
Set font 	Gentium Plus;10;400;Italic;normal;;LTR
T	169 w=4.3066	(«)
Mx 	132.8631
T	39 82 88 93 w=18.4570	(Douz)
Mx 	151.3201
T	72 w=3.9307	(e)
Mx 	157.3730
T	170 w=4.3066	(»)
Mx 	163.0009
Set font 	Gentium Plus;10;400;;normal;;LTR
T	4 w=2.7197	(!)
Mx 	41.6000
My 	75.6266
T	55 85 72 76 93 72 w=25.6592	(Treize)
Mx 	68.5805
T	30 w=2.2900	(;)
Mx 	73.5448
T	52 88 68 87 82 85 93 w=32.5635	(Quatorz)
Mx 	106.1082
T	72 w=4.6191	(e)
Mx 	113.4016
T	171 w=6.6895	(…)
Mx 	120.0911
T	4 w=2.7197	(!)
Mx 	41.6000
My 	87.6266
T	52 88 76 81 93 72 w=28.3887	(Quinze)
Mx 	72.6609
T	11 w=3.1689	(()
Mx 	75.8298
T	34 w=4.3311	(?)
Mx 	80.1609
T	12 w=3.1689	())
Mx 	83.3298
T	15 w=2.2900	(,)
Mx 	86.9412
T	34 w=4.3311	(?)
Mx 	91.2722
T	4 w=2.7197	(!)
Mx 	93.9919
T	15 w=2.2900	(,)
Mx 	98.9542
T	62 w=3.0762	([)
Mx 	102.0304
T	4 w=2.7197	(!)
Mx 	104.7501
T	64 w=3.0762	(])
Mx 	107.8263
T	15 w=2.2900	(,)
Mx 	112.7885
T	171 w=6.6895	(…)
Mx 	119.4780
T	34 w=4.3311	(?)
Mx 	126.4813
T	72 87 w=8.0615	(et)
Mx 	134.5428
T	70 w=4.3701	(c)
Mx 	138.9129
T	17 w=2.2900	(.)
Mx 	41.6000
My 	99.6266
T	56 81 w=12.0557	(Un)
Mx 	54.9770
T	4 w=2.7197	(!)
Mx 	60.3669
T	39 72 88 91 w=20.8740	(Deux)
Mx 	82.5622
T	34 w=4.3311	(?)
Mx 	89.5636
T	55 85 82 76 86 w=21.0693	(Trois)
Mx 	111.9542
T	4 w=2.7197	(!)
Mx 	114.6739
T	34 w=4.3311	(?)
Mx 	121.6752
T	52 88 68 87 85 72 w=27.9102	(Quatre)
Mx 	150.9067
T	4 w=2.7197	(!)
Mx 	153.6264
T	4 w=2.7197	(!)
Mx 	156.3461
T	4 w=2.7197	(!)
Mx 	41.6000
My 	111.6266
T	38 76 81 84 w=18.7402	(Cinq)
Mx 	63.0114
T	29 w=2.2900	(:)
Mx 	67.9726
T	169 w=4.8535	(«)
Mx 	74.9488
T	54 76 91 w=12.5000	(Six)
Mx 	90.1199
T	190 w=3.0469	(‹)
Mx 	95.2894
T	54 72 83 87 w=18.1201	(Sept)
Mx 	115.5322
T	191 w=3.0469	(›)
Mx 	118.5791
T	67 w=3.1885	(`)
Mx 	121.7675
T	43 88 76 87 w=17.9883	(Huit)
Mx 	141.8785
T	170 w=4.8535	(»)
Mx 	148.0533
T	4 w=2.7197	(!)
Mx 	41.6000
My 	123.6266
T	62 w=3.0762	([)
Mx 	44.6762
T	49 72 88 73 w=19.5166	(Neuf)
Mx 	64.1928
T	64 w=3.0762	(])
Mx 	69.9385
T	29 w=2.2900	(:)
Mx 	74.8980
T	11 w=3.1689	(()
Mx 	78.0670
T	39 76 91 w=13.6670	(Dix)
Mx 	91.7340
T	12 w=3.1689	())
Mx 	96.2242
T	4 w=2.7197	(!)
Mx 	101.6134
Set font 	Gentium Plus;10;400;Italic;normal;;LTR
T	50 81 93 72 w=18.1104	(Onze)
Mx 	121.0451
Set font 	Gentium Plus;10;400;;normal;;LTR
T	4 w=2.7197	(!)
Mx 	126.4343
Set font 	Gentium Plus;10;400;Italic;normal;;LTR
T	169 w=4.3066	(«)
Mx 	132.8631
T	39 82 88 93 w=18.4570	(Douz)
Mx 	151.3201
T	72 w=3.9307	(e)
Mx 	157.3730
T	170 w=4.3066	(»)
Mx 	163.0009
Set font 	Gentium Plus;10;400;;normal;;LTR
T	4 w=2.7197	(!)
Mx 	41.6000
My 	135.6266
T	55 85 72 76 93 72 w=25.6592	(Treize)
Mx 	68.5805
T	30 w=2.2900	(;)
Mx 	73.5450
T	52 88 68 87 82 85 93 72 w=37.1826	(Quatorze)
Mx 	110.7277
T	171 w=6.6895	(…)
Mx 	117.4171
T	4 w=2.7197	(!)
Mx 	41.6000
My 	147.6266
T	52 88 76 81 93 72 w=28.3887	(Quinze)
Mx 	72.6609
T	11 w=3.1689	(()
Mx 	75.8298
T	34 w=4.3311	(?)
Mx 	80.1609
T	12 w=3.1689	())
Mx 	83.3298
T	15 w=2.2900	(,)
Mx 	86.9412
T	34 w=4.3311	(?)
Mx 	91.2722
T	4 w=2.7197	(!)
Mx 	93.9919
T	15 w=2.2900	(,)
Mx 	98.9542
T	62 w=3.0762	([)
Mx 	102.0304
T	4 64 w=5.7959	(!])
Mx 	107.8263
T	15 w=2.2900	(,)
Mx 	112.7885
T	171 w=6.6895	(…)
Mx 	119.4780
T	34 w=4.3311	(?)
Mx 	126.4813
T	72 87 70 17 w=14.7217	(etc.)
Mx 	213.6538
My 	602.2391
T	20 w=4.6924	(1)
End page
Finish
