Set paper size 	209.7637818	297.6377985
Begin page
Mx 	37.4104
My 	42.0943
Set font 	Gentium Plus;10;400;;normal;;LTR
T	47 82 85 72 80	(Lorem)
Mx 	67.4481
T	76 83 86 88 80	(ipsum)
Mx 	96.2847
T	71 82 79 82 85	(dolor)
Mx 	121.8497
T	86 76 87	(sit)
Mx 	135.5007
T	68 80 72 87	(amet)
Mx 	156.1843
T	15	(,)
Mx 	162.1107
T	70 82 81	(con)
Mx 	177.0277
T	16	(-)
Mx 	17.4104
My 	54.5041
T	86 72 70 87 72	(secte)
Mx 	38.3235
T	87 88 85	(tur)
Mx 	53.1005
T	68 71 76 83 76 86 76 70 76 81 74	(adipisicing)
Mx 	99.7329
T	72 79 76 87	(elit)
Mx 	113.2144
T	15	(,)
Mx 	117.5812
T	86 72 71	(sed)
Mx 	133.3396
T	71 82	(do)
Mx 	145.6459
T	72 76 88 86 80 82 71	(eiusmod)
Mx 	17.4104
My 	66.9138
T	87 72 80 83 82 85	(tempor)
Mx 	51.9100
T	76 81 70 76 71 76 71 88 81 87	(incididunt)
Mx 	98.7046
T	88 87	(ut)
Mx 	111.5636
T	79 68 69 82 85 72	(labore)
Mx 	141.6687
T	72 87	(et)
Mx 	153.8490
T	71 82 79 82 85 72	(dolore)
Mx 	17.4104
My 	79.3235
T	80 68 74 81 68	(magna)
Mx 	46.9263
T	68 79 76 84 88 68	(aliqua)
Mx 	71.9752
T	17	(.)
Mx 	76.1737
T	56 87	(Ut)
Mx 	88.0627
T	72 81 76 80	(enim)
Mx 	110.8502
T	68 71	(ad)
Mx 	122.5487
T	80 76 81 76 80	(minim)
Mx 	151.4592
T	89 72 81 76 68 80	(veniam)
Mx 	181.8596
T	15	(,)
Mx 	17.4104
My 	91.7332
T	84 88 76 86	(quis)
Mx 	36.3404
T	81 82 86 87 85 88 71	(nostrud)
Mx 	70.5585
T	72 91 72 85 70 76 87 68 87 76 82 81	(exercitation)
Mx 	122.5061
T	88 79 79 68 80 70 82	(ullamco)
Mx 	157.1539
T	79 68 69 82 85 76 86	(laboris)
Mx 	17.4104
My 	104.1429
T	81 76 86 76	(nisi)
Mx 	36.3155
T	88 87	(ut)
Mx 	49.1611
T	68 79 76 84 88 76 83	(aliquip)
Mx 	81.7332
T	72 91	(ex)
Mx 	95.4870
T	72 68	(ea)
Mx 	108.8013
T	70 82 80 80 82 71 82	(commodo)
Mx 	153.6293
T	70 82 81	(con)
Mx 	168.5463
T	86 72	(se)
Mx 	177.0277
T	16	(-)
Mx 	17.4104
My 	116.5526
T	84 88 68 87	(quat)
Mx 	35.8918
T	17	(.)
Mx 	40.5628
T	39 88 76 86	(Duis)
Mx 	60.7415
T	68 88 87 72	(aute)
Mx 	81.0716
T	76 85 88 85 72	(irure)
Mx 	103.9993
T	71 82 79 82 85	(dolor)
Mx 	128.3089
T	76 81	(in)
Mx 	138.9174
T	85 72 83	(rep)
Mx 	152.7943
T	85 72	(re)
Mx 	161.3734
T	75 72 81	(hen)
Mx 	177.0277
T	16	(-)
Mx 	17.4104
My 	128.9624
T	71 72 85 76 87	(derit)
Mx 	40.7857
T	76 81	(in)
Mx 	52.4570
T	89 82 79 88 83 87 68 87 72	(voluptate)
Mx 	95.2610
T	89 72 79 76 87	(velit)
Mx 	117.1178
T	72 86 86 72	(esse)
Mx 	137.5244
T	70 76 79 79 88 80	(cillum)
Mx 	166.7982
T	71 82	(do)
Mx 	177.0277
T	16	(-)
Mx 	17.4104
My 	141.3721
T	79 82 85 72	(lore)
Mx 	36.5614
T	72 88	(eu)
Mx 	49.3110
T	73 88 74 76 68 87	(fugiat)
Mx 	76.1720
T	81 88 79 79 68	(nulla)
Mx 	99.8298
T	83 68 85 76 68 87 88 85	(pariatur)
Mx 	133.6775
T	17	(.)
Mx 	138.8002
T	40 91 70 72 83 87 72 88 85	(Excepteur)
Mx 	17.4104
My 	153.7818
T	86 76 81 87	(sint)
Mx 	34.8511
T	82 70 70 68 72 70 68 87	(occaecat)
Mx 	72.1405
T	70 88 83 76 71 68 87 68 87	(cupidatat)
Mx 	112.9895
T	81 82 81	(non)
Mx 	130.9625
T	83 85 82 76 71 72 81 87	(proident)
Mx 	166.7388
T	15	(,)
Mx 	170.9374
T	86 88 81 87	(sunt)
Mx 	17.4104
My 	166.1915
T	76 81	(in)
Mx 	27.5883
T	70 88 79 83 68	(culpa)
Mx 	51.8043
T	84 88 76	(qui)
Mx 	66.9139
T	82 741 70 76 68	(officia)
Mx 	94.4941
T	71 72 86 72 85 88 81 87	(deserunt)
Mx 	132.9631
T	80 82 79 79 76 87	(mollit)
Mx 	159.5472
T	68 81 76 80	(anim)
Mx 	17.4104
My 	178.6012
T	76 71	(id)
Mx 	29.6533
T	72 86 87	(est)
Mx 	45.9098
T	79 68 69 82 85 88 80	(laborum)
Mx 	80.6071
T	17	(.)
Mx 	82.8971
My 	175.4225
Set font 	Gentium Plus;6.81152;400;;normal;;LTR
T	20	(1)
Mx 	90.4261
My 	178.6012
Set font 	Gentium Plus;10;400;;normal;;LTR
T	41 82 82 69 68 85	(Foobar)
Mx 	123.2256
T	69 68 93	(baz)
Mx 	141.4694
T	84 88 88 91	(quux)
Mx 	166.5785
T	84 88	(qu)
Mx 	177.0277
T	16	(-)
Draw line	17.4104 180.9450 20.0000 0.0000
Mx 	17.4104
My 	199.7565
Set font 	Gentium Plus;9;400;;normal;;LTR
T	20	(1)
Mx 	21.6335
T	17	(.)
Mx 	41.6946
T	47 82 85 72 80	(Lorem)
Mx 	67.1735
T	76 83 86 88 80	(ipsum)
Mx 	91.5713
T	71 82 79 82 85	(dolor)
Mx 	113.0248
T	86 76 87	(sit)
Mx 	123.7557
T	68 80 72 87	(amet)
Mx 	142.3709
T	15	(,)
Mx 	146.1497
T	70 82 81	(con)
Mx 	159.5749
T	86 72 70 87 72	(secte)
Mx 	178.3967
T	16	(-)
Mx 	17.4104
My 	211.7565
T	87 88 85	(tur)
Mx 	31.6944
T	68 71 76 83 76 86 76 70 76 81 74	(adipisicing)
Mx 	74.6484
T	72 79 76 87	(elit)
Mx 	86.7817
T	15	(,)
Mx 	91.6966
T	86 72 71	(sed)
Mx 	106.8639
T	71 82	(do)
Mx 	118.9243
T	72 76 88 86 80 82 71	(eiusmod)
Mx 	153.0541
T	87 72 80 83 82 85	(tempor)
Mx 	17.4104
My 	223.7565
T	76 81 70 76 71 76 71 88 81 87	(incididunt)
Mx 	57.9393
T	88 87	(ut)
Mx 	67.9262
T	79 68 69 82 85 72	(labore)
Mx 	93.4346
T	72 87	(et)
Mx 	102.8107
T	71 82 79 82 85 72	(dolore)
Mx 	128.8245
T	80 68 74 81 68	(magna)
Mx 	155.7919
T	68 79 76 84 88 68	(aliqua)
Mx 	178.3358
T	17	(.)
Mx 	17.4104
My 	235.7565
T	56 87	(Ut)
Mx 	28.7593
T	72 81 76 80	(enim)
Mx 	49.9167
T	68 71	(ad)
Mx 	61.0942
T	80 76 81 76 80	(minim)
Mx 	87.7624
T	89 72 81 76 68 80	(veniam)
Mx 	115.1227
T	15	(,)
Mx 	119.5502
T	84 88 76 86	(quis)
Mx 	137.2360
T	81 82 86 87 85 88 71	(nostrud)
Mx 	168.6810
T	72 91	(ex)
Mx 	177.3646
T	16	(-)
Mx 	17.4104
My 	247.7565
T	72 85 70 76	(erci)
Mx 	31.5037
T	87 68	(ta)
Mx 	38.7327
T	87 76 82 81	(tion)
Mx 	56.1495
T	88 79 79 68 80 70 82	(ullamco)
Mx 	85.6148
T	17	(.)
New page
Mx 	29.3669
My 	39.2135
Set font 	Gentium Plus;10;400;;normal;;LTR
T	88 88 91	(uux)
Mx 	44.9919
T	17	(.)
End page
Finish
