Set paper size 	297.6377985	419.5275636
Begin page
Mx 	44.7039
My 	56.3092
Set font 	Gentium Plus;10.1;400;;normal;;LTR
T	48 129 77 71 72	(Müjde)
Mx 	70.7282
T	15	(,)
Mx 	76.6409
T	43 85 76 86 87 76 92 68 81	(Hristiyan)
Mx 	118.8850
T	69 76 85 72 92 79 72 85 72	(bireylere)
Mx 	160.0639
T	89 72	(ve)
Mx 	173.3099
T	78 76 79 76 86 72 92 72	(kiliseye)
Mx 	208.2601
T	89 72 85 76 79 80 76 1578	(verilmiş)
Mx 	245.7304
T	72 81	(en)
Mx 	24.7039
My 	69.4075
T	69 129 92 129 78	(büyük)
Mx 	53.4752
T	75 68 93 76 81 72 71 76 85	(hazinedir)
Mx 	92.9332
T	17	(.)
Mx 	98.2792
T	48 129 77 71 72	(Müjde)
Mx 	124.3034
T	15	(,)
Mx 	129.6494
T	43 85 76 86 87 76 92 68 81	(Hristiyan)
Mx 	171.3267
T	69 76 85 72 92 79 72 85 72	(bireylere)
Mx 	211.9388
T	89 72	(ve)
Mx 	224.6181
T	78 76 79 76 86 72 92 72	(kiliseye)
Mx 	24.7039
My 	82.5058
T	89 72 85 76 79 80 76 1578	(verilmiş)
Mx 	60.6148
T	72 81	(en)
Mx 	72.8932
T	69 129 92 129 78	(büyük)
Mx 	100.6717
T	75 68 93 76 81 72 71 76 85	(hazinedir)
Mx 	140.1298
T	17	(.)
Mx 	144.4830
T	48 129 77 71 72	(Müjde)
Mx 	170.5073
T	15	(,)
Mx 	174.8606
T	69 76 85 111 82 78	(birçok)
Mx 	203.1865
T	1578 72 92 76 81	(şeyin)
Mx 	227.0839
T	68 85 68	(ara)
Mx 	240.3549
T	86 215 81	(sın)
Mx 	252.5657
T	16	(-)
Mx 	24.7039
My 	95.6041
T	71 68 78 76	(daki)
Mx 	45.8741
T	75 72 85 75 68 81 74 76	(herhangi)
Mx 	87.1752
T	69 76 85	(bir)
Mx 	102.6592
T	80 72 86 68 77	(mesaj)
Mx 	130.2059
T	71 72 785 3091 79 71 76 85	(değildir)
Mx 	162.5131
T	15	(,)
Mx 	168.4445
T	75 72 85	(her)
Mx 	186.3006
T	1578 72 92 76 81	(şeyin)
Mx 	211.7761
T	129 93 72 85 76 81 71 72 78 76	(üzerindeki)
Mx 	24.7039
My 	108.7024
T	69 76 85	(bir)
Mx 	39.8860
T	80 72 86 68 77 71 215 85	(mesajdır)
Mx 	75.8032
T	4	(!)
Mx 	81.8667
T	55 68 81 85 215 183 81 215 81	(Tanrı’nın)
Mx 	123.8867
T	78 88 85 87 68 85 80 68	(kurtarma)
Mx 	166.3408
T	74 129 70 129 71 129 85	(gücüdür)
Mx 	204.3021
T	89 72	(ve)
Mx 	217.2650
T	55 68 81 85 215 183 81 215 81	(Tanrı’nın)
Mx 	24.7039
My 	121.8007
T	86 68 92 215 86 215 93	(sayısız)
Mx 	54.6546
T	69 76 79 74 72 79 76 785 3091 81 76 81	(bilgeliğinin)
Mx 	101.8702
T	15	(,)
Mx 	106.9556
T	76 81 86 68 81 79 68 85 68	(insanlara)
Mx 	148.1553
T	89 72	(ve)
Mx 	160.5741
T	80 72 79 72 78 79 72 85 72	(meleklere)
Mx 	204.5208
T	89 72 85 76 79 80 72 86 76	(verilmesi)
Mx 	245.8291
T	76 79 72	(ile)
Mx 	24.7039
My 	134.8989
T	76 79 74 76 79 76	(ilgili)
Mx 	46.9188
T	72 81	(en)
Mx 	60.7597
T	69 129 92 129 78	(büyük)
Mx 	90.1008
T	89 68 75 76 92 71 76 85	(vahiydir)
Mx 	124.9971
T	17	(.)
Mx 	127.3100
My 	131.6885
Set font 	Gentium Plus;6.87964;400;;normal;;LTR
T	20	(1)
Mx 	134.1411
My 	134.8989
Set font 	Gentium Plus;10.1;400;;normal;;LTR
T	37 88	(Bu)
Mx 	148.6478
T	81 72 71 72 81 79 72	(nedenle)
Mx 	185.3814
T	72 79 111 76	(elçi)
Mx 	203.5375
T	51 68 89 79 88 86	(Pavlus)
Mx 	234.0276
T	89 68	(va)
Mx 	243.6443
T	68 93	(az)
Mx 	252.5657
T	16	(-)
Mx 	24.7039
My 	147.9972
T	79 68	(la)
Mx 	32.0767
T	85 215 81 71 68	(rında)
Mx 	56.9933
T	80 129 77 71 72 92 72	(müjdeye)
Mx 	95.3534
T	76 79 78	(ilk)
Mx 	108.4735
T	86 215 85 68 92 215	(sırayı)
Mx 	134.1840
T	89 72 85 80 76 1578 87 76 85	(vermiştir)
Mx 	172.7938
T	15	(,)
Mx 	177.8260
T	82 81 88	(onu)
Mx 	196.5483
T	68 111 215 78	(açık)
Mx 	215.9809
T	89 72	(ve)
Mx 	228.3464
T	68 81	(an)
Mx 	238.5549
T	79 68	(la)
Mx 	245.9277
T	1578 215	(şı)
Mx 	252.5657
T	16	(-)
Mx 	24.7039
My 	161.0955
T	79 215 85	(lır)
Mx 	36.6811
T	69 76 85	(bir)
Mx 	51.0500
T	1578 72 78 76 79 71 72	(şekilde)
Mx 	82.4381
T	89 68 68 93	(vaaz)
Mx 	103.4796
T	72 71 72 69 76 79 80 72 78	(edebilmek)
Mx 	148.8735
T	76 111 76 81	(için)
Mx 	166.8377
T	87 129 80	(tüm)
Mx 	186.2813
T	74 68 92 85 72 87 76 81 76	(gayretini)
Mx 	226.5167
T	74 124 86	(gös)
Mx 	240.4240
T	87 72 85	(ter)
Mx 	252.5657
T	16	(-)
Mx 	24.7039
My 	174.1938
T	80 76 1578	(miş)
Mx 	39.4545
T	87 76 85	(tir)
Mx 	52.1079
T	89 72	(ve)
Mx 	64.1941
T	75 68 87 87 68	(hatta)
Mx 	88.4319
T	68 86 215 79	(asıl)
Mx 	104.8827
T	80 129 77 71 72 71 72 81	(müjdeden)
Mx 	148.8076
T	86 68 83 68 85 68 78	(saparak)
Mx 	183.3328
T	73 68 85 78 79 215	(farklı)
Mx 	207.9503
T	69 76 85	(bir)
Mx 	222.2558
T	80 129 77 71 72 92 76	(müjdeyi)
Mx 	24.7039
My 	187.2921
T	89 68 68 93	(vaaz)
Mx 	45.9217
T	72 71 72 81 79 72 85 72	(edenlere)
Mx 	84.8243
T	79 68 81 72 87	(lanet)
Mx 	108.5917
T	82 78 88 80 88 1578 87 88 85	(okumuştur)
Mx 	154.1403
T	17	(.)
Mx 	156.4533
My 	184.0816
Set font 	Gentium Plus;6.87964;400;;normal;;LTR
T	21	(2)
Mx 	44.7039
My 	201.3687
Set font 	Gentium Plus;10.1;400;;normal;;LTR
T	37 88	(Bu)
Mx 	59.0578
T	78 68 2195 75 92 68 79 215 78	(kâhyalık)
Mx 	97.6606
T	74 124 85 72 89 76	(görevi)
Mx 	127.4999
T	69 72 81 76	(beni)
Mx 	149.0540
T	69 88	(bu)
Mx 	162.9838
T	17	(.)
Mx 	165.2967
T	17	(.)
Mx 	167.6097
T	17	(.)
Mx 	173.3727
T	92 68 93 80 68 78	(yazmak)
Mx 	208.4000
T	76 111 76 81	(için)
Mx 	227.3107
T	74 72 85 72 78 79 76	(gerekli)
Mx 	24.7039
My 	214.4669
T	82 79 68 81	(olan)
Mx 	45.7756
T	68 785 215 85	(ağır)
Mx 	65.1213
T	111 68 79 215 1578 80 68	(çalışma)
Mx 	99.3407
T	78 82 81 88 86 88 81 71 68	(konusunda)
Mx 	148.0296
T	83 72 78	(pek)
Mx 	166.0190
T	68 93	(az)
Mx 	177.9869
T	76 86 87 72 785 3091 80	(isteğim)
Mx 	211.5899
T	89 68 85	(var)
Mx 	225.2061
T	15	(,)
Mx 	230.5656
T	68 92 85 215 70 68	(ayrıca)
Mx 	24.7039
My 	227.5652
T	69 68 1578 78 68	(başka)
Mx 	50.3084
T	43 85 76 86 87 76 92 68 81	(Hristiyan)
Mx 	91.3292
T	78 76 87 68 83 79 68 85	(kitaplar)
Mx 	126.2052
T	71 68	(da)
Mx 	138.4696
T	92 82 78	(yok)
Mx 	155.8333
T	71 72 785 3091 79	(değil)
Mx 	176.1517
T	30	(;)
Mx 	180.8411
T	89 68 68 93 79 68 85 215 80 215	(vaazlarımı)
Mx 	226.7146
T	69 76 85	(bir)
Mx 	240.9566
T	71 76 93 76	(dizi)
Mx 	24.7039
My 	240.6635
T	78 76 87 68 83 86 68 79	(kitapsal)
Mx 	61.3792
T	69 76 111 76 80 72	(biçime)
Mx 	93.4483
T	86 82 78 80 68	(sokma)
Mx 	124.3781
T	81 72 71 72 81 76 80	(nedenim)
Mx 	160.9561
T	15	(,)
Mx 	167.5434
T	69 88	(bu)
Mx 	182.2975
T	78 82 81 88 79 68 85 215	(konuları)
Mx 	221.6111
T	89 68 68 93	(vaaz)
Mx 	244.4235
T	72 87	(et)
Mx 	252.5657
T	16	(-)
Mx 	24.7039
My 	253.7618
T	80 72 80 79 72	(memle)
Mx 	55.4108
T	68 92 81 215	(aynı)
Mx 	75.7514
T	81 72 71 72 81 72	(nedene)
Mx 	108.5592
T	71 68 92 68 81 215 85	(dayanır)
Mx 	140.3732
T	29	(:)
Mx 	145.1002
T	42 72 87 76 85 71 76 78 79 72 85 76	(Getirdikleri)
Mx 	195.3364
T	92 129 78 87 72 81	(yükten)
Mx 	226.7239
T	78 88 85	(kur)
Mx 	241.0010
T	87 88 79	(tul)
Mx 	252.5657
T	16	(-)
Mx 	24.7039
My 	266.8601
T	80 68 78	(mak)
Mx 	42.3789
T	4	(!)
Mx 	48.1208
T	60 72 85 72 80 92 68	(Yeremya)
Mx 	88.1770
T	74 76 69 76	(gibi)
Mx 	103.7068
T	15	(,)
Mx 	109.0147
T	69 88	(bu)
Mx 	122.4893
T	80 72 86 68 77 215	(mesajı)
Mx 	152.1497
T	71 88 92 88 85 80 68 93 86 68 80	(duyurmazsam)
Mx 	210.7671
T	29	(:)
Mx 	216.0750
T	180	(“)
Mx 	220.4790
T	62	([)
Mx 	223.5859
T	171	(…)
Mx 	230.3423
T	64	(])
Mx 	236.4441
T	54 124 93 129	(Sözü)
Mx 	24.7039
My 	279.9584
T	78 72 80 76 78 79 72 85 76 80 76 81	(kemiklerimin)
Mx 	84.9016
T	76 111 76 81 72	(içine)
Mx 	109.2955
T	75 68 83 86 72 71 76 79 80 76 1578	(hapsedilmiş)
Mx 	158.8979
T	15	(,)
Mx 	165.4787
T	92 129 85 72 785 3091 80 71 72	(yüreğimde)
Mx 	214.4371
T	92 68 81 68 81	(yanan)
Mx 	244.1030
T	69 76 85	(bir)
Mx 	24.7039
My 	293.0567
T	68 87 72 1578	(ateş)
Mx 	43.8560
T	86 68 81 78 76	(sanki)
Mx 	65.6292
T	17	(.)
Mx 	70.4154
T	50 81 88	(Onu)
Mx 	89.8732
T	76 111 76 80 71 72	(içimde)
Mx 	120.2645
T	87 88 87 80 68 78 87 68 81	(tutmaktan)
Mx 	166.4025
T	92 82 85 88 79 71 88 80	(yoruldum)
Mx 	207.2661
T	15	(,)
Mx 	212.0522
T	92 68	(ya)
Mx 	221.6689
T	83 68	(pa)
Mx 	231.6555
T	80 215	(mı)
Mx 	242.5051
T	92 82	(yo)
Mx 	252.5657
T	16	(-)
Mx 	24.7039
My 	306.1549
T	85 88 80	(rum)
Mx 	44.9040
T	68 85 87 215 78	(artık)
Mx 	64.6799
T	17	(.)
Mx 	66.9928
T	181	(”)
Mx 	74.1338
T	51 68 89 79 88 86 183 88 81	(Pavlus’un)
Mx 	116.9948
T	68 111 215 78 79 68 71 215 785 215	(açıkladığı)
Mx 	159.4710
T	74 76 69 76	(gibi)
Mx 	175.0008
T	29	(:)
Mx 	180.0508
T	180	(“)
Mx 	184.4548
T	48 129 77 71 72 92 76	(Müjdeyi)
Mx 	220.9341
T	92 68 92	(yay)
Mx 	235.5318
T	80 68 93	(maz)
Mx 	252.5657
T	16	(-)
Mx 	24.7039
My 	324.6051
Set font 	Gentium Plus;9;400;;normal;;LTR
T	20	(1)
Mx 	28.9271
T	17	(.)
Mx 	48.9881
T	53 82 80 68 79 215 79 68 85	(Romalılar)
Mx 	87.3239
T	20	(1)
Mx 	91.5470
T	29	(:)
Mx 	93.6080
T	20 25	(16)
Mx 	102.0543
T	30	(;)
Mx 	106.5038
T	40 73 72 86 79 76 79 72 85	(Efesliler)
Mx 	138.8278
T	22	(3)
Mx 	143.0510
T	29	(:)
Mx 	145.1120
T	20 19	(10)
Mx 	24.7039
My 	336.0031
T	21	(2)
Mx 	28.9271
T	17	(.)
Mx 	48.9881
T	20	(1)
Mx 	53.2113
T	17	(.)
Mx 	57.6523
T	46 82 85 76 81 87 79 76 79 72 85	(Korintliler)
Mx 	98.8668
T	20 24	(15)
Mx 	107.3131
T	29	(:)
Mx 	109.3742
T	22	(3)
Mx 	113.5973
T	30	(;)
Mx 	118.0384
T	46 82 79 82 86 72 79 76 79 72 85	(Koloseliler)
Mx 	159.7846
T	23	(4)
Mx 	164.0078
T	29	(:)
Mx 	166.0688
T	23	(4)
Mx 	170.2919
T	30	(;)
Mx 	174.7330
T	42 68 79 68 87 92 68 79 215 79 68 85	(Galatyalılar)
Mx 	219.7400
T	20	(1)
Mx 	223.9631
T	29	(:)
Mx 	226.0242
T	27	(8)
Mx 	230.2473
T	178	(–)
Mx 	234.4705
T	28	(9)
Mx 	24.7039
My 	347.2692
T	22	(3)
Mx 	28.9271
T	17	(.)
Mx 	48.9881
Set font 	Gentium Plus;9;400;Italic;normal;;LTR
T	58 75 76 70 75	(Which)
Mx 	72.6693
T	83 68 74 72	(page)
Mx 	90.6772
T	68 80	(am)
Mx 	103.3940
T	44	(I)
Mx 	108.0865
T	82 81	(on)
Mx 	116.3306
T	34	(?)
New page
Mx 	41.6693
My 	56.3092
Set font 	Gentium Plus;10.1;400;;normal;;LTR
T	86 68 80	(sam)
Mx 	61.0045
T	89 68 92	(vay)
Mx 	75.6021
My 	53.0987
Set font 	Gentium Plus;6.87964;400;;normal;;LTR
T	22	(3)
Mx 	81.5163
My 	56.3092
Set font 	Gentium Plus;10.1;400;;normal;;LTR
T	75 68 79 76 80 72	(halime)
Mx 	109.9768
T	4	(!)
Mx 	112.7237
T	181	(”)
Mx 	117.1277
My 	53.0987
Set font 	Gentium Plus;6.87964;400;;normal;;LTR
T	23	(4)
Mx 	61.6693
My 	68.4292
Set font 	Gentium Plus;10.1;400;Italic;normal;;LTR
T	55 75 76 86	(This)
Mx 	81.9436
T	86 83 68 70 72	(space)
Mx 	106.6761
T	65	(^)
Mx 	111.3020
T	65	(^)
Mx 	115.9279
T	65	(^)
Mx 	124.5832
T	86 75 82 88 79 71 81 183 87	(shouldn’t)
Mx 	163.6767
T	69 72	(be)
Mx 	176.3908
T	68	(a)
Mx 	184.9672
T	71 76 747 72 85 72 81 87	(different)
Mx 	221.3926
T	86 76 93 72	(size)
Mx 	239.2110
T	87 75 68 81	(than)
Mx 	260.8711
T	87 75 72	(the)
Mx 	41.6693
My 	80.5492
T	82 87 75 72 85	(other)
Mx 	63.3307
T	76 81 87 72 85	(inter)
Mx 	81.4643
T	16	(-)
Mx 	84.6255
T	83 68 85 68 74 85 68 83 75	(paragraph)
Mx 	126.1910
T	86 83 68 70 72 86	(spaces)
Mx 	152.1528
T	82 81	(on)
Mx 	163.1570
T	87 75 76 86	(this)
Mx 	178.9941
T	83 68 74 72	(page)
Mx 	196.7628
Set font 	Gentium Plus;10.1;400;;normal;;LTR
T	17	(.)
Mx 	201.0034
T	37 76 79 76 81 71 76 785 3091	(Bilindiği)
Mx 	237.9210
T	74 76 69 76	(gibi)
Mx 	255.3783
T	80 129 77 71 72	(müjde)
Mx 	41.6693
My 	92.6692
T	86 124 93 70 129 785 3332	(sözcüğü)
Mx 	74.9776
T	15	(,)
Mx 	79.7212
T	71 82 785 85 88	(doğru)
Mx 	106.7608
T	69 76 85	(bir)
Mx 	121.0571
T	87 72 85 70 129 80 72	(tercüme)
Mx 	158.1720
T	76 79 72	(ile)
Mx 	170.7422
T	180	(“)
Mx 	175.1461
T	76 92 76	(iyi)
Mx 	188.0319
T	75 68 69 72 85	(haber)
Mx 	212.0342
T	181	(”)
Mx 	218.8689
T	68 81 79 68 80 215 81 68	(anlamına)
Mx 	259.9390
T	74 72	(ge)
Mx 	269.5310
T	16	(-)
Mx 	41.6693
My 	104.7892
T	79 72 81	(len)
Mx 	57.3766
T	42 85 72 78 111 72 183 71 72 78 76	(Grekçe’deki)
Mx 	108.5622
T	72 88 68 81 74 112 79 76 82 81 183 71 68 81	(euangélion’dan)
Mx 	175.0111
T	74 72 79 80 72 78 87 72 71 76 85	(gelmektedir)
Mx 	225.1758
T	17	(.)
Mx 	230.2209
T	46 88 87 86 68 79	(Kutsal)
Mx 	258.8935
T	60 68	(Ya)
Mx 	269.5310
T	16	(-)
Mx 	41.6693
My 	116.9092
T	93 215	(zı)
Mx 	48.6919
T	79 68	(la)
Mx 	56.0648
T	85	(r)
Mx 	60.0643
T	183	(’)
Mx 	62.3773
T	215 81	(ın)
Mx 	74.1653
T	75 72 85	(her)
Mx 	91.8812
T	86 68 92 73 68 86 215	(sayfası)
Mx 	123.2923
T	80 129 77 71 72 92 76	(müjdeyi)
Mx 	160.4832
T	78 68 83 86 68 80 68 78 87 68	(kapsamakta)
Mx 	209.7207
T	15	(,)
Mx 	215.5119
T	80 129 77 71 72	(müjde)
Mx 	244.9848
T	71 72	(de)
Mx 	258.3806
T	86 82 81	(son)
Mx 	41.6693
My 	129.0292
T	71 72 85 72 70 72	(derece)
Mx 	72.6926
T	69 72 79 76 85 79 76	(belirli)
Mx 	100.7964
T	69 76 85	(bir)
Mx 	116.0237
T	80 72 86 68 77 215	(mesajı)
Mx 	146.0509
T	76 79 72 87 80 72 78 87 72 71 76 85	(iletmektedir)
Mx 	197.5027
T	29	(:)
Mx 	203.1774
T	39 129 1578 80 129 1578	(Düşmüş)
Mx 	239.1423
T	76 81 86 68 81 79 68 85	(insanlar)
Mx 	41.6693
My 	141.1492
T	76 111 76 81	(için)
Mx 	59.3770
T	78 88 85 87 88 79 88 1578	(kurtuluş)
Mx 	94.4705
T	15	(,)
Mx 	99.0305
T	55 68 81 85 215	(Tanrı)
Mx 	123.7855
T	50 785 79 88	(Oğlu)
Mx 	145.1081
T	997 86 68	(İsa)
Mx 	158.9001
T	48 72 86 76 75 183 76 81	(Mesih’in)
Mx 	196.7880
T	92 68 1578 68 80 215	(yaşamı)
Mx 	225.7910
T	15	(,)
Mx 	230.3510
T	124 79 129 80 129	(ölümü)
Mx 	256.9818
T	15	(,)
Mx 	261.5418
T	71 76	(di)
Mx 	269.5310
T	16	(-)
Mx 	41.6693
My 	153.2692
T	85 76	(ri)
Mx 	48.4059
T	79 76 1578 76	(lişi)
Mx 	63.1932
T	89 72	(ve)
Mx 	75.5146
T	74 124 785 72	(göğe)
Mx 	97.7881
T	68 79 215 81 80 68 86 215	(alınması)
Mx 	135.5322
T	76 79 72	(ile)
Mx 	148.3468
T	87 68 80 68 80 79 68 81 80 215 1578 87 215 85	(tamamlanmıştır)
Mx 	215.2297
T	17	(.)
Mx 	61.6693
My 	165.3892
T	55 68 81 85 215 183 81 215 81	(Tanrı’nın)
Mx 	104.5997
T	76 92 76	(iyi)
Mx 	119.2817
T	81 76 92 72 87 79 76	(niyetli)
Mx 	150.4156
T	68 80 68 70 215	(amacı)
Mx 	179.1775
T	88 92 68 85 215 81 70 68	(uyarınca)
Mx 	215.5039
T	15	(,)
Mx 	222.0438
T	37 68 69 68 183 92 68	(Baba’ya)
Mx 	258.1537
T	72 1578 76 87	(eşit)
Mx 	41.6693
My 	177.5092
T	89 72	(ve)
Mx 	54.4614
T	50 183 81 88 81	(O’nun)
Mx 	82.4774
T	71 82 785 68 86 215 81 215 81	(doğasının)
Mx 	126.0380
T	87 68 80	(tam)
Mx 	145.4089
T	69 76 85	(bir)
Mx 	160.4202
T	92 68 81 86 215 80 68 86 215	(yansıması)
Mx 	204.7798
T	82 79 68 81	(olan)
Mx 	225.9507
T	72 69 72 71 76	(ebedi)
Mx 	251.5453
T	50 785 88 79	(Oğul)
Mx 	270.6209
T	15	(,)
Mx 	41.6693
My 	189.6292
T	78 72 81 71 76	(kendi)
Mx 	67.8105
T	76 86 87 72 785 3091	(isteği)
Mx 	93.2416
T	76 79 72	(ile)
Mx 	106.3683
T	92 129 70 72 79 76 785 3091 81 76	(yüceliğini)
Mx 	150.2141
T	69 215 85 68 78 68 85 68 78	(bırakarak)
Mx 	192.8270
T	46 88 87 86 68 79	(Kutsal)
Mx 	221.7547
T	53 88 75	(Ruh)
Mx 	241.3319
T	87 68	(ta)
Mx 	249.4445
T	85 68	(ra)
Mx 	258.0798
T	73 215 81	(fın)
Mx 	269.5310
T	16	(-)
Mx 	41.6693
My 	201.7492
T	71 68 81	(dan)
Mx 	61.4008
T	74 72 69 72	(gebe)
Mx 	85.0579
T	69 215 85 68 78 215 79 68 81	(bırakılan)
Mx 	126.4393
T	69 76 85	(bir)
Mx 	142.5757
T	69 68 78 76 85 72	(bakire)
Mx 	172.9398
T	68 85 68 70 215 79 215 785 215	(aracılığı)
Mx 	210.7705
T	76 79 72	(ile)
Mx 	225.1808
T	49 68 86 215 85 68 79 215	(Nasıralı)
Mx 	261.3889
T	997 86 68	(İsa)
Mx 	41.6693
My 	213.8692
T	68 71 215 92 79 68	(adıyla)
Mx 	70.3172
T	69 76 85	(bir)
Mx 	85.8519
T	55 68 81 85 215	(Tanrı)
Mx 	112.0291
T	89 72	(ve)
Mx 	125.3445
T	69 76 85	(bir)
Mx 	140.8792
T	76 81 86 68 81	(insan)
Mx 	166.9676
T	82 79 68 85 68 78	(olarak)
Mx 	196.6512
T	71 129 81 92 68 92 68	(dünyaya)
Mx 	235.7295
T	74 72 79 71 76	(geldi)
Mx 	256.0479
T	17	(.)
Mx 	262.0300
T	37 88	(Bu)
Mx 	41.6693
My 	225.9892
T	71 129 81 92 68 71 68 78 76	(dünyadaki)
Mx 	87.6105
T	92 68 1578 68 80 215	(yaşamı)
Mx 	119.2105
T	69 82 92 88 81 70 68	(boyunca)
Mx 	156.9702
T	55 68 81 85 215 183 81 215 81	(Tanrı’nın)
Mx 	198.2708
T	92 68 86 68 86 215 81 68	(yasasına)
Mx 	235.8677
T	78 88 86 88 85 86 88 93	(kusursuz)
Mx 	41.6693
My 	238.1092
T	69 76 85	(bir)
Mx 	55.5659
T	76 87 68 68 87	(itaat)
Mx 	76.5591
T	74 124 86 87 72 85 71 76	(gösterdi)
Mx 	110.5973
T	17	(.)
Mx 	114.9412
T	61 68 80 68 81 215	(Zamanı)
Mx 	147.9479
T	74 72 79 71 76 785 3091 81 71 72	(geldiğinde)
Mx 	193.4514
T	76 81 86 68 81 79 68 85	(insanlar)
Mx 	229.2740
T	87 68 85 68 73 215 81 71 68 81	(tarafından)
Mx 	41.6693
My 	250.2292
T	85 72 71 71 72 71 76 79 71 76	(reddedildi)
Mx 	86.9005
T	89 72	(ve)
Mx 	99.2277
T	111 68 85 80 215 75 68	(çarmıha)
Mx 	136.0159
T	74 72 85 76 79 71 76	(gerildi)
Mx 	163.0709
T	17	(.)
Mx 	41.6693
My 	349.2775
Set font 	Gentium Plus;9;400;;normal;;LTR
T	23	(4)
Mx 	45.8924
T	17	(.)
Mx 	65.9535
T	20	(1)
Mx 	70.1766
T	17	(.)
Mx 	74.6301
T	46 82 85 76 81 87 79 76 79 72 85	(Korintliler)
Mx 	115.8570
T	28	(9)
Mx 	120.0801
T	29	(:)
Mx 	122.1412
T	20 25	(16)
End page
Finish
