Set paper size 	297.6377985	419.5275636
Begin page
Mx 	14.8819
My 	33.8377
Set font 	Gentium Plus;20;400;;normal;;LTR
T	36 w=11.9043	(A)
Mx 	26.9477
Mx 	31.3520
T	17 w=4.5801	(.)
Mx 	40.4979
Mx 	44.9022
T	17 w=4.5801	(.)
Mx 	54.0482
Mx 	58.4525
T	17 w=4.5801	(.)
Mx 	67.5984
Mx 	72.0027
T	17 w=4.5801	(.)
Mx 	81.1486
Mx 	85.5529
T	17 w=4.5801	(.)
Mx 	94.6988
Mx 	99.1031
T	17 w=4.5801	(.)
Mx 	108.2490
Mx 	112.6533
T	17 w=4.5801	(.)
Mx 	121.7992
Mx 	126.2035
T	17 w=4.5801	(.)
Mx 	135.3495
Mx 	139.7538
T	17 w=4.5801	(.)
Mx 	148.8997
Mx 	153.3040
T	17 w=4.5801	(.)
Mx 	162.4499
Mx 	166.8542
T	17 w=4.5801	(.)
Mx 	176.0001
Mx 	180.4044
T	17 w=4.5801	(.)
Mx 	189.5503
Mx 	193.9546
T	17 w=4.5801	(.)
Mx 	203.1005
Mx 	207.5048
T	17 w=4.5801	(.)
Mx 	216.6507
Mx 	221.0550
T	17 w=4.5801	(.)
Mx 	230.2010
Mx 	234.6053
T	17 w=4.5801	(.)
Mx 	243.7512
Mx 	248.1555
T	17 w=4.5801	(.)
Mx 	257.3014
Mx 	261.7057
T	17 w=4.5801	(.)
Mx 	270.8516
T	36 w=11.9043	(A)
Mx 	14.8819
My 	51.8377
Set font 	Gentium Plus;10;400;;normal;;LTR
T	39 40 41 w=15.6689	(DEF)
Mx 	30.6001
Mx 	32.8023
T	17 w=2.2900	(.)
Mx 	37.3438
Mx 	39.5459
T	17 w=2.2900	(.)
Mx 	44.0874
Mx 	46.2896
T	17 w=2.2900	(.)
Mx 	50.8311
Mx 	53.0332
T	17 w=2.2900	(.)
Mx 	57.5747
Mx 	59.7768
T	17 w=2.2900	(.)
Mx 	64.3183
Mx 	66.5205
T	17 w=2.2900	(.)
Mx 	71.0620
Mx 	73.2641
T	17 w=2.2900	(.)
Mx 	77.8056
Mx 	80.0078
T	17 w=2.2900	(.)
Mx 	84.5493
Mx 	86.7514
T	17 w=2.2900	(.)
Mx 	91.2929
Mx 	93.4950
T	17 w=2.2900	(.)
Mx 	98.0365
Mx 	100.2387
T	17 w=2.2900	(.)
Mx 	104.7802
Mx 	106.9823
T	17 w=2.2900	(.)
Mx 	111.5238
Mx 	113.7260
T	17 w=2.2900	(.)
Mx 	118.2674
Mx 	120.4696
T	17 w=2.2900	(.)
Mx 	125.0111
Mx 	127.2132
T	17 w=2.2900	(.)
Mx 	131.7547
Mx 	133.9569
T	17 w=2.2900	(.)
Mx 	138.4984
Mx 	140.7005
T	17 w=2.2900	(.)
Mx 	145.2420
Mx 	147.4442
T	17 w=2.2900	(.)
Mx 	151.9856
Mx 	154.1878
T	17 w=2.2900	(.)
Mx 	158.7293
Mx 	160.9314
T	17 w=2.2900	(.)
Mx 	165.4729
Mx 	167.6751
T	17 w=2.2900	(.)
Mx 	172.2166
Mx 	174.4187
T	17 w=2.2900	(.)
Mx 	178.9602
Mx 	181.1623
T	17 w=2.2900	(.)
Mx 	185.7038
Mx 	187.9060
T	17 w=2.2900	(.)
Mx 	192.4475
Mx 	194.6496
T	17 w=2.2900	(.)
Mx 	199.1911
Mx 	201.3933
T	17 w=2.2900	(.)
Mx 	205.9348
Mx 	208.1369
T	17 w=2.2900	(.)
Mx 	212.6784
Mx 	214.8805
T	17 w=2.2900	(.)
Mx 	219.4220
Mx 	221.6242
T	17 w=2.2900	(.)
Mx 	226.1657
Mx 	228.3678
T	17 w=2.2900	(.)
Mx 	232.9093
Mx 	235.1115
T	17 w=2.2900	(.)
Mx 	239.6529
Mx 	241.8551
T	17 w=2.2900	(.)
Mx 	246.3966
Mx 	248.5987
T	17 w=2.2900	(.)
Mx 	253.1402
Mx 	255.3424
T	17 w=2.2900	(.)
Mx 	259.8839
Mx 	262.0860
T	17 w=2.2900	(.)
Mx 	266.6275
Mx 	268.8297
T	17 w=2.2900	(.)
Mx 	273.3711
T	20 19 w=9.3848	(10)
Mx 	14.8819
My 	69.8377
T	42 43 44 w=15.3467	(GHI)
Mx 	30.3438
Mx 	32.5460
T	17 w=2.2900	(.)
Mx 	37.1534
Mx 	39.3555
T	17 w=2.2900	(.)
Mx 	43.9629
Mx 	46.1651
T	17 w=2.2900	(.)
Mx 	50.7725
Mx 	52.9747
T	17 w=2.2900	(.)
Mx 	57.5821
Mx 	59.7842
T	17 w=2.2900	(.)
Mx 	64.3917
Mx 	66.5938
T	17 w=2.2900	(.)
Mx 	71.2012
Mx 	73.4034
T	17 w=2.2900	(.)
Mx 	78.0108
Mx 	80.2129
T	17 w=2.2900	(.)
Mx 	84.8204
Mx 	87.0225
T	17 w=2.2900	(.)
Mx 	91.6299
Mx 	93.8321
T	17 w=2.2900	(.)
Mx 	98.4395
Mx 	100.6417
T	17 w=2.2900	(.)
Mx 	105.2491
Mx 	107.4512
T	17 w=2.2900	(.)
Mx 	112.0586
Mx 	114.2608
T	17 w=2.2900	(.)
Mx 	118.8682
Mx 	121.0704
T	17 w=2.2900	(.)
Mx 	125.6778
Mx 	127.8799
T	17 w=2.2900	(.)
Mx 	132.4874
Mx 	134.6895
T	17 w=2.2900	(.)
Mx 	139.2969
Mx 	141.4991
T	17 w=2.2900	(.)
Mx 	146.1065
Mx 	148.3086
T	17 w=2.2900	(.)
Mx 	152.9161
Mx 	155.1182
T	17 w=2.2900	(.)
Mx 	159.7256
Mx 	161.9278
T	17 w=2.2900	(.)
Mx 	166.5352
Mx 	168.7374
T	17 w=2.2900	(.)
Mx 	173.3448
Mx 	175.5469
T	17 w=2.2900	(.)
Mx 	180.1543
Mx 	182.3565
T	17 w=2.2900	(.)
Mx 	186.9639
Mx 	189.1661
T	17 w=2.2900	(.)
Mx 	193.7735
Mx 	195.9756
T	17 w=2.2900	(.)
Mx 	200.5831
Mx 	202.7852
T	17 w=2.2900	(.)
Mx 	207.3926
Mx 	209.5948
T	17 w=2.2900	(.)
Mx 	214.2022
Mx 	216.4043
T	17 w=2.2900	(.)
Mx 	221.0118
Mx 	223.2139
T	17 w=2.2900	(.)
Mx 	227.8213
Mx 	230.0235
T	17 w=2.2900	(.)
Mx 	234.6309
Mx 	236.8331
T	17 w=2.2900	(.)
Mx 	241.4405
Mx 	243.6426
T	17 w=2.2900	(.)
Mx 	248.2500
Mx 	250.4522
T	17 w=2.2900	(.)
Mx 	255.0596
Mx 	257.2618
T	17 w=2.2900	(.)
Mx 	261.8692
Mx 	264.0713
T	17 w=2.2900	(.)
Mx 	268.6788
T	20 19 19 w=14.0771	(100)
Mx 	14.8819
My 	87.8377
T	42 43 44 w=15.3467	(GHI)
Mx 	268.6788
T	20 19 19 w=14.0771	(100)
Mx 	14.8819
My 	131.8983
Set font 	Gentium Plus;60;400;;normal;;LTR
T	45 46 47 w=81.5625	(JKL)
Mx 	113.2085
Mx 	126.4214
T	17 w=13.7402	(.)
Mx 	170.1387
T	20 19 19 19 w=112.6172	(1000)
Mx 	14.8819
My 	182.0233
Set font 	Gentium Plus;52;400;;normal;;LTR
T	45 46 47 w=70.6875	(JKL)
Mx 	95.5573
Mx 	107.0085
T	17 w=11.9082	(.)
Mx 	140.3558
Mx 	151.8070
T	17 w=11.9082	(.)
Mx 	185.1543
T	20 19 19 19 w=97.6016	(1000)
End page
Finish
