Set paper size 	419.5275636	595.275597
Begin page
Mx 	40.9764
My 	37.3321
Set font 	Gentium Plus;10;400;;normal;;LTR
T	44 81	(In)
Mx 	51.9649
T	82 79 71 72 81	(olden)
Mx 	77.5335
T	87 76 80 72 86	(times)
Mx 	102.6920
T	90 75 72 81	(when)
Mx 	127.8993
T	90 76 86 75 76 81 74	(wishing)
Mx 	162.6476
T	86 87 76 79 79	(still)
Mx 	180.5746
T	75 72 79 83 72 71	(helped)
Mx 	211.0309
T	82 81 72	(one)
Mx 	226.1969
T	15	(,)
Mx 	230.9794
T	87 75 72 85 72	(there)
Mx 	255.6300
T	79 76 89 72 71	(lived)
Mx 	278.2933
T	68	(a)
Mx 	285.3756
T	78 76 81 74	(king)
Mx 	305.8515
T	90 75 82 86 72	(whose)
Mx 	334.4328
T	71 68 88 74 75 87 72 85 86	(daughters)
Mx 	378.2924
T	90 72 85 72	(were)
Mx 	20.9764
My 	50.3321
T	68 79 79	(all)
Mx 	33.6129
T	69 72 68 88 87 76 73 88 79	(beautiful)
Mx 	70.4684
T	15	(,)
Mx 	75.3851
T	69 88 87	(but)
Mx 	91.8302
T	87 75 72	(the)
Mx 	108.0361
T	92 82 88 81 74 72 86 87	(youngest)
Mx 	148.2410
T	90 68 86	(was)
Mx 	166.3804
T	86 82	(so)
Mx 	177.8988
T	69 72 68 88 87 76 73 88 79	(beautiful)
Mx 	217.3810
T	87 75 68 87	(that)
Mx 	236.9999
T	87 75 72	(the)
Mx 	253.2057
T	86 88 81	(sun)
Mx 	270.5102
T	76 87 86 72 79 73	(itself)
Mx 	290.9643
T	15	(,)
Mx 	295.8811
T	90 75 76 70 75	(which)
Mx 	323.6836
T	75 68 86	(has)
Mx 	340.2801
T	86 72 72 81	(seen)
Mx 	361.5250
T	86 82	(so)
Mx 	373.0434
T	80 88 70 75	(much)
Mx 	396.2611
T	15	(,)
Mx 	20.9764
My 	63.3321
T	90 68 86	(was)
Mx 	39.9151
T	68 86 87 82 81 76 86 75 72 71	(astonished)
Mx 	87.6917
T	90 75 72 81 72 89 72 85	(whenever)
Mx 	131.9624
T	76 87	(it)
Mx 	141.5407
T	86 75 82 81 72	(shone)
Mx 	169.5126
T	76 81	(in)
Mx 	181.1662
T	75 72 85	(her)
Mx 	198.6889
T	73 68 70 72	(face)
Mx 	215.3783
T	17	(.)
Mx 	221.0943
T	38 79 82 86 72	(Close)
Mx 	246.1024
T	69 92	(by)
Mx 	259.5381
T	87 75 72	(the)
Mx 	276.5433
T	78 76 81 74 10 86	(king's)
Mx 	304.3150
T	70 68 86 87 79 72	(castle)
Mx 	331.3347
T	79 68 92	(lay)
Mx 	346.9922
T	68	(a)
Mx 	355.0080
T	74 85 72 68 87	(great)
Mx 	379.9233
T	71 68 85 78	(dark)
Mx 	20.9764
My 	76.3321
T	73 82 85 72 86 87	(forest)
Mx 	44.9998
T	15	(,)
Mx 	49.4397
T	68 81 71	(and)
Mx 	66.8972
T	88 81 71 72 85	(under)
Mx 	93.6418
T	68 81	(an)
Mx 	105.8991
T	82 79 71	(old)
Mx 	120.9885
T	79 76 80 72	(lime)
Mx 	139.0598
T	16	(-)
Mx 	142.4289
T	87 85 72 72	(tree)
Mx 	161.2194
T	76 81	(in)
Mx 	171.5968
T	87 75 72	(the)
Mx 	187.3258
T	73 82 85 72 86 87	(forest)
Mx 	213.4991
T	90 68 86	(was)
Mx 	231.1617
T	68	(a)
Mx 	237.9014
T	90 72 79 79	(well)
Mx 	255.0010
T	15	(,)
Mx 	259.4410
T	68 81 71	(and)
Mx 	276.8985
T	90 75 72 81	(when)
Mx 	301.7632
T	87 75 72	(the)
Mx 	317.4922
T	71 68 92	(day)
Mx 	334.3637
T	90 68 86	(was)
Mx 	352.0263
T	89 72 85 92	(very)
Mx 	372.6186
T	90 68 85 80	(warm)
Mx 	396.2611
T	15	(,)
Mx 	20.9764
My 	89.3321
T	87 75 72	(the)
Mx 	37.2650
T	78 76 81 74 10 86	(king's)
Mx 	64.3202
T	70 75 76 79 71	(child)
Mx 	87.5375
T	90 72 81 87	(went)
Mx 	110.8867
T	82 88 87	(out)
Mx 	127.3657
T	76 81 87 82	(into)
Mx 	146.7744
T	87 75 72	(the)
Mx 	163.0630
T	73 82 85 72 86 87	(forest)
Mx 	189.7960
T	68 81 71	(and)
Mx 	207.8131
T	86 68 87	(sat)
Mx 	222.4171
T	71 82 90 81	(down)
Mx 	247.9343
T	69 92	(by)
Mx 	260.6535
T	87 75 72	(the)
Mx 	276.9421
T	86 76 71 72	(side)
Mx 	296.0432
T	82 73	(of)
Mx 	306.8924
T	87 75 72	(the)
Mx 	323.1810
T	70 82 82 79	(cool)
Mx 	343.0292
T	73 82 88 81 87 68 76 81	(fountain)
Mx 	378.2440
T	15	(,)
Mx 	383.2436
T	68 81 71	(and)
Mx 	20.9764
My 	102.3321
T	90 75 72 81	(when)
Mx 	46.3571
T	86 75 72	(she)
Mx 	63.0219
T	90 68 86	(was)
Mx 	81.2005
T	69 82 85 72 71	(bored)
Mx 	107.7530
T	86 75 72	(she)
Mx 	124.4179
T	87 82 82 78	(took)
Mx 	145.4626
T	68	(a)
Mx 	152.7183
T	74 82 79 71 72 81	(golden)
Mx 	183.3383
T	69 68 79 79	(ball)
Mx 	198.4262
T	15	(,)
Mx 	203.3820
T	68 81 71	(and)
Mx 	221.3555
T	87 75 85 72 90	(threw)
Mx 	248.6209
T	76 87	(it)
Mx 	257.4391
T	88 83	(up)
Mx 	270.7007
T	82 81	(on)
Mx 	283.9134
T	75 76 74 75	(high)
Mx 	305.2023
T	68 81 71	(and)
Mx 	323.1757
T	70 68 88 74 75 87	(caught)
Mx 	353.9373
T	76 87	(it)
Mx 	360.0896
T	15	(,)
Mx 	365.0455
T	68 81 71	(and)
Mx 	383.0190
T	87 75 76 86	(this)
Mx 	20.9764
My 	115.3321
T	69 68 79 79	(ball)
Mx 	38.7341
T	90 68 86	(was)
Mx 	56.9167
T	75 72 85	(her)
Mx 	73.6833
T	73 68 89 82 85 76 87 72	(favorite)
Mx 	108.7457
T	83 79 68 92 87 75 76 81 74	(plaything)
Mx 	148.3405
T	17	(.)
Mx 	20.9764
My 	128.3419
T	49 82 90	(Now)
Mx 	42.1981
T	76 87	(it)
Mx 	50.9930
T	86 82	(so)
Mx 	62.5272
T	75 68 83 83 72 81 72 71	(happened)
Mx 	105.8289
T	87 75 68 87	(that)
Mx 	125.4637
T	82 81	(on)
Mx 	138.6531
T	82 81 72	(one)
Mx 	156.4617
T	82 70 70 68 86 76 82 81	(occasion)
Mx 	20.9764
My 	141.3419
T	87 75 72	(the)
Mx 	37.1981
T	83 85 76 81 70 72 86 86 10 86	(princess's)
Mx 	80.4022
T	74 82 79 71 72 81	(golden)
Mx 	110.9988
T	69 68 79 79	(ball)
Mx 	128.7293
T	71 76 71	(did)
Mx 	144.4822
T	81 82 87	(not)
Mx 	161.1141
T	73 68 79 79	(fall)
Mx 	176.8768
T	76 81 87 82	(into)
Mx 	20.9764
My 	154.3419
T	87 75 72	(the)
Mx 	37.1981
T	79 76 87 87 79 72	(little)
Mx 	59.4744
T	75 68 81 71	(hand)
Mx 	82.9422
T	90 75 76 70 75	(which)
Mx 	110.7606
T	86 75 72	(she)
Mx 	127.4022
T	90 68 86	(was)
Mx 	145.5574
T	75 82 79 71 76 81 74	(holding)
Mx 	179.7625
T	88 83	(up)
Mx 	20.9764
My 	167.3419
T	73 82 85	(for)
Mx 	35.7186
T	76 87	(it)
Mx 	41.8709
T	15	(,)
Mx 	46.8035
T	69 88 87	(but)
Mx 	63.2645
T	82 81	(on)
Mx 	76.4539
T	87 82	(to)
Mx 	87.5682
T	87 75 72	(the)
Mx 	103.7899
T	74 85 82 88 81 71	(ground)
Mx 	136.3152
T	69 72 92 82 81 71	(beyond)
Mx 	166.6912
T	15	(,)
Mx 	171.6238
T	68 81 71	(and)
Mx 	20.9764
My 	180.3419
T	85 82 79 79 72 71	(rolled)
Mx 	47.8475
T	86 87 85 68 76 74 75 87	(straight)
Mx 	82.8924
T	76 81 87 82	(into)
Mx 	102.2342
T	87 75 72	(the)
Mx 	118.4559
T	90 68 87 72 85	(water)
Mx 	142.1277
T	17	(.)
Mx 	147.0604
T	55 75 72	(The)
Mx 	165.3475
T	78 76 81 74 10 86	(king's)
Mx 	20.9764
My 	193.3419
T	71 68 88 74 75 87 72 85	(daughter)
Mx 	61.1238
T	73 82 79 79 82 90 72 71	(followed)
Mx 	99.2352
T	76 87	(it)
Mx 	108.0301
T	90 76 87 75	(with)
Mx 	129.4031
T	75 72 85	(her)
Mx 	146.1424
T	72 92 72 86	(eyes)
Mx 	164.1746
T	15	(,)
Mx 	169.1072
T	69 88 87	(but)
Mx 	185.5682
T	76 87	(it)
Mx 	20.9764
My 	206.3419
T	89 68 81 76 86 75 72 71	(vanished)
Mx 	57.9246
T	15	(,)
Mx 	62.8572
T	68 81 71	(and)
Mx 	80.8074
T	87 75 72	(the)
Mx 	97.0291
T	90 72 79 79	(well)
Mx 	116.7713
T	90 68 86	(was)
Mx 	134.9266
T	71 72 72 83	(deep)
Mx 	154.6629
T	15	(,)
Mx 	159.5955
T	86 82	(so)
Mx 	171.1297
T	71 72 72 83	(deep)
Mx 	216.0567
My 	128.3419
T	87 75 68 87	(that)
Mx 	235.6915
T	87 75 72	(the)
Mx 	251.9131
T	69 82 87 87 82 80	(bottom)
Mx 	284.6094
T	70 82 88 79 71	(could)
Mx 	309.8594
T	81 82 87	(not)
Mx 	326.4913
T	69 72	(be)
Mx 	338.8311
T	86 72 72 81	(seen)
Mx 	357.4493
T	17	(.)
Mx 	362.3819
T	36 87	(At)
Mx 	374.4190
T	87 75 76 86	(this)
Mx 	216.0567
My 	141.3419
T	86 75 72	(she)
Mx 	232.6983
T	69 72 74 68 81	(began)
Mx 	260.0235
T	87 82	(to)
Mx 	271.1377
T	70 85 92	(cry)
Mx 	284.3995
T	15	(,)
Mx 	289.3321
T	68 81 71	(and)
Mx 	307.2823
T	70 85 76 72 71	(cried)
Mx 	330.7842
T	79 82 88 71 72 85	(louder)
Mx 	360.2432
T	68 81 71	(and)
Mx 	216.0567
My 	154.3419
T	79 82 88 71 72 85	(louder)
Mx 	242.8731
T	15	(,)
Mx 	247.8057
T	68 81 71	(and)
Mx 	265.7559
T	70 82 88 79 71	(could)
Mx 	291.0059
T	81 82 87	(not)
Mx 	307.6377
T	69 72	(be)
Mx 	319.9776
T	70 82 80 73 82 85 87 72 71	(comforted)
Mx 	362.7706
T	17	(.)
Mx 	367.7032
T	36 81 71	(And)
Mx 	387.0157
T	68 86	(as)
Mx 	216.0567
My 	167.3419
T	86 75 72	(she)
Mx 	232.6983
T	87 75 88 86	(thus)
Mx 	253.4610
T	79 68 80 72 81 87 72 71	(lamented)
Mx 	294.8340
T	86 82 80 72 82 81 72	(someone)
Mx 	334.1856
T	86 68 76 71	(said)
Mx 	353.1905
T	87 82	(to)
Mx 	364.3047
T	75 72 85	(her)
Mx 	378.4014
T	15	(,)
Mx 	216.0567
My 	180.3419
T	5	(")
Mx 	220.3047
T	58 75 68 87	(What)
Mx 	244.9981
T	68 76 79 86	(ails)
Mx 	261.5127
T	92 82 88	(you)
Mx 	276.7715
T	15	(,)
Mx 	281.7042
T	78 76 81 74 10 86	(king's)
Mx 	308.6924
T	71 68 88 74 75 87 72 85	(daughter)
Mx 	346.1973
T	34	(?)
Mx 	353.1710
T	60 82 88	(You)
Mx 	372.0831
T	90 72 72 83	(weep)
Mx 	216.0567
My 	193.3419
T	86 82	(so)
Mx 	227.5909
T	87 75 68 87	(that)
Mx 	247.2256
T	72 89 72 81	(even)
Mx 	269.5557
T	68	(a)
Mx 	276.7881
T	86 87 82 81 72	(stone)
Mx 	301.9014
T	90 82 88 79 71	(would)
Mx 	329.8419
T	86 75 82 90	(show)
Mx 	353.9542
T	83 76 87 92	(pity)
Mx 	370.3360
T	17	(.)
Mx 	372.6260
T	5	(")
Mx 	40.9764
My 	221.2735
T	54 75 72	(She)
Mx 	58.9459
T	79 82 82 78 72 71	(looked)
Mx 	89.4837
T	85 82 88 81 71	(round)
Mx 	117.5607
T	87 82	(to)
Mx 	129.1044
T	87 75 72	(the)
Mx 	145.7555
T	86 76 71 72	(side)
Mx 	165.2192
T	73 85 82 80	(from)
Mx 	188.4231
T	90 75 72 81 70 72	(whence)
Mx 	223.1992
T	87 75 72	(the)
Mx 	239.8504
T	89 82 76 70 72	(voice)
Mx 	264.5826
T	70 68 80 72	(came)
Mx 	286.1939
T	15	(,)
Mx 	291.5560
T	68 81 71	(and)
Mx 	309.9356
T	86 68 90	(saw)
Mx 	328.5204
T	68	(a)
Mx 	336.1823
T	73 85 82 74	(frog)
Mx 	356.2318
T	86 87 85 72 87 70 75 76 81 74	(stretching)
Mx 	20.9764
My 	234.2735
T	73 82 85 87 75	(forth)
Mx 	45.1188
T	76 87 86	(its)
Mx 	58.2163
T	69 76 74	(big)
Mx 	70.8824
T	15	(,)
Mx 	76.2553
T	88 74 79 92	(ugly)
Mx 	97.1555
T	75 72 68 71	(head)
Mx 	120.1651
T	73 85 82 80	(from)
Mx 	143.3798
T	87 75 72	(the)
Mx 	160.0418
T	90 68 87 72 85	(water)
Mx 	183.7137
T	17	(.)
Mx 	189.0866
T	5	(")
Mx 	193.3347
T	36 75	(Ah)
Mx 	204.8044
T	15	(,)
Mx 	210.1773
T	82 79 71	(old)
Mx 	226.1996
T	90 68 87 72 85	(water)
Mx 	249.8715
T	16	(-)
Mx 	253.2406
T	86 83 79 68 86 75 72 85	(splasher)
Mx 	287.6596
T	15	(,)
Mx 	293.0325
T	76 86	(is)
Mx 	302.6876
T	76 87	(it)
Mx 	311.9228
T	92 82 88	(you)
Mx 	327.1816
T	15	(,)
Mx 	329.4717
T	5	(")
Mx 	336.8026
T	86 75 72	(she)
Mx 	353.8845
T	86 68 76 71	(said)
Mx 	370.2468
T	15	(,)
Mx 	375.6197
T	5	(")
Mx 	379.8677
T	44	(I)
Mx 	385.9291
T	68 80	(am)
Mx 	20.9764
My 	247.2735
T	90 72 72 83 76 81 74	(weeping)
Mx 	58.8424
T	73 82 85	(for)
Mx 	74.1058
T	80 92	(my)
Mx 	90.2336
T	74 82 79 71 72 81	(golden)
Mx 	121.3515
T	69 68 79 79	(ball)
Mx 	136.4394
T	15	(,)
Mx 	141.8933
T	90 75 76 70 75	(which)
Mx 	170.2329
T	75 68 86	(has)
Mx 	187.3665
T	73 68 79 79 72 81	(fallen)
Mx 	213.7872
T	76 81 87 82	(into)
Mx 	233.6503
T	87 75 72	(the)
Mx 	250.3932
T	90 72 79 79	(well)
Mx 	267.4929
T	17	(.)
Mx 	269.7829
T	5	(")
Mx 	277.1948
T	5	(")
Mx 	281.4428
T	37 72	(Be)
Mx 	294.7239
T	84 88 76 72 87	(quiet)
Mx 	315.9446
T	15	(,)
Mx 	321.3985
T	68 81 71	(and)
Mx 	339.8700
T	71 82	(do)
Mx 	353.2633
T	81 82 87	(not)
Mx 	370.4164
T	90 72 72 83	(weep)
Mx 	392.0131
T	15	(,)
Mx 	394.3031
T	5	(")
Mx 	20.9764
My 	260.2735
T	68 81 86 90 72 85 72 71	(answered)
Mx 	63.3430
T	87 75 72	(the)
Mx 	79.8600
T	73 85 82 74	(frog)
Mx 	96.8376
T	15	(,)
Mx 	102.0655
T	5	(")
Mx 	106.3136
T	44	(I)
Mx 	112.2300
T	70 68 81	(can)
Mx 	129.6454
T	75 72 79 83	(help)
Mx 	150.7279
T	92 82 88	(you)
Mx 	165.9867
T	15	(,)
Mx 	171.2146
T	69 88 87	(but)
Mx 	187.9709
T	90 75 68 87	(what)
Mx 	211.5192
T	90 76 79 79	(will)
Mx 	229.6475
T	92 82 88	(you)
Mx 	247.8442
T	74 76 89 72	(give)
Mx 	267.9208
T	80 72	(me)
Mx 	283.5101
T	76 73	(if)
Mx 	292.2683
T	44	(I)
Mx 	298.1847
T	69 85 76 81 74	(bring)
Mx 	323.2662
T	92 82 88 85	(your)
Mx 	345.4228
T	83 79 68 92 87 75 76 81 74	(plaything)
Mx 	387.9555
T	88 83	(up)
Mx 	20.9764
My 	273.2735
T	68 74 68 76 81	(again)
Mx 	43.2615
T	34	(?)
Mx 	47.5926
T	5	(")
Mx 	55.0697
T	5	(")
Mx 	59.3177
T	58 75 68 87 72 89 72 85	(Whatever)
Mx 	102.7274
T	92 82 88	(you)
Mx 	121.2153
T	90 76 79 79	(will)
Mx 	139.6347
T	75 68 89 72	(have)
Mx 	159.2930
T	15	(,)
Mx 	164.8120
T	71 72 68 85	(dear)
Mx 	186.4102
T	73 85 82 74	(frog)
Mx 	203.3878
T	15	(,)
Mx 	205.6778
T	5	(")
Mx 	213.1549
T	86 68 76 71	(said)
Mx 	232.7462
T	86 75 72	(she)
Mx 	246.7453
T	15	(,)
Mx 	252.2644
T	5	(")
Mx 	256.5124
T	48 92	(My)
Mx 	272.7346
T	70 79 82 87 75 72 86	(clothes)
Mx 	302.2854
T	15	(,)
Mx 	307.8045
T	80 92	(my)
Mx 	323.9974
T	83 72 68 85 79 86	(pearls)
Mx 	352.2655
T	68 81 71	(and)
Mx 	370.8022
T	77 72 90 72 79 86	(jewels)
Mx 	396.2611
T	15	(,)
Mx 	20.9764
My 	286.2735
T	68 81 71	(and)
Mx 	38.6261
T	72 89 72 81	(even)
Mx 	60.6557
T	87 75 72	(the)
Mx 	76.5770
T	74 82 79 71 72 81	(golden)
Mx 	106.8732
T	70 85 82 90 81	(crown)
Mx 	135.1528
T	90 75 76 70 75	(which)
Mx 	162.6707
T	44	(I)
Mx 	167.9913
T	68 80	(am)
Mx 	182.9555
T	90 72 68 85 76 81 74	(wearing)
Mx 	216.2905
T	17	(.)
Mx 	218.5805
T	5	(")
Mx 	225.1707
T	55 75 72	(The)
Mx 	243.1573
T	73 85 82 74	(frog)
Mx 	262.4770
T	68 81 86 90 72 85 72 71	(answered)
Mx 	301.9057
T	15	(,)
Mx 	306.5379
T	5	(")
Mx 	310.7859
T	44	(I)
Mx 	316.1065
T	71 82	(do)
Mx 	328.6781
T	81 82 87	(not)
Mx 	345.0095
T	70 68 85 72	(care)
Mx 	364.8907
T	73 82 85	(for)
Mx 	379.3324
T	92 82 88 85	(your)
Mx 	20.9764
My 	299.2735
T	70 79 82 87 75 72 86	(clothes)
Mx 	50.5272
T	15	(,)
Mx 	55.7763
T	92 82 88 85	(your)
Mx 	77.9541
T	83 72 68 85 79 86	(pearls)
Mx 	105.9522
T	68 81 71	(and)
Mx 	124.2189
T	77 72 90 72 79 86	(jewels)
Mx 	149.6779
T	15	(,)
Mx 	154.9270
T	81 82 85	(nor)
Mx 	172.3929
T	73 82 85	(for)
Mx 	187.4516
T	92 82 88 85	(your)
Mx 	209.6295
T	74 82 79 71 72 81	(golden)
Mx 	240.5426
T	70 85 82 90 81	(crown)
Mx 	266.4801
T	15	(,)
Mx 	271.7293
T	69 88 87	(but)
Mx 	288.5067
T	76 73	(if)
Mx 	297.2861
T	92 82 88	(you)
Mx 	315.5039
T	90 76 79 79	(will)
Mx 	333.6534
T	79 82 89 72	(love)
Mx 	353.9026
T	80 72	(me)
Mx 	369.5130
T	68 81 71	(and)
Mx 	387.7797
T	79 72 87	(let)
Mx 	20.9764
My 	312.2735
T	80 72	(me)
Mx 	36.4245
T	69 72	(be)
Mx 	48.9186
T	92 82 88 85	(your)
Mx 	70.9341
T	70 82 80 83 68 81 76 82 81	(companion)
Mx 	119.8247
T	68 81 71	(and)
Mx 	137.9291
T	83 79 68 92	(play)
Mx 	155.4584
T	16	(-)
Mx 	158.8275
T	73 72 79 79 82 90	(fellow)
Mx 	184.0668
T	15	(,)
Mx 	189.1536
T	68 81 71	(and)
Mx 	207.2580
T	86 76 87	(sit)
Mx 	220.0695
T	69 92	(by)
Mx 	232.8760
T	92 82 88	(you)
Mx 	250.9316
T	68 87	(at)
Mx 	261.7607
T	92 82 88 85	(your)
Mx 	283.7762
T	79 76 87 87 79 72	(little)
Mx 	306.2068
T	87 68 69 79 72	(table)
Mx 	326.6462
T	15	(,)
Mx 	331.7331
T	68 81 71	(and)
Mx 	349.8375
T	72 68 87	(eat)
Mx 	365.2856
T	82 747	(off)
Mx 	379.3324
T	92 82 88 85	(your)
Mx 	20.9764
My 	325.2735
T	79 76 87 87 79 72	(little)
Mx 	43.4215
T	74 82 79 71 72 81	(golden)
Mx 	74.1869
T	83 79 68 87 72	(plate)
Mx 	94.8460
T	15	(,)
Mx 	99.9474
T	68 81 71	(and)
Mx 	118.0663
T	71 85 76 81 78	(drink)
Mx 	143.1432
T	82 88 87	(out)
Mx 	159.7240
T	82 73	(of)
Mx 	170.6750
T	92 82 88 85	(your)
Mx 	192.7050
T	79 76 87 87 79 72	(little)
Mx 	215.1501
T	70 88 83	(cup)
Mx 	230.1159
T	15	(,)
Mx 	235.2173
T	68 81 71	(and)
Mx 	253.3362
T	86 79 72 72 83	(sleep)
Mx 	277.2559
T	76 81	(in)
Mx 	288.2947
T	92 82 88 85	(your)
Mx 	310.3248
T	79 76 87 87 79 72	(little)
Mx 	332.7699
T	69 72 71	(bed)
Mx 	350.4786
T	16	(-)
Mx 	356.6591
T	76 73	(if)
Mx 	365.2907
T	92 82 88	(you)
Mx 	383.3608
T	90 76 79 79	(will)
Mx 	20.9764
My 	338.2735
T	83 85 82 80 76 86 72	(promise)
Mx 	57.1346
T	80 72	(me)
Mx 	72.4334
T	87 75 76 86	(this)
Mx 	90.6130
T	44	(I)
Mx 	96.2390
T	90 76 79 79	(will)
Mx 	114.0768
T	74 82	(go)
Mx 	126.6315
T	71 82 90 81	(down)
Mx 	152.0865
T	69 72 79 82 90	(below)
Mx 	176.5836
T	15	(,)
Mx 	181.5211
T	68 81 71	(and)
Mx 	199.4761
T	69 85 76 81 74	(bring)
Mx 	224.2671
T	92 82 88	(you)
Mx 	242.1734
T	92 82 88 85	(your)
Mx 	264.0395
T	74 82 79 71 72 81	(golden)
Mx 	294.6411
T	69 68 79 79	(ball)
Mx 	312.3764
T	88 83	(up)
Mx 	325.6195
T	68 74 68 76 81	(again)
Mx 	347.9047
T	17	(.)
Mx 	350.1947
T	5	(")
Mx 	20.9764
My 	354.2833
T	5	(")
Mx 	25.2244
T	50 75	(Oh)
Mx 	39.3856
T	92 72 86	(yes)
Mx 	52.7986
T	15	(,)
Mx 	55.0887
T	5	(")
Mx 	61.9793
T	86 68 76 71	(said)
Mx 	80.9842
T	86 75 72	(she)
Mx 	94.9832
T	15	(,)
Mx 	99.9158
T	5	(")
Mx 	104.1639
T	44	(I)
Mx 	109.7850
T	83 85 82 80 76 86 72	(promise)
Mx 	145.9383
T	92 82 88	(you)
Mx 	163.8397
T	68 79 79	(all)
Mx 	176.4920
T	92 82 88	(you)
Mx 	20.9764
My 	367.2833
T	90 76 86 75	(wish)
Mx 	40.1268
T	15	(,)
Mx 	45.0594
T	76 73	(if)
Mx 	53.5223
T	92 82 88	(you)
Mx 	71.4236
T	90 76 79 79	(will)
Mx 	89.2567
T	69 88 87	(but)
Mx 	105.7176
T	69 85 76 81 74	(bring)
Mx 	130.5037
T	80 72	(me)
Mx 	145.7977
T	80 92	(my)
Mx 	161.4041
T	69 68 79 79	(ball)
Mx 	179.1346
T	69 68 70 78	(back)
Mx 	20.9764
My 	380.2833
T	68 74 68 76 81	(again)
Mx 	43.2615
T	17	(.)
Mx 	45.5516
T	5	(")
Mx 	52.4422
T	37 88 87	(But)
Mx 	69.3231
T	86 75 72	(she)
Mx 	85.9647
T	87 75 82 88 74 75 87	(thought)
Mx 	119.0897
T	15	(,)
Mx 	124.0223
T	5	(")
Mx 	128.2703
T	43 82 90	(How)
Mx 	149.5408
T	87 75 72	(the)
Mx 	165.7625
T	86 76 79 79 92	(silly)
Mx 	185.3289
T	73 85 82 74	(frog)
Mx 	20.9764
My 	393.2833
T	71 82 72 86	(does)
Mx 	42.3299
T	87 68 79 78	(talk)
Mx 	57.9500
T	17	(.)
Mx 	62.8826
T	36 79 79	(All)
Mx 	76.8973
T	75 72	(he)
Mx 	89.6766
T	71 82 72 86	(does)
Mx 	111.0301
T	76 86	(is)
Mx 	120.2449
T	87 82	(to)
Mx 	131.3592
T	86 76 87	(sit)
Mx 	144.0164
T	76 81	(in)
Mx 	154.8865
T	87 75 72	(the)
Mx 	171.1082
T	90 68 87 72 85	(water)
Mx 	216.0567
My 	354.2833
T	90 76 87 75	(with)
Mx 	237.4297
T	87 75 72	(the)
Mx 	253.6514
T	82 87 75 72 85	(other)
Mx 	278.8624
T	73 85 82 74 86	(frogs)
Mx 	299.7022
T	15	(,)
Mx 	304.6348
T	68 81 71	(and)
Mx 	322.5850
T	70 85 82 68 78	(croak)
Mx 	345.4122
T	17	(.)
Mx 	350.3448
T	43 72	(He)
Mx 	364.1446
T	70 68 81	(can)
Mx 	381.2647
T	69 72	(be)
Mx 	216.0567
My 	367.2833
T	81 82	(no)
Mx 	229.2461
T	70 82 80 83 68 81 76 82 81	(companion)
Mx 	277.9825
T	87 82	(to)
Mx 	289.0967
T	68 81 92	(any)
Mx 	306.7784
T	75 88 80 68 81	(human)
Mx 	338.3760
T	69 72 76 81 74	(being)
Mx 	361.1788
T	17	(.)
Mx 	363.4688
T	5	(")
Mx 	40.9764
My 	410.7150
T	37 88 87	(But)
Mx 	57.9708
T	87 75 72	(the)
Mx 	74.3060
T	73 85 82 74	(frog)
Mx 	94.0397
T	90 75 72 81	(when)
Mx 	119.5107
T	75 72	(he)
Mx 	132.4036
T	75 68 71	(had)
Mx 	150.4673
T	85 72 70 72 76 89 72 71	(received)
Mx 	188.2528
T	87 75 76 86	(this)
Mx 	206.5411
T	83 85 82 80 76 86 72	(promise)
Mx 	240.0519
T	15	(,)
Mx 	245.0980
T	83 88 87	(put)
Mx 	261.8923
T	75 76 86	(his)
Mx 	276.7383
T	75 72 68 71	(head)
Mx 	299.4212
T	76 81 87 82	(into)
Mx 	318.8765
T	87 75 72	(the)
Mx 	335.2118
T	90 68 87 72 85	(water)
Mx 	361.6398
T	68 81 71	(and)
Mx 	379.7035
T	86 68 81 78	(sank)
Mx 	20.9764
My 	423.7150
T	71 82 90 81	(down)
Mx 	43.7840
T	30	(;)
Mx 	48.2720
T	68 81 71	(and)
Mx 	65.7775
T	76 81	(in)
Mx 	76.2030
T	68	(a)
Mx 	82.9908
T	86 75 82 85 87	(short)
Mx 	107.0002
T	90 75 76 79 72	(while)
Mx 	131.8153
T	70 68 80 72	(came)
Mx 	155.6246
T	86 90 76 80 80 80 76 81 74	(swimmming)
Mx 	208.6575
T	88 83	(up)
Mx 	221.4511
T	68 74 68 76 81	(again)
Mx 	245.9342
T	90 76 87 75	(with)
Mx 	266.8626
T	87 75 72	(the)
Mx 	282.6396
T	69 68 79 79	(ball)
Mx 	299.9255
T	76 81	(in)
Mx 	310.3509
T	75 76 86	(his)
Mx 	324.6387
T	80 82 88 87 75	(mouth)
Mx 	351.9581
T	15	(,)
Mx 	356.4460
T	68 81 71	(and)
Mx 	373.9516
T	87 75 85 72 90	(threw)
Mx 	20.9764
My 	436.7150
T	76 87	(it)
Mx 	30.2971
T	82 81	(on)
Mx 	44.0124
T	87 75 72	(the)
Mx 	60.7599
T	74 85 68 86 86	(grass)
Mx 	81.9122
T	17	(.)
Mx 	87.3707
T	55 75 72	(The)
Mx 	106.1836
T	78 76 81 74 10 86	(king's)
Mx 	133.6977
T	71 68 88 74 75 87 72 85	(daughter)
Mx 	174.3710
T	90 68 86	(was)
Mx 	193.0521
T	71 72 79 76 74 75 87 72 71	(delighted)
Mx 	235.1170
T	87 82	(to)
Mx 	246.7570
T	86 72 72	(see)
Mx 	263.0260
T	75 72 85	(her)
Mx 	280.2911
T	83 85 72 87 87 92	(pretty)
Mx 	309.1529
T	83 79 68 92 87 75 76 81 74	(plaything)
Mx 	351.9160
T	82 81 70 72	(once)
Mx 	374.6205
T	80 82 85 72	(more)
Mx 	396.2611
T	15	(,)
Mx 	20.9764
My 	449.7150
T	68 81 71	(and)
Mx 	38.5435
T	83 76 70 78 72 71	(picked)
Mx 	67.8783
T	76 87	(it)
Mx 	76.2902
T	88 83	(up)
Mx 	86.8859
T	15	(,)
Mx 	91.4354
T	68 81 71	(and)
Mx 	109.0026
T	85 68 81	(ran)
Mx 	125.3295
T	68 90 68 92	(away)
Mx 	148.7609
T	90 76 87 75	(with)
Mx 	169.7509
T	76 87	(it)
Mx 	175.9033
T	17	(.)
Mx 	180.4529
T	5	(")
Mx 	184.7009
T	58 68 76 87	(Wait)
Mx 	203.9441
T	15	(,)
Mx 	208.4936
T	90 68 76 87	(wait)
Mx 	226.2964
T	15	(,)
Mx 	228.5864
T	5	(")
Mx 	235.0940
T	86 68 76 71	(said)
Mx 	253.7159
T	87 75 72	(the)
Mx 	269.5545
T	73 85 82 74	(frog)
Mx 	286.5320
T	17	(.)
Mx 	291.0816
T	5	(")
Mx 	295.3297
T	55 68 78 72	(Take)
Mx 	317.1839
T	80 72	(me)
Mx 	332.0948
T	90 76 87 75	(with)
Mx 	353.0848
T	92 82 88	(you)
Mx 	368.3436
T	17	(.)
Mx 	372.8932
T	44	(I)
Mx 	378.1313
T	70 68 81 10 87	(can't)
Mx 	20.9764
My 	462.7150
T	85 88 81	(run)
Mx 	38.9463
T	68 86	(as)
Mx 	50.5930
T	92 82 88	(you)
Mx 	69.0463
T	70 68 81	(can)
Mx 	83.5238
T	17	(.)
Mx 	85.8139
T	5	(")
Mx 	93.2565
T	37 88 87	(But)
Mx 	110.6893
T	90 75 68 87	(what)
Mx 	134.4942
T	71 76 71	(did)
Mx 	150.7990
T	76 87	(it)
Mx 	160.1459
T	68 89 68 76 79	(avail)
Mx 	182.8717
T	75 76 80	(him)
Mx 	202.3260
T	87 82	(to)
Mx 	213.9922
T	86 70 85 72 68 80	(scream)
Mx 	246.6203
T	75 76 86	(his)
Mx 	261.9047
T	70 85 82 68 78	(croak)
Mx 	284.7318
T	15	(,)
Mx 	290.2164
T	70 85 82 68 78	(croak)
Mx 	313.0436
T	15	(,)
Mx 	318.5281
T	68 73 87 72 85	(after)
Mx 	341.4443
T	75 72 85	(her)
Mx 	355.5410
T	15	(,)
Mx 	361.0256
T	68 86	(as)
Mx 	372.6723
T	79 82 88 71 79 92	(loudly)
Mx 	20.9764
My 	475.7150
T	68 86	(as)
Mx 	32.3629
T	75 72	(he)
Mx 	45.4340
T	70 82 88 79 71	(could)
Mx 	68.0415
T	17	(.)
Mx 	73.2659
T	54 75 72	(She)
Mx 	91.0978
T	71 76 71	(did)
Mx 	107.1425
T	81 82 87	(not)
Mx 	124.0662
T	79 76 86 87 72 81	(listen)
Mx 	149.8619
T	87 82	(to)
Mx 	161.2679
T	76 87	(it)
Mx 	167.4203
T	15	(,)
Mx 	172.6447
T	69 88 87	(but)
Mx 	189.3975
T	85 68 81	(ran)
Mx 	206.3993
T	75 82 80 72	(home)
Mx 	232.5319
T	68 81 71	(and)
Mx 	250.7739
T	86 82 82 81	(soon)
Mx 	273.1468
T	73 82 85 74 82 87	(forgot)
Mx 	301.5304
T	87 75 72	(the)
Mx 	318.0439
T	83 82 82 85	(poor)
Mx 	340.2947
T	73 85 82 74	(frog)
Mx 	357.2722
T	15	(,)
Mx 	362.4967
T	90 75 82	(who)
Mx 	383.0385
T	90 68 86	(was)
Mx 	20.9764
My 	488.7150
T	73 82 85 70 72 71	(forced)
Mx 	49.9328
T	87 82	(to)
Mx 	61.0718
T	74 82	(go)
Mx 	73.6464
T	69 68 70 78	(back)
Mx 	95.2297
T	76 81 87 82	(into)
Mx 	114.5963
T	75 76 86	(his)
Mx 	129.3534
T	90 72 79 79	(well)
Mx 	149.1204
T	68 74 68 76 81	(again)
Mx 	171.4055
T	17	(.)
Mx 	207.4176
My 	553.7327
T	20	(1)
End page
Finish
