Set paper size 	419.5275636	595.275597
Begin page
Mx 	40.9764
My 	36.1938
Set font 	Kohinoor Devanagari;10;400;;normal;;LTR
T	0 0	(यह)
Mx 	60.2501
T	0 0 0 0	(दाग़)
Mx 	91.5238
T	0 0 0 0	(दाग़)
Mx 	122.7976
T	0 0 0 0 0	(उजाला)
Mx 	207.4176
My 	553.7327
Set font 	Gentium Plus;10;400;;normal;;LTR
T	20	(1)
End page
Finish
