Set paper size 	419.5275636	595.275597
Begin page
Mx 	34.8208
My 	85.7024
Set font 	Gentium Plus;22;800;;normal;;LTR
T	46 68 83 76 87 82 79 68 w=75.1309	(Kapitola)
Mx 	115.8222
T	20 w=10.3232	(1)
Mx 	34.8208
My 	108.5090
T	36 75 82 77 w=41.9912	(Ahoj)
Mx 	82.6816
T	86 89 629 87 72 w=47.2441	(světe)
Mx 	34.8208
My 	146.9090
Set font 	Noto Sans CJK JP;22;800;;normal;;LTR
T	29804 w=22.0000	(第)
Mx 	60.4875
T	19 w=12.2100	(2)
Mx 	76.3643
T	29653 w=22.0000	(章)
Mx 	34.8208
My 	173.0930
Mx 	14.0360
T	44 a=14.2120	(K)
Mx 	48.8805
T	80 w=13.3320	(o)
Mx 	62.2362
T	79 w=13.4420	(n)
Mx 	75.7018
T	79 w=13.4420	(n)
Mx 	89.1675
T	74 w=6.0500	(i)
Mx 	95.2412
T	68 w=11.1980	(c)
Mx 	106.4629
T	73 w=13.3540	(h)
Mx 	119.8406
T	74 w=6.0500	(i)
Mx 	131.8620
T	41 w=16.0160	(H)
Mx 	147.9017
T	66 w=12.4080	(a)
Mx 	166.2811
T	52 w=13.1340	(S)
Mx 	179.4388
T	70 w=12.1880	(e)
Mx 	191.6505
Mx 	11.9020
T	76 a=12.1440	(k)
Mx 	203.5762
T	66 w=12.4080	(a)
Mx 	216.0079
T	74 w=6.0500	(i)
Mx 	34.8208
My 	211.4930
Set font 	Gentium Plus;22;800;;normal;;LTR
T	37 124 79 129 80 w=58.4482	(Bölüm)
Mx 	99.1436
T	22 w=10.3232	(3)
Mx 	34.8208
My 	229.4657
T	54 72 79 68 80 w=54.3662	(Selam)
Mx 	95.0510
T	39 129 81 92 68 w=57.7822	(Dünya)
Mx 	34.8208
My 	267.8657
T	38 75 68 83 87 72 85 w=72.1338	(Chapter)
Mx 	112.8258
T	23 w=10.3232	(4)
Mx 	34.8208
My 	290.6723
T	43 72 79 79 82 w=47.5342	(Hello)
Mx 	88.2211
T	58 82 85 79 71 w=55.8809	(World)
End page
Finish
