Set paper size 	297.6377985	419.5275636
Begin page
Mx 	76.6929
My 	63.6729
Set font 	Libertinus Serif;10;400;;normal;;LTR
T	91 66 79 66	(zana)
Mx 	99.8853
T	35 80 86 83 80 87 161	(Bourová)
Mx 	134.2653
T	13	(,)
Mx 	140.8576
T	91 161 81 80 77 74 77 66	(zápolila)
Mx 	176.9200
T	87 70	(ve)
Mx 	190.6724
T	205 85 90 281 70 68 73	(čtyřech)
Mx 	56.6929
My 	75.6729
T	91 161 87 80 69 70 68 73	(závodech)
Mx 	94.7629
T	13	(,)
Mx 	102.9168
T	79 70 75 77 169 81 70	(nejlépe)
Mx 	138.3207
T	84 70	(se)
Mx 	152.6446
T	86 78 173 84 85 74 77 66	(umístila)
Mx 	191.4985
T	79 66	(na)
Mx 	207.4424
T	35 70	(Be)
Mx 	217.7924
T	14	(-)
Mx 	56.6929
My 	87.6729
T	79 70 68 76 86	(necku)
Mx 	83.7968
T	79 66	(na)
Mx 	96.2207
T	21	(4)
Mx 	100.8707
T	15	(.)
Mx 	105.5046
T	78 173 84 85 219	(místě)
Mx 	127.6446
T	15	(.)
Mx 	132.2785
T	46 66 72 69 66 77 169 79 66	(Magdaléna)
Mx 	179.4024
T	36 73 83 161 84 85 80 87 161	(Chrástová)
Mx 	56.6929
My 	99.6729
T	84 76 80 79 205 74 77 66	(skončila)
Mx 	93.5578
T	79 66	(na)
Mx 	106.7326
T	78 173 84 85 219	(místě)
Mx 	132.0575
T	84 70 69 78 79 161 68 85 169 78	(sedmnáctém)
Mx 	183.2575
T	13	(,)
Mx 	188.6424
T	35 66 83 67 80 83 66	(Barbora)
Mx 	56.6929
My 	111.6729
T	288 86 77 68 80 87 161	(Šulcová)
Mx 	91.2926
T	67 90 77 66	(byla)
Mx 	111.5922
T	73 79 70 69	(hned)
Mx 	135.0019
T	91 66	(za)
End page
Finish
