Set paper size 	297.6377985	419.5275636
Begin page
Mx 	14.8819
My 	29.7654
Set font 	Gentium Plus;10;400;;normal;;;LTR
T	0 w=6.8359	(ã‚“)
End page
Finish
