Set paper size 	419.5275636	595.275597
Begin page
Mx 	54.8208
My 	76.6203
Set font 	Gentium Plus;10;400;;normal;;LTR
T	51 68 85 68 74 85 68 83 75	(Paragraph)
Mx 	100.1021
T	82 81 72	(one)
Mx 	115.2681
T	17	(.)
Mx 	117.5582
My 	73.4416
Set font 	Gentium Plus;6.81152;400;;normal;;LTR
T	20	(1)
Mx 	54.8208
My 	89.5055
Set font 	Gentium Plus;10;400;;normal;;LTR
T	51 68 85 68 74 85 68 83 75	(Paragraph)
Mx 	100.1021
T	87 90 82	(two)
Mx 	115.6343
T	17	(.)
Mx 	117.9243
My 	86.3268
Set font 	Gentium Plus;6.81152;400;;normal;;LTR
T	21	(2)
Mx 	54.8208
My 	102.3907
Set font 	Gentium Plus;10;400;;normal;;LTR
T	47 82 85 72 80	(Lorem)
Mx 	84.4156
T	76 83 86 88 80	(ipsum)
Mx 	112.8093
T	71 82 79 82 85	(dolor)
Mx 	137.9315
T	86 76 87	(sit)
Mx 	151.1396
T	68 80 72 87	(amet)
Mx 	171.8232
T	15	(,)
Mx 	177.3068
T	70 82 81 86 72 70 87 72 87 88 85	(consectetur)
Mx 	229.0305
T	68 71 76 83 76 86 76 70 76 81 74	(adipisicing)
Mx 	276.7797
T	72 79 76 87	(elit)
Mx 	290.2611
T	15	(,)
Mx 	295.7446
T	86 72 71	(sed)
Mx 	312.6198
T	71 82	(do)
Mx 	326.0427
T	72 76 88 86 80 82 71	(eiusmod)
Mx 	34.8208
My 	114.8333
T	87 72 80 83 82 85	(tempor)
Mx 	67.5593
T	76 81 70 76 71 76 71 88 81 87	(incididunt)
Mx 	112.5928
T	88 87	(ut)
Mx 	123.6907
T	79 68 69 82 85 72	(labore)
Mx 	152.0347
T	72 87	(et)
Mx 	162.4540
T	71 82 79 82 85 72	(dolore)
Mx 	191.3595
T	80 68 74 81 68	(magna)
Mx 	221.3246
T	68 79 76 84 88 68	(aliqua)
Mx 	246.3734
T	17	(.)
Mx 	251.0212
T	56 87	(Ut)
Mx 	263.3593
T	72 81 76 80	(enim)
Mx 	286.5959
T	68 71	(ad)
Mx 	298.7436
T	80 76 81 76 80	(minim)
Mx 	328.1033
T	89 72 81 76 68 80	(veniam)
Mx 	358.5037
T	15	(,)
Mx 	34.8208
My 	127.2759
T	84 88 76 86	(quis)
Mx 	54.3486
T	81 82 86 87 85 88 71	(nostrud)
Mx 	89.1645
T	72 91 72 85 70 76 87 68 87 76 82 81	(exercitation)
Mx 	141.7099
T	88 79 79 68 80 70 82	(ullamco)
Mx 	176.9555
T	79 68 69 82 85 76 86	(laboris)
Mx 	207.4013
T	81 76 86 76	(nisi)
Mx 	224.7074
T	88 87	(ut)
Mx 	235.9539
T	68 79 76 84 88 76 83	(aliquip)
Mx 	266.9271
T	72 91	(ex)
Mx 	279.0818
T	72 68	(ea)
Mx 	290.7971
T	70 82 80 80 82 71 82	(commodo)
Mx 	334.0261
T	70 82 81	(con)
Mx 	348.9431
T	86 72	(se)
Mx 	357.4246
T	16	(-)
Mx 	34.8208
My 	139.7185
T	84 88 68 87	(quat)
Mx 	53.3022
T	17	(.)
Mx 	57.7062
T	39 88 76 86	(Duis)
Mx 	77.6180
T	68 88 87 72	(aute)
Mx 	97.6812
T	76 85 88 85 72	(irure)
Mx 	120.3420
T	71 82 79 82 85	(dolor)
Mx 	144.3847
T	76 81	(in)
Mx 	154.7262
T	85 72 83 85 72 75 72 81 71 72 85 76 87	(reprehenderit)
Mx 	214.8821
T	76 81	(in)
Mx 	225.2236
T	89 82 79 88 83 87 68 87 72	(voluptate)
Mx 	266.6979
T	89 72 79 76 87	(velit)
Mx 	287.2250
T	72 86 86 72	(esse)
Mx 	306.3018
T	70 76 79 79 88 80	(cillum)
Mx 	334.2459
T	71 82 79 82 85 72	(dolore)
Mx 	34.8208
My 	152.1611
T	72 88	(eu)
Mx 	47.8741
T	73 88 74 76 68 87	(fugiat)
Mx 	75.0388
T	81 88 79 79 68	(nulla)
Mx 	99.0004
T	83 68 85 76 68 87 88 85	(pariatur)
Mx 	132.8480
T	17	(.)
Mx 	138.2744
T	40 91 70 72 83 87 72 88 85	(Excepteur)
Mx 	183.0074
T	86 76 81 87	(sint)
Mx 	201.6760
T	82 70 70 68 72 70 68 87	(occaecat)
Mx 	240.1932
T	70 88 83 76 71 68 87 68 87	(cupidatat)
Mx 	282.2700
T	81 82 81	(non)
Mx 	301.4708
T	83 85 82 76 71 72 81 87	(proident)
Mx 	337.2472
T	15	(,)
Mx 	342.6736
T	86 88 81 87	(sunt)
Mx 	34.8208
My 	164.6037
T	76 81	(in)
Mx 	45.6885
T	70 88 79 83 68	(culpa)
Mx 	70.5943
T	84 88 76	(qui)
Mx 	86.3937
T	82 741 70 76 68	(officia)
Mx 	114.6638
T	71 72 86 72 85 88 81 87	(deserunt)
Mx 	153.8225
T	80 82 79 79 76 87	(mollit)
Mx 	181.0965
T	68 81 76 80	(anim)
Mx 	204.5863
T	76 71	(id)
Mx 	215.1367
T	72 86 87	(est)
Mx 	229.7007
T	79 68 69 82 85 88 80	(laborum)
Mx 	264.3980
T	17	(.)
Mx 	269.3282
T	47 82 85 72 80	(Lorem)
Mx 	298.3698
T	76 83 86 88 80	(ipsum)
Mx 	326.2102
T	71 82 79 82 85	(dolor)
Mx 	350.7791
T	86 76 87	(sit)
Mx 	34.8208
My 	177.0463
T	68 80 72 87	(amet)
Mx 	55.5044
T	15	(,)
Mx 	60.5641
T	70 82 81 86 72 70 87 72 87 88 85	(consectetur)
Mx 	111.8640
T	68 71 76 83 76 86 76 70 76 81 74	(adipisicing)
Mx 	159.1893
T	72 79 76 87	(elit)
Mx 	172.6708
T	15	(,)
Mx 	177.7305
T	86 72 71	(sed)
Mx 	194.1818
T	71 82	(do)
Mx 	207.1809
T	72 76 88 86 80 82 71	(eiusmod)
Mx 	244.7015
T	87 72 80 83 82 85	(tempor)
Mx 	277.8521
T	76 81 70 76 71 76 71 88 81 87	(incididunt)
Mx 	323.2975
T	88 87	(ut)
Mx 	334.8074
T	79 68 69 82 85 72	(labore)
Mx 	34.8208
My 	189.4888
T	72 87	(et)
Mx 	44.9930
T	71 82 79 82 85 72	(dolore)
Mx 	73.6516
T	80 68 74 81 68	(magna)
Mx 	103.3697
T	68 79 76 84 88 68	(aliqua)
Mx 	128.4185
T	17	(.)
Mx 	132.8192
T	56 87	(Ut)
Mx 	144.9104
T	72 81 76 80	(enim)
Mx 	167.9000
T	68 71	(ad)
Mx 	179.8008
T	80 76 81 76 80	(minim)
Mx 	208.9134
T	89 72 81 76 68 80	(veniam)
Mx 	239.3138
T	15	(,)
Mx 	243.7145
T	84 88 76 86	(quis)
Mx 	262.8467
T	81 82 86 87 85 88 71	(nostrud)
Mx 	297.2670
T	72 91 72 85 70 76 87 68 87 76 82 81	(exercitation)
Mx 	349.4168
T	88 79	(ul)
Mx 	357.4246
T	16	(-)
Mx 	34.8208
My 	201.9314
T	79 68 80 70 82	(lamco)
Mx 	61.9442
T	79 68 69 82 85 76 86	(laboris)
Mx 	92.2755
T	81 76 86 76	(nisi)
Mx 	109.4673
T	88 87	(ut)
Mx 	120.5994
T	68 79 76 84 88 76 83	(aliquip)
Mx 	151.4581
T	72 91	(ex)
Mx 	163.4985
T	72 68	(ea)
Mx 	175.0994
T	70 82 80 80 82 71 82	(commodo)
Mx 	218.2140
T	70 82 81 86 72 84 88 68 87	(consequat)
Mx 	260.0939
T	17	(.)
Mx 	264.7758
T	39 88 76 86	(Duis)
Mx 	284.9656
T	68 88 87 72	(aute)
Mx 	305.3067
T	76 85 88 85 72	(irure)
Mx 	328.2455
T	71 82 79 82 85	(dolor)
Mx 	352.5662
T	76 81	(in)
Mx 	34.8208
My 	214.3740
T	85 72 83 85 72 75 72 81 71 72 85 76 87	(reprehenderit)
Mx 	95.4375
T	76 81	(in)
Mx 	106.2397
T	89 82 79 88 83 87 68 87 72	(voluptate)
Mx 	148.1747
T	89 72 79 76 87	(velit)
Mx 	169.1625
T	72 86 86 72	(esse)
Mx 	188.7001
T	70 76 79 79 88 80	(cillum)
Mx 	217.1048
T	71 82 79 82 85 72	(dolore)
Mx 	246.2274
T	72 88	(eu)
Mx 	258.7191
T	73 88 74 76 68 87	(fugiat)
Mx 	285.3221
T	81 88 79 79 68	(nulla)
Mx 	308.7219
T	83 68 85 76 68 87 88 85	(pariatur)
Mx 	342.5696
T	17	(.)
Mx 	347.4343
T	40 91	(Ex)
Mx 	357.4246
T	16	(-)
Mx 	34.8208
My 	226.8166
T	70 72 83	(cep)
Mx 	49.1079
T	87 72 88 85	(teur)
Mx 	68.8328
T	86 76 81 87	(sint)
Mx 	86.7706
T	82 70 70 68 72 70 68 87	(occaecat)
Mx 	124.5570
T	70 88 83 76 71 68 87 68 87	(cupidatat)
Mx 	165.9030
T	81 82 81	(non)
Mx 	184.3730
T	83 85 82 76 71 72 81 87	(proident)
Mx 	220.1494
T	15	(,)
Mx 	224.8450
T	86 88 81 87	(sunt)
Mx 	245.3707
T	76 81	(in)
Mx 	256.0038
T	70 88 79 83 68	(culpa)
Mx 	280.6750
T	84 88 76	(qui)
Mx 	296.2397
T	82 741 70 76 68	(officia)
Mx 	324.2752
T	71 72 86 72 85 88 81 87	(deserunt)
Mx 	34.8208
My 	239.2592
T	80 82 79 79 76 87	(mollit)
Mx 	62.1206
T	68 81 76 80	(anim)
Mx 	85.6362
T	76 71	(id)
Mx 	96.2124
T	72 86 87	(est)
Mx 	110.8023
T	79 68 69 82 85 88 80	(laborum)
Mx 	145.4996
T	17	(.)
Mx 	54.8208
My 	252.1444
T	51 68 85 68 74 85 68 83 75	(Paragraph)
Mx 	100.1013
T	87 75 85 72 72	(three)
Mx 	122.2595
T	17	(.)
Mx 	124.5496
My 	248.9657
Set font 	Gentium Plus;6.81152;400;;normal;;LTR
T	22	(3)
Mx 	54.8208
My 	260.8846
Set font 	Gentium Plus;10;400;Italic;normal;;LTR
T	54 72 83 68 85 68 87 82 85	(Separator)
Mx 	34.8208
My 	283.1243
Set font 	Gentium Plus;9;400;;normal;;LTR
T	20	(1)
Mx 	39.0439
T	17	(.)
Mx 	59.1050
T	41 82 82 87 81 82 87 72	(Footnote)
Mx 	94.7090
T	82 81 72	(one)
Mx 	34.8208
My 	298.4397
T	21	(2)
Mx 	39.0439
T	17	(.)
Mx 	59.1050
T	41 82 82 87 81 82 87 72	(Footnote)
Mx 	95.6774
T	87 90 82	(two)
Mx 	109.6564
T	17	(.)
Mx 	115.0893
T	47 82 85 72 80	(Lorem)
Mx 	142.2223
T	76 83 86 88 80	(ipsum)
Mx 	168.2742
T	71 82 79 82 85	(dolor)
Mx 	191.3819
T	86 76 87	(sit)
Mx 	203.7668
T	68 80 72 87	(amet)
Mx 	222.3821
T	15	(,)
Mx 	227.8149
T	70 82 81 86 72 70 87 72 87 88 85	(consectetur)
Mx 	274.8639
T	68 71 76 83 76 86 76 70 76 81 74	(adipisicing)
Mx 	318.3358
T	72 79 76 87	(elit)
Mx 	330.4691
T	15	(,)
Mx 	335.9019
T	86 72 71	(sed)
Mx 	351.5872
T	71 82	(do)
Mx 	34.8208
My 	310.4397
T	72 76 88 86 80 82 71	(eiusmod)
Mx 	68.1570
T	87 72 80 83 82 85	(tempor)
Mx 	97.5601
T	76 81 70 76 71 76 71 88 81 87	(incididunt)
Mx 	138.0287
T	88 87	(ut)
Mx 	147.9552
T	79 68 69 82 85 72	(labore)
Mx 	173.4033
T	72 87	(et)
Mx 	182.7190
T	71 82 79 82 85 72	(dolore)
Mx 	208.6724
T	80 68 74 81 68	(magna)
Mx 	235.5794
T	68 79 76 84 88 68	(aliqua)
Mx 	258.1233
T	17	(.)
Mx 	262.2447
T	56 87	(Ut)
Mx 	273.2875
T	72 81 76 80	(enim)
Mx 	294.1388
T	68 71	(ad)
Mx 	305.0102
T	80 76 81 76 80	(minim)
Mx 	331.3723
T	89 72 81 76 68 80	(veniam)
Mx 	358.7327
T	15	(,)
Mx 	34.8208
My 	322.4397
T	84 88 76 86	(quis)
Mx 	52.2843
T	81 82 86 87 85 88 71	(nostrud)
Mx 	83.5070
T	72 91 72 85 70 76 87 68 87 76 82 81	(exercitation)
Mx 	130.6863
T	88 79 79 68 80 70 82	(ullamco)
Mx 	162.2958
T	79 68 69 82 85 76 86	(laboris)
Mx 	189.5855
T	81 76 86 76	(nisi)
Mx 	205.0494
T	88 87	(ut)
Mx 	215.0598
T	68 79 76 84 88 76 83	(aliquip)
Mx 	242.8241
T	72 91	(ex)
Mx 	253.6518
T	72 68	(ea)
Mx 	264.0840
T	70 82 80 80 82 71 82	(commodo)
Mx 	302.8786
T	70 82 81 86 72 84 88 68 87	(consequat)
Mx 	340.5705
T	17	(.)
Mx 	344.7756
T	39 88 76 86	(Duis)
Mx 	34.8208
My 	334.4397
T	68 88 87 72	(aute)
Mx 	54.1172
T	76 85 88 85 72	(irure)
Mx 	75.7514
T	71 82 79 82 85	(dolor)
Mx 	98.6293
T	76 81	(in)
Mx 	109.1762
T	85 72 83 85 72 75 72 81 71 72 85 76 87	(reprehenderit)
Mx 	164.5561
T	76 81	(in)
Mx 	175.1029
T	89 82 79 88 83 87 68 87 72	(voluptate)
Mx 	213.6693
T	89 72 79 76 87	(velit)
Mx 	233.3831
T	72 86 86 72	(esse)
Mx 	251.7918
T	70 76 79 79 88 80	(cillum)
Mx 	278.1810
T	71 82 79 82 85 72	(dolore)
Mx 	305.2161
T	72 88	(eu)
Mx 	317.2835
T	73 88 74 76 68 87	(fugiat)
Mx 	342.0510
T	81 88 79 79 68	(nulla)
Mx 	34.8208
My 	346.4397
T	83 68 85 76 68 87 88 85	(pariatur)
Mx 	65.2837
T	17	(.)
Mx 	70.3359
T	40 91 70 72 83 87 72 88 85	(Excepteur)
Mx 	110.7641
T	86 76 81 87	(sint)
Mx 	127.7343
T	82 70 70 68 72 70 68 87	(occaecat)
Mx 	162.5683
T	70 88 83 76 71 68 87 68 87	(cupidatat)
Mx 	200.6058
T	81 82 81	(non)
Mx 	218.0550
T	83 85 82 76 71 72 81 87	(proident)
Mx 	250.2538
T	15	(,)
Mx 	255.3060
T	86 88 81 87	(sunt)
Mx 	274.6053
T	76 81	(in)
Mx 	285.0013
T	70 88 79 83 68	(culpa)
Mx 	308.0315
T	84 88 76	(qui)
Mx 	322.8660
T	82 741 70 76 68	(officia)
Mx 	348.9241
T	71 72	(de)
Mx 	357.7615
T	16	(-)
Mx 	34.8208
My 	358.4397
T	86 72 85 88 81 87	(serunt)
Mx 	61.2480
T	80 82 79 79 76 87	(mollit)
Mx 	85.8164
T	68 81 76 80	(anim)
Mx 	106.9789
T	76 71	(id)
Mx 	116.4960
T	72 86 87	(est)
Mx 	129.6254
T	79 68 69 82 85 88 80	(laborum)
Mx 	160.8529
T	17	(.)
Mx 	34.8208
My 	373.7552
T	22	(3)
Mx 	39.0439
T	17	(.)
Mx 	59.1050
T	41 82 82 87 81 82 87 72	(Footnote)
Mx 	95.1353
T	87 75 85 72 72	(three)
Mx 	115.0777
T	17	(.)
Mx 	119.9684
T	47 82 85 72 80	(Lorem)
Mx 	146.5593
T	76 83 86 88 80	(ipsum)
Mx 	172.0691
T	71 82 79 82 85	(dolor)
Mx 	194.6346
T	86 76 87	(sit)
Mx 	206.4774
T	68 80 72 87	(amet)
Mx 	225.0927
T	15	(,)
Mx 	229.9834
T	70 82 81 86 72 70 87 72 87 88 85	(consectetur)
Mx 	276.4903
T	68 71 76 83 76 86 76 70 76 81 74	(adipisicing)
Mx 	319.4200
T	72 79 76 87	(elit)
Mx 	331.5533
T	15	(,)
Mx 	336.4440
T	86 72 71	(sed)
Mx 	351.5872
T	71 82	(do)
Mx 	34.8208
My 	385.7552
T	72 76 88 86 80 82 71	(eiusmod)
Mx 	68.1570
T	87 72 80 83 82 85	(tempor)
Mx 	97.5601
T	76 81 70 76 71 76 71 88 81 87	(incididunt)
Mx 	138.0287
T	88 87	(ut)
Mx 	147.9552
T	79 68 69 82 85 72	(labore)
Mx 	173.4033
T	72 87	(et)
Mx 	182.7190
T	71 82 79 82 85 72	(dolore)
Mx 	208.6724
T	80 68 74 81 68	(magna)
Mx 	235.5794
T	68 79 76 84 88 68	(aliqua)
Mx 	258.1233
T	17	(.)
Mx 	262.2447
T	56 87	(Ut)
Mx 	273.2875
T	72 81 76 80	(enim)
Mx 	294.1388
T	68 71	(ad)
Mx 	305.0102
T	80 76 81 76 80	(minim)
Mx 	331.3723
T	89 72 81 76 68 80	(veniam)
Mx 	358.7327
T	15	(,)
Mx 	34.8208
My 	397.7552
T	84 88 76 86	(quis)
Mx 	52.2843
T	81 82 86 87 85 88 71	(nostrud)
Mx 	83.5070
T	72 91 72 85 70 76 87 68 87 76 82 81	(exercitation)
Mx 	130.6863
T	88 79 79 68 80 70 82	(ullamco)
Mx 	162.2958
T	79 68 69 82 85 76 86	(laboris)
Mx 	189.5855
T	81 76 86 76	(nisi)
Mx 	205.0494
T	88 87	(ut)
Mx 	215.0598
T	68 79 76 84 88 76 83	(aliquip)
Mx 	242.8241
T	72 91	(ex)
Mx 	253.6518
T	72 68	(ea)
Mx 	264.0840
T	70 82 80 80 82 71 82	(commodo)
Mx 	302.8786
T	70 82 81 86 72 84 88 68 87	(consequat)
Mx 	340.5705
T	17	(.)
Mx 	344.7756
T	39 88 76 86	(Duis)
Mx 	34.8208
My 	409.7552
T	68 88 87 72	(aute)
Mx 	54.1172
T	76 85 88 85 72	(irure)
Mx 	75.7514
T	71 82 79 82 85	(dolor)
Mx 	98.6293
T	76 81	(in)
Mx 	109.1762
T	85 72 83 85 72 75 72 81 71 72 85 76 87	(reprehenderit)
Mx 	164.5561
T	76 81	(in)
Mx 	175.1029
T	89 82 79 88 83 87 68 87 72	(voluptate)
Mx 	213.6693
T	89 72 79 76 87	(velit)
Mx 	233.3831
T	72 86 86 72	(esse)
Mx 	251.7918
T	70 76 79 79 88 80	(cillum)
Mx 	278.1810
T	71 82 79 82 85 72	(dolore)
Mx 	305.2161
T	72 88	(eu)
Mx 	317.2835
T	73 88 74 76 68 87	(fugiat)
Mx 	342.0510
T	81 88 79 79 68	(nulla)
Mx 	34.8208
My 	421.7552
T	83 68 85 76 68 87 88 85	(pariatur)
Mx 	65.2837
T	17	(.)
Mx 	70.3359
T	40 91 70 72 83 87 72 88 85	(Excepteur)
Mx 	110.7641
T	86 76 81 87	(sint)
Mx 	127.7343
T	82 70 70 68 72 70 68 87	(occaecat)
Mx 	162.5683
T	70 88 83 76 71 68 87 68 87	(cupidatat)
Mx 	200.6058
T	81 82 81	(non)
Mx 	218.0550
T	83 85 82 76 71 72 81 87	(proident)
Mx 	250.2538
T	15	(,)
Mx 	255.3060
T	86 88 81 87	(sunt)
Mx 	274.6053
T	76 81	(in)
Mx 	285.0013
T	70 88 79 83 68	(culpa)
Mx 	308.0315
T	84 88 76	(qui)
Mx 	322.8660
T	82 741 70 76 68	(officia)
Mx 	348.9241
T	71 72	(de)
Mx 	357.7615
T	16	(-)
Mx 	34.8208
My 	433.7552
T	86 72 85 88 81 87	(serunt)
Mx 	61.3689
T	80 82 79 79 76 87	(mollit)
Mx 	86.0581
T	68 81 76 80	(anim)
Mx 	107.3415
T	76 71	(id)
Mx 	116.9794
T	72 86 87	(est)
Mx 	130.2296
T	79 68 69 82 85 88 80	(laborum)
Mx 	161.4572
T	17	(.)
Mx 	166.0370
T	47 82 85 72 80	(Lorem)
Mx 	192.3170
T	76 83 86 88 80	(ipsum)
Mx 	217.5159
T	71 82 79 82 85	(dolor)
Mx 	239.7706
T	86 76 87	(sit)
Mx 	251.3025
T	68 80 72 87	(amet)
Mx 	269.9178
T	15	(,)
Mx 	274.4976
T	70 82 81 86 72 70 87 72 87 88 85	(consectetur)
Mx 	320.6936
T	68 71 76 83 76 86 76 70 76 81 74	(adipisicing)
Mx 	34.8208
My 	445.7552
T	72 79 76 87	(elit)
Mx 	46.9541
T	15	(,)
Mx 	52.2146
T	86 72 71	(sed)
Mx 	67.7276
T	71 82	(do)
Mx 	80.1337
T	72 76 88 86 80 82 71	(eiusmod)
Mx 	114.6091
T	87 72 80 83 82 85	(tempor)
Mx 	145.1514
T	76 81 70 76 71 76 71 88 81 87	(incididunt)
Mx 	186.7591
T	88 87	(ut)
Mx 	197.8248
T	79 68 69 82 85 72	(labore)
Mx 	224.4120
T	72 87	(et)
Mx 	234.8669
T	71 82 79 82 85 72	(dolore)
Mx 	261.9595
T	80 68 74 81 68	(magna)
Mx 	290.0057
T	68 79 76 84 88 68	(aliqua)
Mx 	312.5496
T	17	(.)
Mx 	317.8102
T	56 87	(Ut)
Mx 	329.9921
T	72 81 76 80	(enim)
Mx 	351.9827
T	68 71	(ad)
Mx 	34.8208
My 	457.7552
T	80 76 81 76 80	(minim)
Mx 	61.4373
T	89 72 81 76 68 80	(veniam)
Mx 	88.7977
T	15	(,)
Mx 	93.1735
T	84 88 76 86	(quis)
Mx 	110.8077
T	81 82 86 87 85 88 71	(nostrud)
Mx 	142.2011
T	72 91 72 85 70 76 87 68 87 76 82 81	(exercitation)
Mx 	189.5510
T	88 79 79 68 80 70 82	(ullamco)
Mx 	221.3312
T	79 68 69 82 85 76 86	(laboris)
Mx 	248.7915
T	81 76 86 76	(nisi)
Mx 	264.4261
T	88 87	(ut)
Mx 	274.6071
T	68 79 76 84 88 76 83	(aliquip)
Mx 	302.5420
T	72 91	(ex)
Mx 	313.5404
T	72 68	(ea)
Mx 	324.1433
T	70 82 80 80 82 71 82	(commodo)
Mx 	34.8208
My 	469.7552
T	70 82 81 86 72 84 88 68 87	(consequat)
Mx 	72.5127
T	17	(.)
Mx 	77.4378
T	39 88 76 86	(Duis)
Mx 	96.3200
T	68 88 87 72	(aute)
Mx 	115.3384
T	76 85 88 85 72	(irure)
Mx 	136.6947
T	71 82 79 82 85	(dolor)
Mx 	159.2947
T	76 81	(in)
Mx 	169.5636
T	85 72 83 85 72 75 72 81 71 72 85 76 87	(reprehenderit)
Mx 	224.6655
T	76 81	(in)
Mx 	234.9344
T	89 82 79 88 83 87 68 87 72	(voluptate)
Mx 	273.2228
T	89 72 79 76 87	(velit)
Mx 	292.6587
T	72 86 86 72	(esse)
Mx 	310.7895
T	70 76 79 79 88 80	(cillum)
Mx 	336.9006
T	71 82 79 82 85 72	(dolore)
Mx 	34.8208
My 	481.7552
T	72 88	(eu)
Mx 	46.5278
T	73 88 74 76 68 87	(fugiat)
Mx 	70.9350
T	81 88 79 79 68	(nulla)
Mx 	92.4594
T	83 68 85 76 68 87 88 85	(pariatur)
Mx 	122.9223
T	17	(.)
Mx 	127.7650
T	40 91 70 72 83 87 72 88 85	(Excepteur)
Mx 	167.9838
T	86 76 81 87	(sint)
Mx 	184.7445
T	82 70 70 68 72 70 68 87	(occaecat)
Mx 	219.3690
T	70 88 83 76 71 68 87 68 87	(cupidatat)
Mx 	257.1971
T	81 82 81	(non)
Mx 	274.4368
T	83 85 82 76 71 72 81 87	(proident)
Mx 	306.6356
T	15	(,)
Mx 	311.4783
T	86 88 81 87	(sunt)
Mx 	330.5681
T	76 81	(in)
Mx 	340.7546
T	70 88 79 83 68	(culpa)
Mx 	34.8208
My 	493.7552
T	84 88 76	(qui)
Mx 	49.0572
T	82 741 70 76 68	(officia)
Mx 	74.5172
T	71 72 86 72 85 88 81 87	(deserunt)
Mx 	109.7770
T	80 82 79 79 76 87	(mollit)
Mx 	134.3405
T	68 81 76 80	(anim)
Mx 	155.4983
T	76 71	(id)
Mx 	165.0106
T	72 86 87	(est)
Mx 	178.1351
T	79 68 69 82 85 88 80	(laborum)
Mx 	209.3627
T	17	(.)
Mx 	195.4611
My 	519.8019
Set font 	Gentium Plus;10;400;;normal;;LTR
T	20	(1)
New page
Mx 	78.7339
My 	76.6203
T	51 68 85 68 74 85 68 83 75	(Paragraph)
Mx 	124.0149
T	73 82 88 85	(four)
Mx 	141.4124
T	17	(.)
Mx 	143.7024
My 	73.4416
Set font 	Gentium Plus;6.81152;400;;normal;;LTR
T	23	(4)
Mx 	78.7339
My 	88.6203
Set font 	Gentium Plus;10;400;;normal;;LTR
T	51 68 85 68 74 85 68 83 75	(Paragraph)
Mx 	124.0151
T	737 89 72	(five)
Mx 	139.3862
T	17	(.)
Mx 	141.6763
My 	85.4416
Set font 	Gentium Plus;6.81152;400;;normal;;LTR
T	24	(5)
Mx 	78.7339
My 	100.6203
Set font 	Gentium Plus;10;400;;normal;;LTR
T	47 82 85 72 80	(Lorem)
Mx 	108.3287
T	76 83 86 88 80	(ipsum)
Mx 	136.7224
T	71 82 79 82 85	(dolor)
Mx 	161.8446
T	86 76 87	(sit)
Mx 	175.0527
T	68 80 72 87	(amet)
Mx 	195.7363
T	15	(,)
Mx 	201.2198
T	70 82 81 86 72 70 87 72 87 88 85	(consectetur)
Mx 	252.9436
T	68 71 76 83 76 86 76 70 76 81 74	(adipisicing)
Mx 	300.6927
T	72 79 76 87	(elit)
Mx 	314.1742
T	15	(,)
Mx 	319.6577
T	86 72 71	(sed)
Mx 	336.5328
T	71 82	(do)
Mx 	349.9558
T	72 76 88 86 80 82 71	(eiusmod)
Mx 	58.7339
My 	112.6203
T	87 72 80 83 82 85	(tempor)
Mx 	91.4724
T	76 81 70 76 71 76 71 88 81 87	(incididunt)
Mx 	136.5059
T	88 87	(ut)
Mx 	147.6038
T	79 68 69 82 85 72	(labore)
Mx 	175.9478
T	72 87	(et)
Mx 	186.3670
T	71 82 79 82 85 72	(dolore)
Mx 	215.2726
T	80 68 74 81 68	(magna)
Mx 	245.2377
T	68 79 76 84 88 68	(aliqua)
Mx 	270.2865
T	17	(.)
Mx 	274.9342
T	56 87	(Ut)
Mx 	287.2724
T	72 81 76 80	(enim)
Mx 	310.5090
T	68 71	(ad)
Mx 	322.6567
T	80 76 81 76 80	(minim)
Mx 	352.0163
T	89 72 81 76 68 80	(veniam)
Mx 	382.4167
T	15	(,)
Mx 	58.7339
My 	124.6203
T	84 88 76 86	(quis)
Mx 	78.2617
T	81 82 86 87 85 88 71	(nostrud)
Mx 	113.0776
T	72 91 72 85 70 76 87 68 87 76 82 81	(exercitation)
Mx 	165.6230
T	88 79 79 68 80 70 82	(ullamco)
Mx 	200.8685
T	79 68 69 82 85 76 86	(laboris)
Mx 	231.3143
T	81 76 86 76	(nisi)
Mx 	248.6205
T	88 87	(ut)
Mx 	259.8670
T	68 79 76 84 88 76 83	(aliquip)
Mx 	290.8401
T	72 91	(ex)
Mx 	302.9949
T	72 68	(ea)
Mx 	314.7102
T	70 82 80 80 82 71 82	(commodo)
Mx 	357.9392
T	70 82 81	(con)
Mx 	372.8562
T	86 72	(se)
Mx 	381.3376
T	16	(-)
Mx 	58.7339
My 	136.6203
T	84 88 68 87	(quat)
Mx 	77.2153
T	17	(.)
Mx 	81.6193
T	39 88 76 86	(Duis)
Mx 	101.5311
T	68 88 87 72	(aute)
Mx 	121.5943
T	76 85 88 85 72	(irure)
Mx 	144.2551
T	71 82 79 82 85	(dolor)
Mx 	168.2978
T	76 81	(in)
Mx 	178.6393
T	85 72 83 85 72 75 72 81 71 72 85 76 87	(reprehenderit)
Mx 	238.7952
T	76 81	(in)
Mx 	249.1367
T	89 82 79 88 83 87 68 87 72	(voluptate)
Mx 	290.6110
T	89 72 79 76 87	(velit)
Mx 	311.1380
T	72 86 86 72	(esse)
Mx 	330.2149
T	70 76 79 79 88 80	(cillum)
Mx 	358.1589
T	71 82 79 82 85 72	(dolore)
Mx 	58.7339
My 	148.6203
T	72 88	(eu)
Mx 	71.7872
T	73 88 74 76 68 87	(fugiat)
Mx 	98.9519
T	81 88 79 79 68	(nulla)
Mx 	122.9134
T	83 68 85 76 68 87 88 85	(pariatur)
Mx 	156.7611
T	17	(.)
Mx 	162.1875
T	40 91 70 72 83 87 72 88 85	(Excepteur)
Mx 	206.9205
T	86 76 81 87	(sint)
Mx 	225.5891
T	82 70 70 68 72 70 68 87	(occaecat)
Mx 	264.1063
T	70 88 83 76 71 68 87 68 87	(cupidatat)
Mx 	306.1831
T	81 82 81	(non)
Mx 	325.3839
T	83 85 82 76 71 72 81 87	(proident)
Mx 	361.1603
T	15	(,)
Mx 	366.5867
T	86 88 81 87	(sunt)
Mx 	58.7339
My 	160.6203
T	76 81	(in)
Mx 	69.6016
T	70 88 79 83 68	(culpa)
Mx 	94.5074
T	84 88 76	(qui)
Mx 	110.3068
T	82 741 70 76 68	(officia)
Mx 	138.5769
T	71 72 86 72 85 88 81 87	(deserunt)
Mx 	177.7356
T	80 82 79 79 76 87	(mollit)
Mx 	205.0096
T	68 81 76 80	(anim)
Mx 	228.4994
T	76 71	(id)
Mx 	239.0497
T	72 86 87	(est)
Mx 	253.6138
T	79 68 69 82 85 88 80	(laborum)
Mx 	288.3110
T	17	(.)
Mx 	293.2413
T	47 82 85 72 80	(Lorem)
Mx 	322.2828
T	76 83 86 88 80	(ipsum)
Mx 	350.1232
T	71 82 79 82 85	(dolor)
Mx 	374.6921
T	86 76 87	(sit)
Mx 	58.7339
My 	172.6203
T	68 80 72 87	(amet)
Mx 	79.4175
T	15	(,)
Mx 	84.4771
T	70 82 81 86 72 70 87 72 87 88 85	(consectetur)
Mx 	135.7771
T	68 71 76 83 76 86 76 70 76 81 74	(adipisicing)
Mx 	183.1024
T	72 79 76 87	(elit)
Mx 	196.5838
T	15	(,)
Mx 	201.6435
T	86 72 71	(sed)
Mx 	218.0948
T	71 82	(do)
Mx 	231.0940
T	72 76 88 86 80 82 71	(eiusmod)
Mx 	268.6146
T	87 72 80 83 82 85	(tempor)
Mx 	301.7651
T	76 81 70 76 71 76 71 88 81 87	(incididunt)
Mx 	347.2106
T	88 87	(ut)
Mx 	358.7204
T	79 68 69 82 85 72	(labore)
Mx 	58.7339
My 	184.6203
T	72 87	(et)
Mx 	68.9061
T	71 82 79 82 85 72	(dolore)
Mx 	97.5646
T	80 68 74 81 68	(magna)
Mx 	127.2828
T	68 79 76 84 88 68	(aliqua)
Mx 	152.3316
T	17	(.)
Mx 	156.7323
T	56 87	(Ut)
Mx 	168.8235
T	72 81 76 80	(enim)
Mx 	191.8131
T	68 71	(ad)
Mx 	203.7138
T	80 76 81 76 80	(minim)
Mx 	232.8265
T	89 72 81 76 68 80	(veniam)
Mx 	263.2269
T	15	(,)
Mx 	267.6276
T	84 88 76 86	(quis)
Mx 	286.7598
T	81 82 86 87 85 88 71	(nostrud)
Mx 	321.1801
T	72 91 72 85 70 76 87 68 87 76 82 81	(exercitation)
Mx 	373.3298
T	88 79	(ul)
Mx 	381.3376
T	16	(-)
Mx 	58.7339
My 	196.6203
T	79 68 80 70 82	(lamco)
Mx 	85.8572
T	79 68 69 82 85 76 86	(laboris)
Mx 	116.1886
T	81 76 86 76	(nisi)
Mx 	133.3803
T	88 87	(ut)
Mx 	144.5125
T	68 79 76 84 88 76 83	(aliquip)
Mx 	175.3712
T	72 91	(ex)
Mx 	187.4116
T	72 68	(ea)
Mx 	199.0125
T	70 82 80 80 82 71 82	(commodo)
Mx 	242.1270
T	70 82 81 86 72 84 88 68 87	(consequat)
Mx 	284.0069
T	17	(.)
Mx 	288.6889
T	39 88 76 86	(Duis)
Mx 	308.8787
T	68 88 87 72	(aute)
Mx 	329.2198
T	76 85 88 85 72	(irure)
Mx 	352.1586
T	71 82 79 82 85	(dolor)
Mx 	376.4792
T	76 81	(in)
Mx 	58.7339
My 	208.6203
T	85 72 83 85 72 75 72 81 71 72 85 76 87	(reprehenderit)
Mx 	119.3505
T	76 81	(in)
Mx 	130.1528
T	89 82 79 88 83 87 68 87 72	(voluptate)
Mx 	172.0878
T	89 72 79 76 87	(velit)
Mx 	193.0756
T	72 86 86 72	(esse)
Mx 	212.6131
T	70 76 79 79 88 80	(cillum)
Mx 	241.0179
T	71 82 79 82 85 72	(dolore)
Mx 	270.1405
T	72 88	(eu)
Mx 	282.6321
T	73 88 74 76 68 87	(fugiat)
Mx 	309.2351
T	81 88 79 79 68	(nulla)
Mx 	332.6350
T	83 68 85 76 68 87 88 85	(pariatur)
Mx 	366.4827
T	17	(.)
Mx 	371.3474
T	40 91	(Ex)
Mx 	381.3376
T	16	(-)
Mx 	58.7339
My 	220.6203
T	70 72 83	(cep)
Mx 	73.0210
T	87 72 88 85	(teur)
Mx 	92.7459
T	86 76 81 87	(sint)
Mx 	110.6837
T	82 70 70 68 72 70 68 87	(occaecat)
Mx 	148.4701
T	70 88 83 76 71 68 87 68 87	(cupidatat)
Mx 	189.8161
T	81 82 81	(non)
Mx 	208.2861
T	83 85 82 76 71 72 81 87	(proident)
Mx 	244.0625
T	15	(,)
Mx 	248.7581
T	86 88 81 87	(sunt)
Mx 	269.2837
T	76 81	(in)
Mx 	279.9168
T	70 88 79 83 68	(culpa)
Mx 	304.5880
T	84 88 76	(qui)
Mx 	320.1528
T	82 741 70 76 68	(officia)
Mx 	348.1882
T	71 72 86 72 85 88 81 87	(deserunt)
Mx 	58.7339
My 	232.6203
T	80 82 79 79 76 87	(mollit)
Mx 	86.0337
T	68 81 76 80	(anim)
Mx 	109.5493
T	76 71	(id)
Mx 	120.1255
T	72 86 87	(est)
Mx 	134.7154
T	79 68 69 82 85 88 80	(laborum)
Mx 	169.4126
T	17	(.)
Mx 	78.7339
My 	244.6203
T	51 68 85 68 74 85 68 83 75	(Paragraph)
Mx 	124.0156
T	86 76 91	(six)
Mx 	135.6171
T	17	(.)
Mx 	137.9072
My 	241.4416
Set font 	Gentium Plus;6.81152;400;;normal;;LTR
T	25	(6)
Mx 	78.7339
My 	261.6317
Set font 	Gentium Plus;10;400;Italic;normal;;LTR
T	54 72 83 68 85 68 87 82 85	(Separator)
Mx 	58.7339
My 	285.0579
Set font 	Gentium Plus;9;400;;normal;;LTR
T	23	(4)
Mx 	62.9570
T	17	(.)
Mx 	83.0180
T	41 82 82 87 81 82 87 72	(Footnote)
Mx 	118.6219
T	73 82 88 85	(four)
Mx 	58.7339
My 	300.3733
T	24	(5)
Mx 	62.9570
T	17	(.)
Mx 	83.0180
T	41 82 82 87 81 82 87 72	(Footnote)
Mx 	119.6037
T	737 89 72	(five)
Mx 	133.4377
T	17	(.)
Mx 	138.8837
T	47 82 85 72 80	(Lorem)
Mx 	166.0299
T	76 83 86 88 80	(ipsum)
Mx 	192.0950
T	71 82 79 82 85	(dolor)
Mx 	215.2158
T	86 76 87	(sit)
Mx 	227.6140
T	68 80 72 87	(amet)
Mx 	246.2292
T	15	(,)
Mx 	251.6752
T	70 82 81 86 72 70 87 72 87 88 85	(consectetur)
Mx 	298.7374
T	68 71 76 83 76 86 76 70 76 81 74	(adipisicing)
Mx 	342.2225
T	72 79 76 87	(elit)
Mx 	354.3558
T	15	(,)
Mx 	359.8018
T	86 72 71	(sed)
Mx 	375.5002
T	71 82	(do)
Mx 	58.7339
My 	312.3733
T	72 76 88 86 80 82 71	(eiusmod)
Mx 	92.0701
T	87 72 80 83 82 85	(tempor)
Mx 	121.4732
T	76 81 70 76 71 76 71 88 81 87	(incididunt)
Mx 	161.9417
T	88 87	(ut)
Mx 	171.8683
T	79 68 69 82 85 72	(labore)
Mx 	197.3163
T	72 87	(et)
Mx 	206.6320
T	71 82 79 82 85 72	(dolore)
Mx 	232.5854
T	80 68 74 81 68	(magna)
Mx 	259.4925
T	68 79 76 84 88 68	(aliqua)
Mx 	282.0364
T	17	(.)
Mx 	286.1578
T	56 87	(Ut)
Mx 	297.2006
T	72 81 76 80	(enim)
Mx 	318.0519
T	68 71	(ad)
Mx 	328.9233
T	80 76 81 76 80	(minim)
Mx 	355.2854
T	89 72 81 76 68 80	(veniam)
Mx 	382.6457
T	15	(,)
Mx 	58.7339
My 	324.3733
T	84 88 76 86	(quis)
Mx 	76.1973
T	81 82 86 87 85 88 71	(nostrud)
Mx 	107.4201
T	72 91 72 85 70 76 87 68 87 76 82 81	(exercitation)
Mx 	154.5994
T	88 79 79 68 80 70 82	(ullamco)
Mx 	186.2089
T	79 68 69 82 85 76 86	(laboris)
Mx 	213.4985
T	81 76 86 76	(nisi)
Mx 	228.9625
T	88 87	(ut)
Mx 	238.9729
T	68 79 76 84 88 76 83	(aliquip)
Mx 	266.7371
T	72 91	(ex)
Mx 	277.5649
T	72 68	(ea)
Mx 	287.9971
T	70 82 80 80 82 71 82	(commodo)
Mx 	326.7916
T	70 82 81 86 72 84 88 68 87	(consequat)
Mx 	364.4835
T	17	(.)
Mx 	368.6887
T	39 88 76 86	(Duis)
Mx 	58.7339
My 	336.3733
T	68 88 87 72	(aute)
Mx 	78.0302
T	76 85 88 85 72	(irure)
Mx 	99.6645
T	71 82 79 82 85	(dolor)
Mx 	122.5424
T	76 81	(in)
Mx 	133.0893
T	85 72 83 85 72 75 72 81 71 72 85 76 87	(reprehenderit)
Mx 	188.4691
T	76 81	(in)
Mx 	199.0160
T	89 82 79 88 83 87 68 87 72	(voluptate)
Mx 	237.5824
T	89 72 79 76 87	(velit)
Mx 	257.2962
T	72 86 86 72	(esse)
Mx 	275.7049
T	70 76 79 79 88 80	(cillum)
Mx 	302.0940
T	71 82 79 82 85 72	(dolore)
Mx 	329.1292
T	72 88	(eu)
Mx 	341.1965
T	73 88 74 76 68 87	(fugiat)
Mx 	365.9641
T	81 88 79 79 68	(nulla)
Mx 	58.7339
My 	348.3733
T	83 68 85 76 68 87 88 85	(pariatur)
Mx 	89.1967
T	17	(.)
Mx 	94.2490
T	40 91 70 72 83 87 72 88 85	(Excepteur)
Mx 	134.6772
T	86 76 81 87	(sint)
Mx 	151.6474
T	82 70 70 68 72 70 68 87	(occaecat)
Mx 	186.4813
T	70 88 83 76 71 68 87 68 87	(cupidatat)
Mx 	224.5189
T	81 82 81	(non)
Mx 	241.9681
T	83 85 82 76 71 72 81 87	(proident)
Mx 	274.1669
T	15	(,)
Mx 	279.2191
T	86 88 81 87	(sunt)
Mx 	298.5184
T	76 81	(in)
Mx 	308.9144
T	70 88 79 83 68	(culpa)
Mx 	331.9446
T	84 88 76	(qui)
Mx 	346.7791
T	82 741 70 76 68	(officia)
Mx 	372.8371
T	71 72	(de)
Mx 	381.6745
T	16	(-)
Mx 	58.7339
My 	360.3733
T	86 72 85 88 81 87	(serunt)
Mx 	85.1611
T	80 82 79 79 76 87	(mollit)
Mx 	109.7294
T	68 81 76 80	(anim)
Mx 	130.8920
T	76 71	(id)
Mx 	140.4091
T	72 86 87	(est)
Mx 	153.5384
T	79 68 69 82 85 88 80	(laborum)
Mx 	184.7660
T	17	(.)
Mx 	58.7339
My 	375.6888
T	25	(6)
Mx 	62.9570
T	17	(.)
Mx 	83.0180
T	41 82 82 87 81 82 87 72	(Footnote)
Mx 	118.1149
T	86 76 91	(six)
Mx 	128.5563
T	17	(.)
Mx 	132.5136
T	47 82 85 72 80	(Lorem)
Mx 	158.1711
T	76 83 86 88 80	(ipsum)
Mx 	182.7475
T	71 82 79 82 85	(dolor)
Mx 	204.3795
T	86 76 87	(sit)
Mx 	215.2889
T	68 80 72 87	(amet)
Mx 	233.9042
T	15	(,)
Mx 	237.8614
T	70 82 81 86 72 70 87 72 87 88 85	(consectetur)
Mx 	283.4349
T	68 71 76 83 76 86 76 70 76 81 74	(adipisicing)
Mx 	325.4312
T	72 79 76 87	(elit)
Mx 	337.5645
T	15	(,)
Mx 	341.5218
T	86 72 71	(sed)
Mx 	355.7315
T	71 82	(do)
Mx 	366.8342
T	72 76 88 86	(eius)
Mx 	381.6745
T	16	(-)
Mx 	58.7339
My 	387.6888
T	80 82 71	(mod)
Mx 	77.0484
T	87 72 80 83 82 85	(tempor)
Mx 	106.2701
T	76 81 70 76 71 76 71 88 81 87	(incididunt)
Mx 	146.5573
T	88 87	(ut)
Mx 	156.3024
T	79 68 69 82 85 72	(labore)
Mx 	181.5691
T	72 87	(et)
Mx 	190.7034
T	71 82 79 82 85 72	(dolore)
Mx 	216.4754
T	80 68 74 81 68	(magna)
Mx 	243.2011
T	68 79 76 84 88 68	(aliqua)
Mx 	265.7450
T	17	(.)
Mx 	269.6850
T	56 87	(Ut)
Mx 	280.5464
T	72 81 76 80	(enim)
Mx 	301.2164
T	68 71	(ad)
Mx 	311.9064
T	80 76 81 76 80	(minim)
Mx 	338.0871
T	89 72 81 76 68 80	(veniam)
Mx 	365.4474
T	15	(,)
Mx 	369.3874
T	84 88 76 86	(quis)
Mx 	58.7339
My 	399.6888
T	81 82 86 87 85 88 71	(nostrud)
Mx 	89.8870
T	72 91 72 85 70 76 87 68 87 76 82 81	(exercitation)
Mx 	136.9968
T	88 79 79 68 80 70 82	(ullamco)
Mx 	168.5367
T	79 68 69 82 85 76 86	(laboris)
Mx 	195.7567
T	81 76 86 76	(nisi)
Mx 	211.1511
T	88 87	(ut)
Mx 	221.0919
T	68 79 76 84 88 76 83	(aliquip)
Mx 	248.7866
T	72 91	(ex)
Mx 	259.5447
T	72 68	(ea)
Mx 	269.9074
T	70 82 80 80 82 71 82	(commodo)
Mx 	308.6324
T	70 82 81 86 72 84 88 68 87	(consequat)
Mx 	346.3242
T	17	(.)
Mx 	350.4598
T	39 88 76 86	(Duis)
Mx 	368.5525
T	68 88 87 72	(aute)
Mx 	58.7339
My 	411.6888
T	76 85 88 85 72	(irure)
Mx 	79.1089
T	71 82 79 82 85	(dolor)
Mx 	100.7276
T	76 81	(in)
Mx 	110.0153
T	85 72 83 85 72 75 72 81 71 72 85 76 87	(reprehenderit)
Mx 	164.1359
T	76 81	(in)
Mx 	173.4236
T	89 82 79 88 83 87 68 87 72	(voluptate)
Mx 	210.7308
T	89 72 79 76 87	(velit)
Mx 	229.1854
T	72 86 86 72	(esse)
Mx 	246.3349
T	70 76 79 79 88 80	(cillum)
Mx 	271.4648
T	71 82 79 82 85 72	(dolore)
Mx 	297.2408
T	72 88	(eu)
Mx 	308.0489
T	73 88 74 76 68 87	(fugiat)
Mx 	331.5573
T	81 88 79 79 68	(nulla)
Mx 	352.1829
T	83 68 85 76 68 87 88 85	(pariatur)
Mx 	382.6457
T	17	(.)
Mx 	58.7339
My 	423.6888
T	40 91 70 72 83 87 72 88 85	(Excepteur)
Mx 	98.6871
T	86 76 81 87	(sint)
Mx 	115.1823
T	82 70 70 68 72 70 68 87	(occaecat)
Mx 	149.5413
T	70 88 83 76 71 68 87 68 87	(cupidatat)
Mx 	187.1039
T	81 82 81	(non)
Mx 	204.0781
T	83 85 82 76 71 72 81 87	(proident)
Mx 	236.2769
T	15	(,)
Mx 	240.8541
T	86 88 81 87	(sunt)
Mx 	259.6784
T	76 81	(in)
Mx 	269.5994
T	70 88 79 83 68	(culpa)
Mx 	292.1547
T	84 88 76	(qui)
Mx 	306.5142
T	82 741 70 76 68	(officia)
Mx 	332.0973
T	71 72 86 72 85 88 81 87	(deserunt)
Mx 	367.4802
T	80 82 79	(mol)
Mx 	381.6745
T	16	(-)
Mx 	58.7339
My 	435.6888
T	79 76 87	(lit)
Mx 	69.0481
T	68 81 76 80	(anim)
Mx 	90.1510
T	76 71	(id)
Mx 	99.6083
T	72 86 87	(est)
Mx 	112.6779
T	79 68 69 82 85 88 80	(laborum)
Mx 	143.9055
T	17	(.)
Mx 	148.3047
T	47 82 85 72 80	(Lorem)
Mx 	174.4041
T	76 83 86 88 80	(ipsum)
Mx 	199.4225
T	71 82 79 82 85	(dolor)
Mx 	221.4965
T	86 76 87	(sit)
Mx 	232.8479
T	68 80 72 87	(amet)
Mx 	251.4631
T	15	(,)
Mx 	255.8623
T	70 82 81 86 72 70 87 72 87 88 85	(consectetur)
Mx 	301.8778
T	68 71 76 83 76 86 76 70 76 81 74	(adipisicing)
Mx 	344.3160
T	72 79 76 87	(elit)
Mx 	356.4493
T	15	(,)
Mx 	360.8486
T	86 72 71	(sed)
Mx 	375.5002
T	71 82	(do)
Mx 	58.7339
My 	447.6888
T	72 76 88 86 80 82 71	(eiusmod)
Mx 	92.0701
T	87 72 80 83 82 85	(tempor)
Mx 	121.4732
T	76 81 70 76 71 76 71 88 81 87	(incididunt)
Mx 	161.9417
T	88 87	(ut)
Mx 	171.8683
T	79 68 69 82 85 72	(labore)
Mx 	197.3163
T	72 87	(et)
Mx 	206.6320
T	71 82 79 82 85 72	(dolore)
Mx 	232.5854
T	80 68 74 81 68	(magna)
Mx 	259.4925
T	68 79 76 84 88 68	(aliqua)
Mx 	282.0364
T	17	(.)
Mx 	286.1578
T	56 87	(Ut)
Mx 	297.2006
T	72 81 76 80	(enim)
Mx 	318.0519
T	68 71	(ad)
Mx 	328.9233
T	80 76 81 76 80	(minim)
Mx 	355.2854
T	89 72 81 76 68 80	(veniam)
Mx 	382.6457
T	15	(,)
Mx 	58.7339
My 	459.6888
T	84 88 76 86	(quis)
Mx 	76.1973
T	81 82 86 87 85 88 71	(nostrud)
Mx 	107.4201
T	72 91 72 85 70 76 87 68 87 76 82 81	(exercitation)
Mx 	154.5994
T	88 79 79 68 80 70 82	(ullamco)
Mx 	186.2089
T	79 68 69 82 85 76 86	(laboris)
Mx 	213.4985
T	81 76 86 76	(nisi)
Mx 	228.9625
T	88 87	(ut)
Mx 	238.9729
T	68 79 76 84 88 76 83	(aliquip)
Mx 	266.7371
T	72 91	(ex)
Mx 	277.5649
T	72 68	(ea)
Mx 	287.9971
T	70 82 80 80 82 71 82	(commodo)
Mx 	326.7916
T	70 82 81 86 72 84 88 68 87	(consequat)
Mx 	364.4835
T	17	(.)
Mx 	368.6887
T	39 88 76 86	(Duis)
Mx 	58.7339
My 	471.6888
T	68 88 87 72	(aute)
Mx 	78.0302
T	76 85 88 85 72	(irure)
Mx 	99.6645
T	71 82 79 82 85	(dolor)
Mx 	122.5424
T	76 81	(in)
Mx 	133.0893
T	85 72 83 85 72 75 72 81 71 72 85 76 87	(reprehenderit)
Mx 	188.4691
T	76 81	(in)
Mx 	199.0160
T	89 82 79 88 83 87 68 87 72	(voluptate)
Mx 	237.5824
T	89 72 79 76 87	(velit)
Mx 	257.2962
T	72 86 86 72	(esse)
Mx 	275.7049
T	70 76 79 79 88 80	(cillum)
Mx 	302.0940
T	71 82 79 82 85 72	(dolore)
Mx 	329.1292
T	72 88	(eu)
Mx 	341.1965
T	73 88 74 76 68 87	(fugiat)
Mx 	365.9641
T	81 88 79 79 68	(nulla)
Mx 	58.7339
My 	483.6888
T	83 68 85 76 68 87 88 85	(pariatur)
Mx 	89.1967
T	17	(.)
Mx 	94.2490
T	40 91 70 72 83 87 72 88 85	(Excepteur)
Mx 	134.6772
T	86 76 81 87	(sint)
Mx 	151.6474
T	82 70 70 68 72 70 68 87	(occaecat)
Mx 	186.4813
T	70 88 83 76 71 68 87 68 87	(cupidatat)
Mx 	224.5189
T	81 82 81	(non)
Mx 	241.9681
T	83 85 82 76 71 72 81 87	(proident)
Mx 	274.1669
T	15	(,)
Mx 	279.2191
T	86 88 81 87	(sunt)
Mx 	298.5184
T	76 81	(in)
Mx 	308.9144
T	70 88 79 83 68	(culpa)
Mx 	331.9446
T	84 88 76	(qui)
Mx 	346.7791
T	82 741 70 76 68	(officia)
Mx 	372.8371
T	71 72	(de)
Mx 	381.6745
T	16	(-)
Mx 	58.7339
My 	495.6888
T	86 72 85 88 81 87	(serunt)
Mx 	85.1611
T	80 82 79 79 76 87	(mollit)
Mx 	109.7294
T	68 81 76 80	(anim)
Mx 	130.8920
T	76 71	(id)
Mx 	140.4091
T	72 86 87	(est)
Mx 	153.5384
T	79 68 69 82 85 88 80	(laborum)
Mx 	184.7660
T	17	(.)
Mx 	219.3741
My 	519.7531
Set font 	Gentium Plus;10;400;;normal;;LTR
T	21	(2)
End page
Finish
