Set paper size 	365.6692953	561.2598486
Begin page
Mx 	18.2835
My 	61.2856
Set font 	Gentium Plus;54;400;;normal;;;LTR
T	55	(T)
Mx 	53.0257
My 	39.4155
Set font 	Gentium Plus;15;400;;normal;;;LTR
T	82	(o)
Mx 	64.5335
T	54 75 72 85 79 82 70 78	(Sherlock)
Mx 	122.2644
T	43 82 79 80 72 86	(Holmes)
Mx 	53.0257
My 	59.8501
T	86 75 72	(she)
Mx 	77.9881
T	76 86	(is)
Mx 	91.8103
T	68 79 90 68 92 86	(always)
Mx 	137.3904
Set font 	Gentium Plus;15;400;Italic;normal;;;LTR
T	87 75 72	(the)
Mx 	18.2835
My 	79.4497
T	90 82 80 68 81	(woman)
Mx 	59.0427
Set font 	Gentium Plus;15;400;;normal;;;LTR
T	17	(.)
Mx 	66.4417
T	44	(I)
Mx 	74.8733
T	75 68 89 72	(have)
Mx 	108.3245
T	86 72 79 71 82 80	(seldom)
Mx 	18.2835
My 	99.8843
T	75 72 68 85 71	(heard)
Mx 	58.0774
T	75 76 80	(him)
Mx 	86.4309
T	80 72 81 87 76 82 81	(mention)
Mx 	142.6970
T	75 72 85	(her)
Mx 	18.2835
My 	120.3189
T	88 81 71 72 85	(under)
Mx 	59.0369
T	68 81 92	(any)
Mx 	85.4569
T	82 87 75 72 85	(other)
Mx 	123.1708
T	81 68 80 72	(name)
Mx 	157.3090
T	17	(.)
Mx 	164.6055
T	44 81	(In)
Mx 	18.2835
My 	140.7534
T	75 76 86	(his)
Mx 	40.3821
T	72 92 72 86	(eyes)
Mx 	71.3943
T	86 75 72	(she)
Mx 	96.3567
T	72 70 79 76 83 86 72 86	(eclipses)
Mx 	148.3967
T	68 81 71	(and)
Mx 	18.2835
My 	161.1880
T	83 85 72 71 82 80 76 81 68 87 72 86	(predominates)
Mx 	107.5672
T	87 75 72	(the)
Mx 	131.8997
T	90 75 82 79 72	(whole)
Mx 	18.2835
My 	181.6226
T	82 73	(of)
Mx 	34.2659
T	75 72 85	(her)
Mx 	59.1839
T	86 72 91	(sex)
Mx 	79.4500
T	17	(.)
Mx 	86.6581
T	44 87	(It)
Mx 	100.0624
T	90 68 86	(was)
Mx 	127.1045
T	81 82 87	(not)
Mx 	151.8613
T	87 75 68 87	(that)
Mx 	18.2835
My 	202.0571
T	75 72	(he)
Mx 	37.4524
T	73 72 79 87	(felt)
Mx 	62.2390
T	68 81 92	(any)
Mx 	88.7615
T	72 80 82 87 76 82 81	(emotion)
Mx 	144.2952
T	68 78 76 81	(akin)
Mx 	18.2835
My 	222.4917
T	87 82	(to)
Mx 	34.9549
T	79 82 89 72	(love)
Mx 	64.8538
T	73 82 85	(for)
Mx 	86.9671
T	44 85 72 81 72	(Irene)
Mx 	123.4724
T	36 71 79 72 85	(Adler)
Mx 	157.1345
T	17	(.)
Mx 	18.2835
My 	242.9263
T	36 79 79	(All)
Mx 	39.3054
T	72 80 82 87 76 82 81 86	(emotions)
Mx 	96.6687
T	15	(,)
Mx 	104.0676
T	68 81 71	(and)
Mx 	130.9929
T	87 75 68 87	(that)
Mx 	18.2835
My 	263.3608
T	82 81 72	(one)
Mx 	44.9964
T	83 68 85 87 76 70 88 79 68 85 79 92	(particularly)
Mx 	117.8504
T	15	(,)
Mx 	125.2493
T	90 72 85 72	(were)
Mx 	18.2835
My 	283.7954
T	68 69 75 82 85 85 72 81 87	(abhorrent)
Mx 	84.8181
T	87 82	(to)
Mx 	101.4895
T	75 76 86	(his)
Mx 	123.5882
T	70 82 79 71	(cold)
Mx 	149.5525
T	15	(,)
Mx 	18.2835
My 	304.2300
T	83 85 72 70 76 86 72	(precise)
Mx 	66.4050
T	69 88 87	(but)
Mx 	91.0965
T	68 71 80 76 85 68 69 79 92	(admirably)
Mx 	18.2835
My 	324.6646
T	69 68 79 68 81 70 72 71	(balanced)
Mx 	77.2595
T	80 76 81 71	(mind)
Mx 	109.4495
T	17	(.)
Mx 	116.8484
T	43 72	(He)
Mx 	137.5481
T	90 68 86	(was)
Mx 	160.8172
T	15	(,)
Mx 	168.2161
T	44	(I)
Mx 	18.2835
My 	345.0991
T	87 68 78 72	(take)
Mx 	48.5413
T	76 87	(it)
Mx 	57.7698
T	15	(,)
Mx 	65.1687
T	87 75 72	(the)
Mx 	89.5012
T	80 82 86 87	(most)
Mx 	124.0144
T	83 72 85 73 72 70 87	(perfect)
Mx 	18.2835
My 	365.5337
T	85 72 68 86 82 81 76 81 74	(reasoning)
Mx 	83.2727
T	68 81 71	(and)
Mx 	110.1980
T	82 69 86 72 85 89 76 81 74	(observing)
Mx 	18.2835
My 	385.9683
T	80 68 70 75 76 81 72	(machine)
Mx 	75.2820
T	87 75 68 87	(that)
Mx 	104.7341
T	87 75 72	(the)
Mx 	129.0667
T	90 82 85 79 71	(world)
Mx 	18.2835
My 	406.4028
T	75 68 86	(has)
Mx 	43.2019
T	86 72 72 81	(seen)
Mx 	71.1292
T	15	(,)
Mx 	78.5281
T	69 88 87	(but)
Mx 	103.2195
T	68 86	(as)
Mx 	119.8616
T	68	(a)
Mx 	130.7102
T	79 82 89 72 85	(lover)
Mx 	18.2835
My 	426.8374
T	75 72	(he)
Mx 	37.4524
T	90 82 88 79 71	(would)
Mx 	79.3631
T	75 68 89 72	(have)
Mx 	112.8142
T	83 79 68 70 72 71	(placed)
Mx 	18.2835
My 	447.2720
T	75 76 80 86 72 79 73	(himself)
Mx 	68.0896
T	76 81	(in)
Mx 	84.3948
T	68	(a)
Mx 	95.2434
T	73 68 79 86 72	(false)
Mx 	18.2835
My 	467.7065
T	83 82 86 76 87 76 82 81	(position)
Mx 	68.6814
T	17	(.)
Mx 	72.1165
T	43 72	(He)
Mx 	92.8162
T	81 72 89 72 85	(never)
Mx 	132.2512
T	86 83 82 78 72	(spoke)
Mx 	18.2835
My 	488.1411
T	82 73	(of)
Mx 	34.4568
T	87 75 72	(the)
Mx 	58.7893
T	86 82 73 87 72 85	(softer)
Mx 	98.7883
T	83 68 86 86 76 82 81 86	(passions)
Mx 	150.8855
T	15	(,)
Mx 	18.2835
My 	508.5757
T	86 68 89 72	(save)
Mx 	49.2517
T	90 76 87 75	(with)
Mx 	81.3113
T	68	(a)
Mx 	92.1599
T	74 76 69 72	(gibe)
Mx 	122.0515
T	68 81 71	(and)
Mx 	148.9768
T	68	(a)
Mx 	188.3197
My 	39.4155
T	86 81 72 72 85	(sneer)
Mx 	222.1869
T	17	(.)
Mx 	229.5858
T	55 75 72 92	(They)
Mx 	264.4139
T	90 72 85 72	(were)
Mx 	188.3197
My 	59.8501
T	68 71 80 76 85 68 69 79 72	(admirable)
Mx 	254.5174
T	87 75 76 81 74 86	(things)
Mx 	297.3729
T	73 82 85	(for)
Mx 	319.4862
T	87 75 72	(the)
Mx 	188.3197
My 	80.2847
T	82 69 86 72 85 89 72 85	(observer)
Mx 	246.3729
T	16	(-)
Mx 	251.4266
T	16	(-)
Mx 	260.4442
T	72 91 70 72 79 79 72 81 87	(excellent)
Mx 	320.8631
T	73 82 85	(for)
Mx 	188.3197
My 	100.7192
T	71 85 68 90 76 81 74	(drawing)
Mx 	243.1576
T	87 75 72	(the)
Mx 	267.4901
T	89 72 76 79	(veil)
Mx 	293.9100
T	73 85 82 80	(from)
Mx 	188.3197
My 	121.1538
T	80 72 81 10 86	(men's)
Mx 	229.0804
T	80 82 87 76 89 72 86	(motives)
Mx 	281.9847
T	68 81 71	(and)
Mx 	188.3197
My 	141.5884
T	68 70 87 76 82 81 86	(actions)
Mx 	232.6019
T	17	(.)
Mx 	240.0008
T	37 88 87	(But)
Mx 	265.3221
T	73 82 85	(for)
Mx 	287.4354
T	87 75 72	(the)
Mx 	188.3197
My 	162.0230
T	87 85 68 76 81 72 71	(trained)
Mx 	237.3378
T	87 72 68 86 82 81 72 85	(teasoner)
Mx 	294.7568
T	87 82	(to)
Mx 	311.4239
T	68 71 80 76 87	(admit)
Mx 	188.3197
My 	182.4575
T	86 88 70 75	(such)
Mx 	220.8553
T	76 81 87 85 88	(intru)
Mx 	180.4885
My 	522.4382
Set font 	Gentium Plus;10;400;;normal;;;LTR
T	20	(1)
End page
Finish
