Set paper size 	419.5275636	595.275597
Begin page
Mx 	78.7339
My 	76.6203
Set font 	Gentium Plus;10;400;;normal;;LTR
T	49 82 85 80 68 79 w=30.8105	(Normal)
Mx 	112.1962
T	69 85 68 70 72 71 w=27.8174	(braced)
Mx 	142.6653
T	8 w=6.8994	(%)
Mx 	152.2164
T	80 68 85 78 w=21.4600	(mark)
Mx 	176.3281
T	68 81 71 w=15.3076	(and)
Mx 	194.2875
T	83 88 85 72 w=19.1748	(pure)
Mx 	216.1141
T	70 82 80 80 68 81 71 w=40.7715	(command)
Mx 	259.5373
Set font 	Gentium Plus;10;400;Italic;normal;;LTR
T	20 19 19 w=12.0557	(100)
Mx 	271.5930
T	8 w=6.4209	(%)
Mx 	280.4245
T	76 87 68 79 76 70 w=18.7256	(italic)
Mx 	299.1501
Set font 	Gentium Plus;10;400;;normal;;LTR
T	17 w=2.2900	(.)
Mx 	78.7339
My 	88.6203
T	48 82 71 88 79 88 86 w=35.4590	(Modulus)
Mx 	116.8504
T	73 85 82 80 w=20.1318	(from)
Mx 	139.6397
T	72 81 89 76 85 82 81 80 72 81 87 w=53.8965	(environment)
Mx 	193.5362
T	29 w=2.2900	(:)
Mx 	198.4838
T	22 w=4.6924	(3)
Mx 	205.8337
T	13 w=4.4678	(*)
Mx 	212.9590
T	22 w=4.6924	(3)
Mx 	220.3089
T	8 w=6.8994	(%)
Mx 	229.8658
T	24 w=4.6924	(5)
Mx 	237.2157
T	32 w=4.3896	(=)
Mx 	244.2629
T	23 w=4.6924	(4)
Mx 	78.7339
My 	100.6203
T	48 82 71 88 79 88 86 w=35.4590	(Modulus)
Mx 	116.8502
T	76 81 w=8.2275	(in)
Mx 	127.7351
T	76 81 79 76 81 72 w=23.7842	(inline)
Mx 	154.1767
T	70 82 80 80 68 81 71 w=40.7715	(command)
Mx 	194.9482
T	29 w=2.2900	(:)
Mx 	199.8956
T	22 w=4.6924	(3)
Mx 	207.2453
T	13 w=4.4678	(*)
Mx 	214.3705
T	22 w=4.6924	(3)
Mx 	221.7202
T	8 w=6.8994	(%)
Mx 	231.2770
T	24 w=4.6924	(5)
Mx 	238.6268
T	32 w=4.3896	(=)
Mx 	245.6738
T	23 w=4.6924	(4)
Mx 	78.7339
My 	112.6203
T	37 85 68 70 72 86 w=26.8994	(Braces)
Mx 	108.2806
T	76 81 w=8.2275	(in)
Mx 	119.1556
T	76 81 79 76 81 72 w=23.7842	(inline)
Mx 	145.5871
T	70 82 80 80 68 81 71 w=40.7715	(command)
Mx 	186.3586
T	29 w=2.2900	(:)
Mx 	191.2960
T	48 68 87 70 75 76 81 74 w=39.0869	(Matching)
Mx 	233.0303
T	69 85 68 70 72 w=22.6172	(brace)
Mx 	258.2948
T	94 w=3.3594	({)
Mx 	261.6542
T	96 w=3.3594	(})
Mx 	267.6610
T	76 81 70 72 83 87 76 82 81 w=39.2139	(inception)
Mx 	309.5222
T	76 86 w=6.5723	(is)
Mx 	318.7418
T	89 68 79 76 71 w=20.1416	(valid)
Mx 	338.8834
T	17 w=2.2900	(.)
Mx 	78.7339
My 	124.6203
T	47 88 68 w=14.6484	(Lua)
Mx 	96.0317
T	70 75 68 85 68 70 87 72 85 w=39.4189	(character)
Mx 	138.1000
T	72 86 70 68 83 72 86 w=31.2207	(escapes)
Mx 	171.9701
T	73 85 82 80 w=20.1318	(from)
Mx 	194.7514
T	72 81 89 76 85 82 81 80 72 81 87 w=53.8965	(environment)
Mx 	248.6478
T	29 w=2.2900	(:)
Mx 	253.5873
T	63 w=4.6924	(\)
Mx 	258.2797
T	69 68 70 78 86 79 68 86 75 w=39.4580	(backslash)
Mx 	300.3871
T	9 w=6.6699	(&)
Mx 	309.7064
T	87 68 69 w=13.1104	(tab)
Mx 	78.7339
My 	136.6203
T	47 88 68 w=14.6484	(Lua)
Mx 	96.0331
T	70 75 68 85 68 70 87 72 85 w=39.4189	(character)
Mx 	138.1029
T	72 86 70 68 83 72 86 w=31.2207	(escapes)
Mx 	171.9745
T	73 85 82 80 w=20.1318	(from)
Mx 	194.7571
T	70 82 80 80 68 81 71 w=40.7715	(command)
Mx 	235.5286
T	29 w=2.2900	(:)
Mx 	240.4695
T	63 w=4.6924	(\)
Mx 	245.1619
T	69 68 70 78 86 79 68 86 75 w=39.4580	(backslash)
Mx 	287.2707
T	9 w=6.6699	(&)
Mx 	296.5915
T	87 68 69 w=13.1104	(tab)
Mx 	78.7339
My 	148.6203
T	42 85 82 88 83 72 71 w=35.2344	(Grouped)
Mx 	116.6228
T	90 82 85 71 86 w=25.1123	(words)
Mx 	144.3897
T	75 72 85 72 w=18.7158	(here)
Mx 	165.7601
T	68 81 71 w=15.3076	(and)
Mx 	183.7223
T	94 w=3.3594	({)
Mx 	187.0816
T	72 86 70 68 83 72 71 w=32.5586	(escaped)
Mx 	222.2948
T	69 85 68 70 72 86 w=26.4795	(braces)
Mx 	248.7743
T	96 w=3.3594	(})
Mx 	254.7882
T	75 72 85 72 w=18.7158	(here)
Mx 	273.5041
T	17 w=2.2900	(.)
Mx 	219.3741
My 	519.8019
T	20 w=4.6924	(1)
End page
Finish
