Set paper size 	595.275597	841.8897729
Begin page
Mx 	49.7638
My 	92.0945
Set font 	Libertinus Serif;11;400;;normal;;LTR
T	39 74 83 84 85	(First)
Mx 	73.2640
T	67 66 84 70 77 74 79 70	(baseline)
Mx 	113.0113
T	84 73 80 86 77 69	(should)
Mx 	146.4005
T	67 70	(be)
Mx 	160.1768
T	81 80 84 74 85 74 80 79 70 69	(positioned)
Mx 	210.6270
T	22 17	(50)
Mx 	224.1833
T	81 80 74 79 85 84	(points)
Mx 	255.5486
T	71 83 80 78	(from)
Mx 	280.5228
T	85 73 70	(the)
Mx 	298.1601
T	85 80 81	(top)
Mx 	316.2153
T	80 71	(of)
Mx 	328.4956
T	85 73 70	(the)
Mx 	346.1328
T	71 83 66 78 70	(frame)
Mx 	372.1588
T	15	(.)
Mx 	49.7638
My 	115.0785
Set font 	Libertinus Serif;30;400;;normal;;LTR
T	45	(L)
Mx 	65.6038
Set font 	Libertinus Serif;11;400;;normal;;LTR
T	80 83 70 78	(orem)
Mx 	92.0588
T	74 81 84 86 78	(ipsum)
Mx 	119.5698
T	15	(.)
Mx 	29.7638
My 	128.2785
T	52 80 78 70	(Some)
Mx 	57.6072
T	85 66 77 77	(tall)
Mx 	71.9182
T	13	(,)
Mx 	77.6957
T	73 74 72 73	(high)
Mx 	101.3702
T	66 84 68 70 79 69 70 83 84	(ascenders)
Mx 	145.1392
T	15	(.)
Mx 	49.7638
My 	174.7785
Set font 	Libertinus Serif;30;400;;normal;;LTR
T	45	(L)
Mx 	65.6038
Set font 	Libertinus Serif;11;400;;normal;;LTR
T	80 83 70 78	(orem)
Mx 	92.0588
T	74 81 84 86 78	(ipsum)
Mx 	119.5698
T	15	(.)
Mx 	29.7638
My 	191.2785
T	52 80 78 70	(Some)
Mx 	57.6072
T	85 66 77 77	(tall)
Mx 	71.9182
T	13	(,)
Mx 	77.6957
T	73 74 72 73	(high)
Mx 	101.3702
T	66 84 68 70 79 69 70 83 84	(ascenders)
Mx 	145.1392
T	15	(.)
Mx 	49.7638
My 	241.2785
Set font 	Libertinus Serif;20;400;;normal;;LTR
T	45 80 83 70 78	(Lorem)
Mx 	108.4238
T	74 81 84 86 78	(ipsum)
Mx 	158.4438
T	15	(.)
Mx 	29.7638
My 	271.2785
T	52 80 78 70	(Some)
Mx 	80.3642
T	85 66 77 77	(tall)
Mx 	106.3842
T	13	(,)
Mx 	116.8646
T	73 74 72 73	(high)
Mx 	159.8850
T	66 84 68 70 79 69 70 83 84	(ascenders)
Mx 	239.4650
T	15	(.)
Mx 	49.7638
My 	303.2785
T	45 80 83 70 78	(Lorem)
Mx 	108.4238
T	74 81 84 86 78	(ipsum)
Mx 	158.4438
T	15	(.)
Mx 	29.7638
My 	315.2785
T	52 80 78 70	(Some)
Mx 	80.3342
T	85 66 77 77	(tall)
Mx 	106.3542
T	13	(,)
Mx 	116.8047
T	73 74 72 73	(high)
Mx 	159.7951
T	66 84 68 70 79 69 70 83 84	(ascenders)
Mx 	239.3751
T	15	(.)
Mx 	249.8255
T	9	(()
Mx 	255.5455
T	84 73 80 86 77 69	(should)
Mx 	316.2560
T	68 77 66 84 73	(clash)
Mx 	357.7960
T	10	())
Mx 	49.7638
My 	357.9785
T	45 80 83 70 78	(Lorem)
Mx 	108.4238
T	74 81 84 86 78	(ipsum)
Mx 	158.4438
T	15	(.)
Mx 	29.7638
My 	381.6185
T	52 80 78 70	(Some)
Mx 	80.3642
T	85 66 77 77	(tall)
Mx 	106.3842
T	13	(,)
Mx 	116.8646
T	73 74 72 73	(high)
Mx 	159.8850
T	66 84 68 70 79 69 70 83 84	(ascenders)
Mx 	239.4650
T	15	(.)
Mx 	49.7638
My 	462.1785
Set font 	Libertinus Serif;60;400;;normal;;LTR
T	45 82	(Lq)
Mx 	111.6238
Set font 	Libertinus Serif;10;400;;normal;;LTR
T	80 83 70 78	(orem)
Mx 	135.6738
T	74 81 84 86 78	(ipsum)
Mx 	160.6838
T	15	(.)
Mx 	29.7638
My 	505.7585
T	52 80 78 70	(Some)
Mx 	55.0767
T	85 66 77	(tal)
Mx 	65.4467
Set font 	Libertinus Serif;30;400;;normal;;LTR
T	77	(l)
Mx 	73.3667
Set font 	Libertinus Serif;10;400;;normal;;LTR
T	13	(,)
Mx 	78.6196
T	73 74 72 73	(high)
Mx 	100.1425
T	66 84 68 70 79 69 70 83 84	(ascenders)
Mx 	139.9325
T	15	(.)
Mx 	49.7638
My 	588.7785
Set font 	Libertinus Serif;60;400;;normal;;LTR
T	45	(L)
Mx 	81.4438
Set font 	Libertinus Serif;10;400;;normal;;LTR
T	80 83 70 78	(orem)
Mx 	105.4938
T	74 81 84 86 78	(ipsum)
Mx 	130.5038
T	15	(.)
Mx 	29.7638
My 	637.7585
T	52 80 78 70	(Some)
Mx 	55.0767
T	85 66 77	(tal)
Mx 	65.4467
Set font 	Libertinus Serif;30;400;;normal;;LTR
T	77	(l)
Mx 	73.3667
Set font 	Libertinus Serif;10;400;;normal;;LTR
T	13	(,)
Mx 	78.6196
T	73 74 72 73	(high)
Mx 	100.1425
T	66 84 68 70 79 69 70 83 84	(ascenders)
Mx 	139.9325
T	15	(.)
Mx 	49.7638
My 	690.3485
Set font 	Libertinus Serif;30;400;;normal;;LTR
T	45 80 83 70 78	(Lorem)
Mx 	132.1680
Set font 	Libertinus Serif;10;400;;normal;;LTR
T	74 81 84 86 78	(ipsum)
Mx 	160.5923
T	69 80 77 80 83	(dolor)
Mx 	185.5065
T	84 74 85	(sit)
Mx 	198.6908
T	66 78 70 85	(amet)
Mx 	218.7908
T	13	(,)
Mx 	224.4050
T	68 80 79 84 70 68 85 70 85 86 83	(consectetur)
Mx 	275.0993
T	66 69 74 81 74 84 74 68 74 79 72	(adipisicing)
Mx 	322.7735
T	70 77 74 85	(elit)
Mx 	335.7535
T	13	(,)
Mx 	341.3678
T	84 70 69	(sed)
Mx 	358.2821
T	69 80	(do)
Mx 	371.7963
T	70 74 86 84 78 80 69	(eiusmod)
Mx 	409.6706
T	85 70 78 81 80 83	(tempor)
Mx 	442.6348
T	74 79 68 74 69 74 69 86 79 85	(incididunt)
Mx 	487.8891
T	86 85	(ut)
Mx 	499.7733
T	77 66 67 80 83 70	(labore)
Mx 	528.5776
T	70 85	(et)
Mx 	539.6218
T	69 80 77 80 83 70	(dolore)
Mx 	29.7638
My 	706.9085
T	78 66 72 79 66	(magna)
Mx 	60.0200
T	66 77 74 82 86 66	(aliqua)
Mx 	84.8500
T	15	(.)
Mx 	89.8462
T	54 85	(Ut)
Mx 	102.4124
T	70 79 74 78	(enim)
Mx 	125.7086
T	66 69	(ad)
Mx 	138.1348
T	78 74 79 74 78	(minim)
Mx 	167.5711
T	87 70 79 74 66 78	(veniam)
Mx 	197.5311
T	13	(,)
Mx 	202.5273
T	82 86 74 84	(quis)
Mx 	222.2735
T	79 80 84 85 83 86 69	(nostrud)
Mx 	256.6797
T	70 89 70 83 68 74 85 66 85 74 80 79	(exercitation)
Mx 	307.9359
T	86 77 77 66 78 68 80	(ullamco)
Mx 	343.1121
T	77 66 67 80 83 74 84	(laboris)
Mx 	373.5183
T	79 74 84 74	(nisi)
Mx 	391.0545
T	86 85	(ut)
Mx 	402.3208
T	66 77 74 82 86 74 81	(aliquip)
Mx 	433.2770
T	70 89	(ex)
Mx 	445.3732
T	70 66	(ea)
Mx 	457.2094
T	68 80 78 78 80 69 80	(commodo)
Mx 	500.3356
T	68 80 79 84 70 82 86 66 85	(consequat)
Mx 	541.5856
T	15	(.)
Mx 	546.5818
T	37 86 74 84	(Duis)
Mx 	29.7638
My 	719.8685
T	66 86 85 70	(aute)
Mx 	50.7509
T	74 83 86 83 70	(irure)
Mx 	74.0780
T	69 80 77 80 83	(dolor)
Mx 	99.0551
T	74 79	(in)
Mx 	110.6622
T	83 70 81 83 70 73 70 79 69 70 83 74 85	(reprehenderit)
Mx 	169.9393
T	74 79	(in)
Mx 	181.5465
T	87 80 77 86 81 85 66 85 70	(voluptate)
Mx 	223.4536
T	87 70 77 74 85	(velit)
Mx 	244.8007
T	70 84 84 70	(esse)
Mx 	265.0178
T	68 74 77 77 86 78	(cillum)
Mx 	293.9749
T	69 80 77 80 83 70	(dolore)
Mx 	323.3420
T	70 86	(eu)
Mx 	336.5991
T	71 86 72 74 66 85	(fugiat)
Mx 	363.9263
T	79 86 77 77 66	(nulla)
Mx 	387.9834
T	81 66 83 74 66 85 86 83	(pariatur)
Mx 	420.3434
T	15	(.)
Mx 	426.0205
T	38 89 68 70 81 85 70 86 83	(Excepteur)
Mx 	470.5676
T	84 74 79 85	(sint)
Mx 	489.2347
T	80 68 68 66 70 68 66 85	(occaecat)
Mx 	527.5018
T	68 86 81 74 69 66 85 66 85	(cupidatat)
Mx 	29.7638
My 	750.3885
T	79 80 79	(non)
Mx 	49.2576
T	81 83 80 74 69 70 79 85	(proident)
Mx 	83.9476
T	13	(,)
Mx 	89.7613
T	84 86 79 85	(sunt)
Mx 	111.1651
T	74 79	(in)
Mx 	122.9089
Set font 	Libertinus Serif;30;400;;normal;;LTR
T	68 86 77 81 66	(culpa)
Mx 	192.4927
Set font 	Libertinus Serif;10;400;;normal;;LTR
T	82 86 74	(qui)
Mx 	209.1565
T	80 2351 68 74 66	(officia)
Mx 	237.6602
T	69 70 84 70 83 86 79 85	(deserunt)
Mx 	276.7840
T	78 80 77 77 74 85	(mollit)
Mx 	304.4878
T	66 79 74 78	(anim)
Mx 	328.7016
T	74 69	(id)
Mx 	340.0854
T	70 84 85	(est)
Mx 	355.2291
T	77 66 67 80 83 86 78	(laborum)
Mx 	389.4391
T	15	(.)
Mx 	395.2529
T	45 80 83 70 78	(Lorem)
Mx 	425.1967
T	74 81 84 86 78	(ipsum)
Mx 	453.8205
T	69 80 77 80 83	(dolor)
Mx 	478.9343
T	84 74 85	(sit)
Mx 	492.3180
T	66 78 70 85	(amet)
Mx 	512.4180
T	13	(,)
Mx 	518.2318
T	68 80 79 84 70 68 85 70 85 86 83	(consectetur)
Mx 	29.7638
My 	771.5885
T	66 69 74 81 74 84 74 68 74 79 72	(adipisicing)
Mx 	78.1147
T	70 77 74 85	(elit)
Mx 	91.0947
T	13	(,)
Mx 	97.3857
T	84 70 69	(sed)
Mx 	114.9766
T	69 80	(do)
Mx 	129.1676
T	70 74 86 84 78 80 69	(eiusmod)
Mx 	167.7185
T	85 70 78 81 80 83	(tempor)
Mx 	201.3595
T	74 79 68 74 69 74 69 86 79 85	(incididunt)
Mx 	247.2904
T	86 85	(ut)
Mx 	259.8514
T	77 66 67 80 83 70	(labore)
Mx 	289.3323
T	70 85	(et)
Mx 	301.0533
T	69 80 77 80 83 70	(dolore)
Mx 	331.0342
T	78 66 72 79 66	(magna)
Mx 	362.5852
T	66 77 74 82 86 66	(aliqua)
Mx 	387.4152
T	15	(.)
Mx 	393.7061
T	54 85	(Ut)
Mx 	407.5671
T	70 79 74 78	(enim)
Mx 	432.1580
T	66 69	(ad)
Mx 	445.8790
T	78 74 79 74 78	(minim)
Mx 	476.6099
T	87 70 79 74 66 78	(veniam)
Mx 	506.5699
T	13	(,)
Mx 	512.8609
T	82 86 74 84	(quis)
Mx 	533.9018
T	79 80 84 85 83 86 69	(nostrud)
Mx 	29.7638
My 	784.5485
T	70 89 70 83 68 74 85 66 85 74 80 79	(exercitation)
Mx 	80.9037
T	86 77 77 66 78 68 80	(ullamco)
Mx 	115.9636
T	77 66 67 80 83 74 84	(laboris)
Mx 	146.2535
T	79 74 84 74	(nisi)
Mx 	163.6734
T	86 85	(ut)
Mx 	174.8233
T	66 77 74 82 86 74 81	(aliquip)
Mx 	205.6632
T	70 89	(ex)
Mx 	217.6431
T	70 66	(ea)
Mx 	229.3630
T	68 80 78 78 80 69 80	(commodo)
Mx 	272.3729
T	68 80 79 84 70 82 86 66 85	(consequat)
Mx 	313.6229
T	15	(.)
Mx 	318.5027
T	37 86 74 84	(Duis)
Mx 	340.1126
T	66 86 85 70	(aute)
Mx 	360.3025
T	74 83 86 83 70	(irure)
Mx 	382.8324
T	69 80 77 80 83	(dolor)
Mx 	407.0123
T	74 79	(in)
Mx 	417.8222
T	83 70 81 83 70 73 70 79 69 70 83 74 85	(reprehenderit)
Mx 	476.3021
T	74 79	(in)
Mx 	487.1120
T	87 80 77 86 81 85 66 85 70	(voluptate)
Mx 	528.2219
T	87 70 77 74 85	(velit)
Mx 	548.7718
T	70 84 84 70	(esse)
New page
Mx 	29.7638
My 	92.0945
T	68 74 77 77 86 78	(cillum)
Mx 	57.7558
T	69 80 77 80 83 70	(dolore)
Mx 	86.1578
T	70 86	(eu)
Mx 	98.4498
T	71 86 72 74 66 85	(fugiat)
Mx 	124.8118
T	79 86 77 77 66	(nulla)
Mx 	147.9038
T	81 66 83 74 66 85 86 83	(pariatur)
Mx 	180.2638
T	15	(.)
Mx 	184.9758
T	38 89 68 70 81 85 70 86 83	(Excepteur)
Mx 	228.5578
T	84 74 79 85	(sint)
Mx 	246.2598
T	80 68 68 66 70 68 66 85	(occaecat)
Mx 	283.5618
T	68 86 81 74 69 66 85 66 85	(cupidatat)
Mx 	324.0838
T	79 80 79	(non)
Mx 	342.4758
T	81 83 80 74 69 70 79 85	(proident)
Mx 	377.1658
T	13	(,)
Mx 	381.8778
T	84 86 79 85	(sunt)
Mx 	402.1798
T	74 79	(in)
Mx 	412.8218
T	68 86 77 81 66	(culpa)
Mx 	437.3238
T	82 86 74	(qui)
Mx 	452.8858
T	80 2351 68 74 66	(officia)
Mx 	480.2878
T	69 70 84 70 83 86 79 85	(deserunt)
Mx 	518.3098
T	78 80 77 77 74 85	(mollit)
Mx 	544.9118
T	66 79 74 78	(anim)
Mx 	29.7638
My 	103.2545
T	74 69	(id)
Mx 	40.5930
T	70 84 85	(est)
Mx 	55.1823
T	77 66 67 80 83 86 78	(laborum)
Mx 	89.3923
T	15	(.)
End page
Finish
