Set paper size 	595.275597	841.8897729
Begin page
Mx 	49.7638
My 	50.0745
Set font 	Gentium Plus;10;400;;normal;;;LTR
T	48 68 87 75 w=21.6113	(Math)
Mx 	74.0473
T	89 68 85 76 68 81 87 86 w=33.6035	(variants)
Mx 	107.6508
T	15 w=2.2900	(,)
Mx 	112.6130
T	87 72 91 87 w=16.5332	(text)
Mx 	129.1462
T	15 w=2.2900	(,)
Mx 	134.1084
T	48 68 87 75 48 47 w=34.4336	(MathML)
Mx 	168.5420
T	29 w=2.2900	(:)
Mx 	173.5042
Set font 	Libertinus Math;10;400;Regular;normal;;;LTR
T	2043 w=4.8800	(nil)
Mx 	178.3842
T	2725 w=4.7100	(nil)
Mx 	185.9467
T	2051 w=5.0000	(nil)
Mx 	193.7991
T	1880 w=8.2400	(nil)
Mx 	202.0391
T	13 w=2.2000	(nil)
Mx 	205.9058
Mx 	2.8200
T	9 a=3.5600	(nil)
Mx 	209.4658
T	70 w=4.4700	(nil)
Mx 	213.9358
My 	46.9745
Set font 	Libertinus Math;8;400;Regular;normal;;;LTR
T	2725 w=3.7328	(nil)
Mx 	218.0986
My 	50.0745
Set font 	Libertinus Math;10;400;Regular;normal;;;LTR
T	13 w=2.2000	(nil)
Mx 	221.9653
T	2967 2957 2962 w=14.3900	(nil)
Mx 	236.3553
Mx 	2.8200
T	9 a=3.5600	(nil)
Mx 	239.9153
T	2725 w=4.7100	(nil)
Mx 	244.6253
Mx 	2.8200
T	10 a=3.5600	(nil)
Mx 	248.1853
Mx 	2.8200
T	10 a=3.5600	(nil)
Mx 	254.5977
T	2051 w=5.0000	(nil)
Mx 	262.4502
Mx 	2.8200
T	9 a=3.5600	(nil)
Mx 	266.0102
T	1887 w=6.1800	(nil)
Mx 	274.4423
T	2572 w=5.2700	(nil)
Mx 	281.9644
T	1884 w=7.0200	(nil)
Mx 	288.9844
Mx 	2.8200
T	10 a=3.5600	(nil)
Mx 	292.5444
My 	46.9745
Set font 	Libertinus Math;8;400;Regular;normal;;;LTR
T	19 w=3.7200	(nil)
Mx 	49.7638
My 	67.5285
Set font 	Gentium Plus;10;400;;normal;;;LTR
T	48 68 87 75 w=21.6113	(Math)
Mx 	74.0307
T	89 68 85 76 68 81 87 86 w=33.6035	(variants)
Mx 	107.6343
T	15 w=2.2900	(,)
Mx 	112.5799
T	87 72 91 87 w=16.5332	(text)
Mx 	131.7688
T	11 w=3.1689	(()
Mx 	134.9377
T	79 68 85 74 72 w=20.7568	(large)
Mx 	158.3502
T	73 82 81 87 w=17.0996	(font)
Mx 	175.4498
T	12 w=3.1689	())
Mx 	178.6187
T	15 w=2.2900	(,)
Mx 	183.5644
T	48 68 87 75 48 47 w=34.4336	(MathML)
Mx 	217.9980
T	29 w=2.2900	(:)
Mx 	225.5993
Set font 	Libertinus Math;18;400;Regular;normal;;;LTR
T	2043 w=8.7840	(nil)
Mx 	234.3833
T	2725 w=8.4780	(nil)
Mx 	247.9205
T	2051 w=9.0000	(nil)
Mx 	261.9798
T	1880 w=14.8320	(nil)
Mx 	276.8118
T	13 w=3.9600	(nil)
Mx 	283.7718
Mx 	5.0760
T	9 a=6.4080	(nil)
Mx 	290.1798
T	70 w=8.0460	(nil)
Mx 	298.2258
My 	61.9485
Set font 	Libertinus Math;14.4;400;Regular;normal;;;LTR
T	2725 w=6.7190	(nil)
Mx 	305.7188
My 	67.5285
Set font 	Libertinus Math;18;400;Regular;normal;;;LTR
T	13 w=3.9600	(nil)
Mx 	312.6788
T	2967 2957 2962 w=25.9020	(nil)
Mx 	338.5808
Mx 	5.0760
T	9 a=6.4080	(nil)
Mx 	344.9888
T	2725 w=8.4780	(nil)
Mx 	353.4668
Mx 	5.0760
T	10 a=6.4080	(nil)
Mx 	359.8748
Mx 	5.0760
T	10 a=6.4080	(nil)
Mx 	371.3421
T	2051 w=9.0000	(nil)
Mx 	385.4014
Mx 	5.0760
T	9 a=6.4080	(nil)
Mx 	391.8094
T	1887 w=11.1240	(nil)
Mx 	406.9571
T	2572 w=9.4860	(nil)
Mx 	420.4668
T	1884 w=12.6360	(nil)
Mx 	433.1028
Mx 	5.0760
T	10 a=6.4080	(nil)
Mx 	439.5108
My 	61.9485
Set font 	Libertinus Math;14.4;400;Regular;normal;;;LTR
T	19 w=6.6960	(nil)
Mx 	49.7638
My 	79.8588
Set font 	Gentium Plus;10;400;;normal;;;LTR
T	48 68 87 75 w=21.6113	(Math)
Mx 	74.0597
T	89 68 85 76 68 81 87 86 w=33.6035	(variants)
Mx 	107.6632
T	15 w=2.2900	(,)
Mx 	112.6379
T	71 76 86 83 79 68 92 w=29.3018	(display)
Mx 	141.9397
T	15 w=2.2900	(,)
Mx 	146.9143
T	48 68 87 75 48 47 w=34.4336	(MathML)
Mx 	181.3479
T	29 w=2.2900	(:)
Mx 	234.9220
My 	101.0123
Set font 	Libertinus Math;10;400;Regular;normal;;;LTR
T	2043 w=4.8800	(nil)
Mx 	239.8020
T	2725 w=4.7100	(nil)
Mx 	247.2897
T	2051 w=5.0000	(nil)
Mx 	255.0675
T	1880 w=8.2400	(nil)
Mx 	263.3075
T	13 w=2.2000	(nil)
Mx 	267.1742
Mx 	3.0000
T	3653 a=4.2100	(nil)
Mx 	271.3842
T	70 w=4.4700	(nil)
Mx 	275.8542
My 	97.2623
Set font 	Libertinus Math;8;400;Regular;normal;;;LTR
T	2725 w=3.7328	(nil)
Mx 	280.0170
My 	101.0123
Set font 	Libertinus Math;10;400;Regular;normal;;;LTR
T	13 w=2.2000	(nil)
Mx 	283.8836
T	2967 2957 2962 w=14.3900	(nil)
Mx 	298.2736
Mx 	3.0000
T	3653 a=4.2100	(nil)
Mx 	302.4836
T	2725 w=4.7100	(nil)
Mx 	307.1936
Mx 	2.9900
T	3654 a=4.2100	(nil)
Mx 	311.4036
Mx 	2.9900
T	3654 a=4.2100	(nil)
Mx 	318.3914
T	2051 w=5.0000	(nil)
Mx 	326.1692
Mx 	2.8200
T	9 a=3.5600	(nil)
Mx 	329.7292
T	1887 w=6.1800	(nil)
Mx 	338.1314
T	2572 w=5.2700	(nil)
Mx 	345.6236
T	1884 w=7.0200	(nil)
Mx 	352.6436
Mx 	2.8200
T	10 a=3.5600	(nil)
Mx 	356.2036
My 	97.2623
Set font 	Libertinus Math;8;400;Regular;normal;;;LTR
T	19 w=3.7200	(nil)
Mx 	49.7638
My 	122.0943
Set font 	Gentium Plus;10;400;;normal;;;LTR
T	48 68 87 75 w=21.6113	(Math)
Mx 	74.0543
T	89 68 85 76 68 81 87 86 w=33.6035	(variants)
Mx 	107.6578
T	15 w=2.2900	(,)
Mx 	112.6270
T	71 76 86 83 79 68 92 w=29.3018	(display)
Mx 	144.6079
T	11 w=3.1689	(()
Mx 	147.7769
T	79 68 85 74 72 w=20.7568	(large)
Mx 	171.2129
T	73 82 81 87 w=17.0996	(font)
Mx 	188.3125
T	12 w=3.1689	())
Mx 	191.4814
T	15 w=2.2900	(,)
Mx 	196.4507
T	48 68 87 75 48 47 w=34.4336	(MathML)
Mx 	230.8842
T	29 w=2.2900	(:)
Mx 	184.7493
My 	150.1518
Set font 	Libertinus Math;18;400;Regular;normal;;;LTR
T	2043 w=8.7840	(nil)
Mx 	193.5333
T	2725 w=8.4780	(nil)
Mx 	207.0113
T	2051 w=9.0000	(nil)
Mx 	221.0113
T	1880 w=14.8320	(nil)
Mx 	235.8433
T	13 w=3.9600	(nil)
Mx 	242.8033
Mx 	5.4000
T	3653 a=7.5780	(nil)
Mx 	250.3813
T	70 w=8.0460	(nil)
Mx 	258.4273
My 	143.4018
Set font 	Libertinus Math;14.4;400;Regular;normal;;;LTR
T	2725 w=6.7190	(nil)
Mx 	265.9203
My 	150.1518
Set font 	Libertinus Math;18;400;Regular;normal;;;LTR
T	13 w=3.9600	(nil)
Mx 	272.8803
T	2967 2957 2962 w=25.9020	(nil)
Mx 	298.7823
Mx 	5.4000
T	3653 a=7.5780	(nil)
Mx 	306.3603
T	2725 w=8.4780	(nil)
Mx 	314.8383
Mx 	5.3820
T	3654 a=7.5780	(nil)
Mx 	322.4163
Mx 	5.3820
T	3654 a=7.5780	(nil)
Mx 	334.9943
T	2051 w=9.0000	(nil)
Mx 	348.9943
Mx 	5.0760
T	9 a=6.4080	(nil)
Mx 	355.4023
T	1887 w=11.1240	(nil)
Mx 	370.5263
T	2572 w=9.4860	(nil)
Mx 	384.0123
T	1884 w=12.6360	(nil)
Mx 	396.6483
Mx 	5.0760
T	10 a=6.4080	(nil)
Mx 	403.0563
My 	143.4018
Set font 	Libertinus Math;14.4;400;Regular;normal;;;LTR
T	19 w=6.6960	(nil)
Mx 	49.7638
My 	171.9758
Set font 	Gentium Plus;10;400;;normal;;;LTR
T	48 68 87 75 w=21.6113	(Math)
Mx 	74.0495
T	89 68 85 76 68 81 87 86 w=33.6035	(variants)
Mx 	107.6531
T	15 w=2.2900	(,)
Mx 	112.6175
T	87 72 91 87 w=16.5332	(text)
Mx 	129.1507
T	15 w=2.2900	(,)
Mx 	134.1152
T	55 72 59 w=16.2793	(TeX)
Mx 	150.3945
T	29 w=2.2900	(:)
Mx 	155.3590
Set font 	Libertinus Math;10;400;Regular;normal;;;LTR
T	2043 w=4.8800	(nil)
Mx 	160.2390
T	2725 w=4.7100	(nil)
Mx 	167.8071
T	2051 w=5.0000	(nil)
Mx 	175.6652
T	1880 w=8.2400	(nil)
Mx 	183.9052
T	13 w=2.2000	(nil)
Mx 	187.7719
Mx 	2.8200
T	9 a=3.5600	(nil)
Mx 	191.3319
T	70 w=4.4700	(nil)
Mx 	195.8019
My 	168.8758
Set font 	Libertinus Math;8;400;Regular;normal;;;LTR
T	2725 w=3.7328	(nil)
Mx 	199.9647
My 	171.9758
Set font 	Libertinus Math;10;400;Regular;normal;;;LTR
T	13 w=2.2000	(nil)
Mx 	203.8314
T	84 74 79 w=12.0300	(nil)
Mx 	215.8614
Mx 	2.8200
T	9 a=3.5600	(nil)
Mx 	219.4214
T	2725 w=4.7100	(nil)
Mx 	224.1314
Mx 	2.8200
T	10 a=3.5600	(nil)
Mx 	227.6914
Mx 	2.8200
T	10 a=3.5600	(nil)
Mx 	234.1095
T	2051 w=5.0000	(nil)
Mx 	241.9677
Mx 	2.8200
T	9 a=3.5600	(nil)
Mx 	245.5277
T	1887 w=6.1800	(nil)
Mx 	253.9620
T	2572 w=5.2700	(nil)
Mx 	261.4864
T	1884 w=7.0200	(nil)
Mx 	268.5064
Mx 	2.8200
T	10 a=3.5600	(nil)
Mx 	272.0664
My 	168.8758
Set font 	Libertinus Math;8;400;Regular;normal;;;LTR
T	19 w=3.7200	(nil)
Mx 	49.7638
My 	183.9758
Set font 	Gentium Plus;10;400;;normal;;;LTR
T	48 68 87 75 w=21.6113	(Math)
Mx 	74.0617
T	89 68 85 76 68 81 87 86 w=33.6035	(variants)
Mx 	107.6652
T	15 w=2.2900	(,)
Mx 	112.6419
T	71 76 86 83 79 68 92 w=29.3018	(display)
Mx 	141.9437
T	15 w=2.2900	(,)
Mx 	146.9203
T	55 72 59 w=16.2793	(TeX)
Mx 	163.1996
T	29 w=2.2900	(:)
Mx 	236.1020
My 	205.1292
Set font 	Libertinus Math;10;400;Regular;normal;;;LTR
T	2043 w=4.8800	(nil)
Mx 	240.9820
T	2725 w=4.7100	(nil)
Mx 	248.4697
T	2051 w=5.0000	(nil)
Mx 	256.2475
T	1880 w=8.2400	(nil)
Mx 	264.4875
T	13 w=2.2000	(nil)
Mx 	268.3542
Mx 	3.0000
T	3653 a=4.2100	(nil)
Mx 	272.5642
T	70 w=4.4700	(nil)
Mx 	277.0342
My 	201.3792
Set font 	Libertinus Math;8;400;Regular;normal;;;LTR
T	2725 w=3.7328	(nil)
Mx 	281.1970
My 	205.1292
Set font 	Libertinus Math;10;400;Regular;normal;;;LTR
T	13 w=2.2000	(nil)
Mx 	285.0636
T	84 74 79 w=12.0300	(nil)
Mx 	297.0936
Mx 	3.0000
T	3653 a=4.2100	(nil)
Mx 	301.3036
T	2725 w=4.7100	(nil)
Mx 	306.0136
Mx 	2.9900
T	3654 a=4.2100	(nil)
Mx 	310.2236
Mx 	2.9900
T	3654 a=4.2100	(nil)
Mx 	317.2114
T	2051 w=5.0000	(nil)
Mx 	324.9892
Mx 	2.8200
T	9 a=3.5600	(nil)
Mx 	328.5492
T	1887 w=6.1800	(nil)
Mx 	336.9514
T	2572 w=5.2700	(nil)
Mx 	344.4436
T	1884 w=7.0200	(nil)
Mx 	351.4636
Mx 	2.8200
T	10 a=3.5600	(nil)
Mx 	355.0236
My 	201.3792
Set font 	Libertinus Math;8;400;Regular;normal;;;LTR
T	19 w=3.7200	(nil)
Mx 	295.2916
My 	780.6177
Set font 	Gentium Plus;10;400;;normal;;;LTR
T	20 w=4.6924	(1)
End page
Finish
