Set paper size 	595.275597	841.8897729
Begin page
Mx 	49.7638
My 	53.0855
Set font 	Gentium Plus;10;400;;normal;;LTR
T	54 87 85 72 87 70 75 92 w=35.0439	(Stretchy)
Mx 	87.4828
T	83 68 85 72 81 87 75 72 86 72 86 w=49.9072	(parentheses)
Mx 	137.3900
T	15 w=2.2900	(,)
Mx 	142.3551
T	87 72 91 87 w=16.5332	(text)
Mx 	158.8883
T	15 w=2.2900	(,)
Mx 	163.8535
T	48 68 87 75 48 47 w=34.4336	(MathML)
Mx 	198.2871
T	29 w=2.2900	(:)
Mx 	203.2522
Set font 	Libertinus Math;10;400;;normal;;LTR
T	830 w=4.9700	(nil)
Mx 	208.2222
Mx 	3.3500
T	3657 a=4.6500	(nil)
Draw line	212.8722	50.1605	3.7200	0.6500
Mx 	212.9682
My 	47.6785
Set font 	Libertinus Math;8;400;;normal;;LTR
T	864 w=3.5280	(nil)
Mx 	212.8722
My 	57.8855
T	19 w=3.7200	(nil)
Mx 	216.5922
My 	53.0855
Set font 	Libertinus Math;10;400;;normal;;LTR
Mx 	3.3200
T	3658 a=4.6500	(nil)
Mx 	223.4972
T	12 w=6.4800	(nil)
Mx 	232.2322
T	2735 w=5.4100	(nil)
Mx 	238.0472
My 	49.9855
Set font 	Libertinus Math;8;400;;normal;;LTR
T	19 w=3.7200	(nil)
Mx 	242.1972
My 	53.0855
Set font 	Libertinus Math;10;400;;normal;;LTR
T	9 w=3.5600	(nil)
Mx 	245.7572
T	2735 w=5.4100	(nil)
Mx 	253.4222
T	12 w=6.4800	(nil)
Mx 	262.1572
T	18 w=4.6500	(nil)
Mx 	266.8072
T	10 w=3.5600	(nil)
Mx 	49.7638
My 	66.4698
Set font 	Gentium Plus;10;400;;normal;;LTR
T	54 87 85 72 87 70 75 92 w=35.0439	(Stretchy)
Mx 	87.4891
T	83 68 85 72 81 87 75 72 86 72 86 w=49.9072	(parentheses)
Mx 	137.3963
T	15 w=2.2900	(,)
Mx 	142.3677
T	71 76 86 83 79 68 92 w=29.3018	(display)
Mx 	171.6695
T	15 w=2.2900	(,)
Mx 	176.6408
T	48 68 87 75 48 47 w=34.4336	(MathML)
Mx 	211.0744
T	29 w=2.2900	(:)
Mx 	263.3609
My 	93.1683
Set font 	Libertinus Math;10;400;;normal;;LTR
T	830 w=4.9700	(nil)
Mx 	268.3309
Mx 	3.6700
T	3811 a=4.9700	(nil)
Draw line	273.3009	90.2433	4.6500	0.6500
Mx 	273.4209
My 	85.9733
T	864 w=4.4100	(nil)
Mx 	273.3009
My 	100.1683
T	19 w=4.6500	(nil)
Mx 	277.9509
My 	93.1683
Mx 	3.6700
T	3819 a=4.9700	(nil)
Mx 	285.1431
T	12 w=6.4800	(nil)
Mx 	293.8453
T	2735 w=5.4100	(nil)
Mx 	299.6603
My 	89.4183
Set font 	Libertinus Math;8;400;;normal;;LTR
T	19 w=3.7200	(nil)
Mx 	303.8103
My 	93.1683
Set font 	Libertinus Math;10;400;;normal;;LTR
T	9 w=3.5600	(nil)
Mx 	307.3703
T	2735 w=5.4100	(nil)
Mx 	315.0025
T	12 w=6.4800	(nil)
Mx 	323.7047
T	18 w=4.6500	(nil)
Mx 	328.3547
T	10 w=3.5600	(nil)
Mx 	49.7638
My 	121.2613
Set font 	Gentium Plus;10;400;;normal;;LTR
T	54 87 85 72 87 70 75 92 w=35.0439	(Stretchy)
Mx 	87.4848
T	83 68 85 72 81 87 75 72 86 72 86 w=49.9072	(parentheses)
Mx 	137.3920
T	15 w=2.2900	(,)
Mx 	142.3591
T	87 72 91 87 w=16.5332	(text)
Mx 	158.8923
T	15 w=2.2900	(,)
Mx 	163.8595
T	55 72 59 w=16.2793	(TeX)
Mx 	180.1387
T	29 w=2.2900	(:)
Mx 	185.1059
Set font 	Libertinus Math;10;400;;normal;;LTR
T	830 w=4.9700	(nil)
Mx 	190.0759
Mx 	3.3500
T	3657 a=4.6500	(nil)
Draw line	194.7259	118.3363	3.7200	0.6500
Mx 	194.8219
My 	115.8543
Set font 	Libertinus Math;8;400;;normal;;LTR
T	864 w=3.5280	(nil)
Mx 	194.7259
My 	126.0613
T	19 w=3.7200	(nil)
Mx 	198.4459
My 	121.2613
Set font 	Libertinus Math;10;400;;normal;;LTR
Mx 	3.3200
T	3658 a=4.6500	(nil)
Mx 	205.3529
T	12 w=6.4800	(nil)
Mx 	214.0899
T	2735 w=5.4100	(nil)
Mx 	219.9049
My 	118.1613
Set font 	Libertinus Math;8;400;;normal;;LTR
T	19 w=3.7200	(nil)
Mx 	224.0549
My 	121.2613
Set font 	Libertinus Math;10;400;;normal;;LTR
T	9 w=3.5600	(nil)
Mx 	227.6149
T	2735 w=5.4100	(nil)
Mx 	235.2820
T	12 w=6.4800	(nil)
Mx 	244.0190
T	18 w=4.6500	(nil)
Mx 	248.6690
T	10 w=3.5600	(nil)
Mx 	49.7638
My 	134.6457
Set font 	Gentium Plus;10;400;;normal;;LTR
T	54 87 85 72 87 70 75 92 w=35.0439	(Stretchy)
Mx 	87.4911
T	83 68 85 72 81 87 75 72 86 72 86 w=49.9072	(parentheses)
Mx 	137.3983
T	15 w=2.2900	(,)
Mx 	142.3717
T	71 76 86 83 79 68 92 w=29.3018	(display)
Mx 	171.6734
T	15 w=2.2900	(,)
Mx 	176.6468
T	55 72 59 w=16.2793	(TeX)
Mx 	192.9261
T	29 w=2.2900	(:)
Mx 	263.3609
My 	161.3441
Set font 	Libertinus Math;10;400;;normal;;LTR
T	830 w=4.9700	(nil)
Mx 	268.3309
Mx 	3.6700
T	3811 a=4.9700	(nil)
Draw line	273.3009	158.4191	4.6500	0.6500
Mx 	273.4209
My 	154.1491
T	864 w=4.4100	(nil)
Mx 	273.3009
My 	168.3441
T	19 w=4.6500	(nil)
Mx 	277.9509
My 	161.3441
Mx 	3.6700
T	3819 a=4.9700	(nil)
Mx 	285.1431
T	12 w=6.4800	(nil)
Mx 	293.8453
T	2735 w=5.4100	(nil)
Mx 	299.6603
My 	157.5941
Set font 	Libertinus Math;8;400;;normal;;LTR
T	19 w=3.7200	(nil)
Mx 	303.8103
My 	161.3441
Set font 	Libertinus Math;10;400;;normal;;LTR
T	9 w=3.5600	(nil)
Mx 	307.3703
T	2735 w=5.4100	(nil)
Mx 	315.0025
T	12 w=6.4800	(nil)
Mx 	323.7047
T	18 w=4.6500	(nil)
Mx 	328.3547
T	10 w=3.5600	(nil)
Mx 	295.2916
My 	780.6177
Set font 	Gentium Plus;10;400;;normal;;LTR
T	20 w=4.6924	(1)
End page
Finish
