Set paper size 	297.6377985	419.5275636
Begin page
Mx 	243.9668
My 	51.4158
Set font 	Amiri Quran;20;400;;normal;;RTL
T	118 1259 118 1086 40	(الۤمۤ)
Mx 	238.1075
T	1	( )
Set font 	Amiri Quran;20;400;;normal;;LTR
T	1228	(١)
Mx 	212.5215
T	111	(۝)
Mx 	169.1948
Set font 	Amiri Quran;20;400;;normal;;RTL
T	74 1146 76 1143 1222 74 49	(ذَٰلِكَ)
Mx 	107.3524
T	75 437 1223 74 456 76 488 115 1260 490 99	(ٱلۡكِتَٰبُ)
Mx 	84.4260
T	644 74 642	(لَا)
Mx 	43.3258
T	109 74 794 115 790 74 50	(رَیۡبَۛ)
Mx 	14.8819
T	109 76 482 460 76 467	(فِیهِۛ)
Mx 	248.9961
My 	126.4158
T	69 138 462 75 484	(هُدࣰى)
Mx 	197.3719
T	74 843 842 76 470 341 77 456 75 767 115 1153 76 77 1143	(لِّلۡمُتَّقِینَ)
Mx 	191.5125
T	1	( )
Set font 	Amiri Quran;20;400;;normal;;LTR
T	1229	(٢)
Mx 	165.9266
T	111	(۝)
Mx 	123.6480
Set font 	Amiri Quran;20;400;;normal;;RTL
T	74 691 690 76 1036 341 77 1032 99	(ٱلَّذِینَ)
Mx 	70.7249
T	74 66 520 75 455 76 493 115 519 75 449	(یُؤۡمِنُونَ)
Mx 	14.8819
T	76 437 115 460 74 432 115 490 427 76 977	(بِٱلۡغَیۡبِ)
Mx 	228.3907
My 	201.4158
T	74 66 520 75 494 460 76 470 75 449 74 68	(وَیُقِیمُونَ)
Mx 	180.8313
T	74 42 98 542 74 540 341 77 506 490 99	(ٱلصَّلَوٰةَ)
Mx 	152.7642
T	424 341 77 1056 76 1055 74 68	(وَمِمَّا)
Mx 	95.4881
T	115 492 75 485 1223 74 455 115 466 74 51 74 50	(رَزَقۡنَٰهُمۡ)
Mx 	46.3272
T	74 66 520 75 470 76 471 653 75 790	(یُنفِقُونَ)
Mx 	40.4678
T	1	( )
Set font 	Amiri Quran;20;400;;normal;;LTR
T	1230	(٣)
Mx 	14.8819
T	111	(۝)
Mx 	243.6250
My 	276.4158
Set font 	Amiri Quran;20;400;;normal;;RTL
T	74 691 690 76 1036 341 77 1032 99 74 68	(وَٱلَّذِینَ)
Mx 	196.4539
T	74 66 520 75 455 76 493 115 519 75 449	(یُؤۡمِنُونَ)
Mx 	172.3003
T	118 1269 74 742 76 734	(بِمَاۤ)
Mx 	139.2404
T	74 64 76 538 532 343 36	(أُنزِلَ)
Mx 	104.6181
T	74 486 115 460 74 490 345 38	(إِلَیۡكَ)
Mx 	73.4430
T	118 1269 74 493 74 68	(وَمَاۤ)
Mx 	40.3831
T	74 64 76 538 532 343 36	(أُنزِلَ)
Mx 	14.8819
T	495 76 493	(مِن)
Mx 	251.7012
My 	351.4158
T	74 1151 76 1148 115 453 74 466	(قَبۡلِكَ)
Mx 	181.9715
T	76 42 74 849 76 845 644 74 1225 115 642 427 76 977 74 68	(وَبِٱلۡءَاخِرَةِ)
Mx 	151.5289
T	115 492 75 484	(هُمۡ)
Mx 	100.6956
T	74 66 520 75 455 76 466 520 75 449	(یُوقِنُونَ)
Mx 	94.8362
T	1	( )
Set font 	Amiri Quran;20;400;;normal;;LTR
T	1231	(٤)
Mx 	69.2503
T	111	(۝)
Mx 	14.8819
Set font 	Amiri Quran;20;400;;normal;;RTL
T	74 486 345 81 458 118 1223 74 490 113 68 343 36	(أُو۟لَٰۤئِكَ)
New page
Mx 	261.6426
My 	56.0057
T	98 626 74 625 74 934	(عَلَىٰ)
Mx 	222.8047
T	69 138 462 75 484	(هُدࣰى)
Mx 	197.6387
T	495 76 77 493	(مِّن)
Mx 	161.8184
T	104 115 492 76 1140 76 77 1121 341 77 50	(رَّبِّهِمۡۖ)
Mx 	105.3047
T	74 486 345 81 458 118 1223 74 490 113 68 343 36 74 68	(وَأُو۟لَٰۤئِكَ)
Mx 	80.7344
T	75 492 75 484	(هُمُ)
Mx 	16.4083
T	74 66 520 75 480 76 491 115 471 75 494 115 490 99	(ٱلۡمُفۡلِحُونَ)
Mx 	10.5489
T	1	( )
Set font 	Amiri Quran;20;400;;normal;;LTR
T	1232	(٥)
Mx 	-15.0371
T	111	(۝)
Mx 	266.9454
My 	131.0057
Set font 	Amiri Quran;20;400;;normal;;RTL
T	341 77 66 345 38	(إِنَّ)
Mx 	227.8010
T	74 691 690 76 1036 341 77 1032 99	(ٱلَّذِینَ)
Mx 	179.7797
T	113 40 68 75 500 74 471 74 487	(كَفَرُوا۟)
Mx 	138.5455
T	72 34 118 40 74 520 74 509	(سَوَاۤءٌ)
Mx 	99.1179
T	115 492 76 1140 115 1139 74 491 74 934	(عَلَیۡهِمۡ)
Mx 	36.6434
T	115 492 75 1140 74 1124 115 50 74 582 576 1251 36 74 34	(ءَأَنذَرۡتَهُمۡ)
Mx 	14.8819
T	115 65 1251 36	(أَمۡ)
Mx 	268.3223
My 	206.0057
T	115 1259 74 1086	(لَمۡ)
Mx 	214.5920
T	115 492 75 484 115 50 76 461 653 75 786	(تُنذِرۡهُمۡ)
Mx 	194.6702
T	644 74 642	(لَا)
Mx 	145.8520
T	74 66 520 75 455 76 493 115 519 75 449	(یُؤۡمِنُونَ)
Mx 	139.9927
T	1	( )
Set font 	Amiri Quran;20;400;;normal;;LTR
T	1233	(٦)
Mx 	114.4067
T	111	(۝)
End page
Finish
